Archive member included to satisfy reference by file (symbol)

c:/st/stm32cubeide_1.6.1/stm32cubeide/plugins/com.st.stm32cube.ide.mcu.externaltools.gnu-tools-for-stm32.9-2020-q2-update.win32_1.5.0.202011040924/tools/bin/../lib/gcc/arm-none-eabi/9.3.1/../../../../arm-none-eabi/lib/thumb/v7e-m+fp/hard\libc_nano.a(lib_a-errno.o)
                              Core/Src/syscalls.o (__errno)
c:/st/stm32cubeide_1.6.1/stm32cubeide/plugins/com.st.stm32cube.ide.mcu.externaltools.gnu-tools-for-stm32.9-2020-q2-update.win32_1.5.0.202011040924/tools/bin/../lib/gcc/arm-none-eabi/9.3.1/../../../../arm-none-eabi/lib/thumb/v7e-m+fp/hard\libc_nano.a(lib_a-exit.o)
                              c:/st/stm32cubeide_1.6.1/stm32cubeide/plugins/com.st.stm32cube.ide.mcu.externaltools.gnu-tools-for-stm32.9-2020-q2-update.win32_1.5.0.202011040924/tools/bin/../lib/gcc/arm-none-eabi/9.3.1/../../../../arm-none-eabi/lib/thumb/v7e-m+fp/hard/crt0.o (exit)
c:/st/stm32cubeide_1.6.1/stm32cubeide/plugins/com.st.stm32cube.ide.mcu.externaltools.gnu-tools-for-stm32.9-2020-q2-update.win32_1.5.0.202011040924/tools/bin/../lib/gcc/arm-none-eabi/9.3.1/../../../../arm-none-eabi/lib/thumb/v7e-m+fp/hard\libc_nano.a(lib_a-impure.o)
                              c:/st/stm32cubeide_1.6.1/stm32cubeide/plugins/com.st.stm32cube.ide.mcu.externaltools.gnu-tools-for-stm32.9-2020-q2-update.win32_1.5.0.202011040924/tools/bin/../lib/gcc/arm-none-eabi/9.3.1/../../../../arm-none-eabi/lib/thumb/v7e-m+fp/hard\libc_nano.a(lib_a-exit.o) (_global_impure_ptr)
c:/st/stm32cubeide_1.6.1/stm32cubeide/plugins/com.st.stm32cube.ide.mcu.externaltools.gnu-tools-for-stm32.9-2020-q2-update.win32_1.5.0.202011040924/tools/bin/../lib/gcc/arm-none-eabi/9.3.1/../../../../arm-none-eabi/lib/thumb/v7e-m+fp/hard\libc_nano.a(lib_a-init.o)
                              c:/st/stm32cubeide_1.6.1/stm32cubeide/plugins/com.st.stm32cube.ide.mcu.externaltools.gnu-tools-for-stm32.9-2020-q2-update.win32_1.5.0.202011040924/tools/bin/../lib/gcc/arm-none-eabi/9.3.1/../../../../arm-none-eabi/lib/thumb/v7e-m+fp/hard/crt0.o (__libc_init_array)
c:/st/stm32cubeide_1.6.1/stm32cubeide/plugins/com.st.stm32cube.ide.mcu.externaltools.gnu-tools-for-stm32.9-2020-q2-update.win32_1.5.0.202011040924/tools/bin/../lib/gcc/arm-none-eabi/9.3.1/../../../../arm-none-eabi/lib/thumb/v7e-m+fp/hard\libc_nano.a(lib_a-memcpy-stub.o)
                              common/ThirdParty/FreeRTOS/queue.o (memcpy)
c:/st/stm32cubeide_1.6.1/stm32cubeide/plugins/com.st.stm32cube.ide.mcu.externaltools.gnu-tools-for-stm32.9-2020-q2-update.win32_1.5.0.202011040924/tools/bin/../lib/gcc/arm-none-eabi/9.3.1/../../../../arm-none-eabi/lib/thumb/v7e-m+fp/hard\libc_nano.a(lib_a-memset.o)
                              c:/st/stm32cubeide_1.6.1/stm32cubeide/plugins/com.st.stm32cube.ide.mcu.externaltools.gnu-tools-for-stm32.9-2020-q2-update.win32_1.5.0.202011040924/tools/bin/../lib/gcc/arm-none-eabi/9.3.1/../../../../arm-none-eabi/lib/thumb/v7e-m+fp/hard/crt0.o (memset)
c:/st/stm32cubeide_1.6.1/stm32cubeide/plugins/com.st.stm32cube.ide.mcu.externaltools.gnu-tools-for-stm32.9-2020-q2-update.win32_1.5.0.202011040924/tools/bin/../lib/gcc/arm-none-eabi/9.3.1/../../../../arm-none-eabi/lib/thumb/v7e-m+fp/hard\libc_nano.a(lib_a-printf.o)
                              Core/Src/rtc.o (printf)
c:/st/stm32cubeide_1.6.1/stm32cubeide/plugins/com.st.stm32cube.ide.mcu.externaltools.gnu-tools-for-stm32.9-2020-q2-update.win32_1.5.0.202011040924/tools/bin/../lib/gcc/arm-none-eabi/9.3.1/../../../../arm-none-eabi/lib/thumb/v7e-m+fp/hard\libc_nano.a(lib_a-sprintf.o)
                              Core/Src/rtc.o (sprintf)
c:/st/stm32cubeide_1.6.1/stm32cubeide/plugins/com.st.stm32cube.ide.mcu.externaltools.gnu-tools-for-stm32.9-2020-q2-update.win32_1.5.0.202011040924/tools/bin/../lib/gcc/arm-none-eabi/9.3.1/../../../../arm-none-eabi/lib/thumb/v7e-m+fp/hard\libc_nano.a(lib_a-strcmp.o)
                              Core/Src/task_handler.o (strcmp)
c:/st/stm32cubeide_1.6.1/stm32cubeide/plugins/com.st.stm32cube.ide.mcu.externaltools.gnu-tools-for-stm32.9-2020-q2-update.win32_1.5.0.202011040924/tools/bin/../lib/gcc/arm-none-eabi/9.3.1/../../../../arm-none-eabi/lib/thumb/v7e-m+fp/hard\libc_nano.a(lib_a-strlen.o)
                              Core/Src/task_handler.o (strlen)
c:/st/stm32cubeide_1.6.1/stm32cubeide/plugins/com.st.stm32cube.ide.mcu.externaltools.gnu-tools-for-stm32.9-2020-q2-update.win32_1.5.0.202011040924/tools/bin/../lib/gcc/arm-none-eabi/9.3.1/../../../../arm-none-eabi/lib/thumb/v7e-m+fp/hard\libc_nano.a(lib_a-findfp.o)
                              c:/st/stm32cubeide_1.6.1/stm32cubeide/plugins/com.st.stm32cube.ide.mcu.externaltools.gnu-tools-for-stm32.9-2020-q2-update.win32_1.5.0.202011040924/tools/bin/../lib/gcc/arm-none-eabi/9.3.1/../../../../arm-none-eabi/lib/thumb/v7e-m+fp/hard\libc_nano.a(lib_a-printf.o) (__sinit)
[...]
Memory Configuration

Name             Origin             Length             Attributes
CCMRAM           0x0000000010000000 0x0000000000010000 xrw
RAM              0x0000000020000000 0x0000000000020000 xrw
FLASH            0x0000000008000000 0x0000000000100000 xr
*default*        0x0000000000000000 0xffffffffffffffff

Linker script and memory map

LOAD c:/st/stm32cubeide_1.6.1/stm32cubeide/plugins/com.st.stm32cube.ide.mcu.externaltools.gnu-tools-for-stm32.9-2020-q2-update.win32_1.5.0.202011040924/tools/bin/../lib/gcc/arm-none-eabi/9.3.1/thumb/v7e-m+fp/hard/crti.o
LOAD c:/st/stm32cubeide_1.6.1/stm32cubeide/plugins/com.st.stm32cube.ide.mcu.externaltools.gnu-tools-for-stm32.9-2020-q2-update.win32_1.5.0.202011040924/tools/bin/../lib/gcc/arm-none-eabi/9.3.1/thumb/v7e-m+fp/hard/crtbegin.o
LOAD c:/st/stm32cubeide_1.6.1/stm32cubeide/plugins/com.st.stm32cube.ide.mcu.externaltools.gnu-tools-for-stm32.9-2020-q2-update.win32_1.5.0.202011040924/tools/bin/../lib/gcc/arm-none-eabi/9.3.1/../../../../arm-none-eabi/lib/thumb/v7e-m+fp/hard/crt0.o
LOAD Core/Src/led_effect.o
LOAD Core/Src/main.o
LOAD Core/Src/rtc.o
LOAD Core/Src/stm32f4xx_hal_msp.o
LOAD Core/Src/stm32f4xx_hal_timebase_tim.o
LOAD Core/Src/stm32f4xx_it.o
LOAD Core/Src/syscalls.o
LOAD Core/Src/sysmem.o
LOAD Core/Src/system_stm32f4xx.o
LOAD Core/Src/task_handler.o
LOAD Core/Startup/startup_stm32f407vgtx.o
LOAD Drivers/STM32F4xx_HAL_Driver/Src/stm32f4xx_hal.o
LOAD Drivers/STM32F4xx_HAL_Driver/Src/stm32f4xx_hal_cortex.o
LOAD Drivers/STM32F4xx_HAL_Driver/Src/stm32f4xx_hal_dma.o
LOAD Drivers/STM32F4xx_HAL_Driver/Src/stm32f4xx_hal_dma_ex.o
LOAD Drivers/STM32F4xx_HAL_Driver/Src/stm32f4xx_hal_exti.o
LOAD Drivers/STM32F4xx_HAL_Driver/Src/stm32f4xx_hal_flash.o
LOAD Drivers/STM32F4xx_HAL_Driver/Src/stm32f4xx_hal_flash_ex.o
LOAD Drivers/STM32F4xx_HAL_Driver/Src/stm32f4xx_hal_flash_ramfunc.o
LOAD Drivers/STM32F4xx_HAL_Driver/Src/stm32f4xx_hal_gpio.o
LOAD Drivers/STM32F4xx_HAL_Driver/Src/stm32f4xx_hal_pwr.o
LOAD Drivers/STM32F4xx_HAL_Driver/Src/stm32f4xx_hal_pwr_ex.o
LOAD Drivers/STM32F4xx_HAL_Driver/Src/stm32f4xx_hal_rcc.o
LOAD Drivers/STM32F4xx_HAL_Driver/Src/stm32f4xx_hal_rcc_ex.o
LOAD Drivers/STM32F4xx_HAL_Driver/Src/stm32f4xx_hal_rtc.o
LOAD Drivers/STM32F4xx_HAL_Driver/Src/stm32f4xx_hal_rtc_ex.o
LOAD Drivers/STM32F4xx_HAL_Driver/Src/stm32f4xx_hal_tim.o
LOAD Drivers/STM32F4xx_HAL_Driver/Src/stm32f4xx_hal_tim_ex.o
LOAD Drivers/STM32F4xx_HAL_Driver/Src/stm32f4xx_hal_uart.o
LOAD common/ThirdParty/FreeRTOS/croutine.o
LOAD common/ThirdParty/FreeRTOS/event_groups.o
LOAD common/ThirdParty/FreeRTOS/list.o
LOAD common/ThirdParty/FreeRTOS/queue.o
LOAD common/ThirdParty/FreeRTOS/stream_buffer.o
LOAD common/ThirdParty/FreeRTOS/tasks.o
LOAD common/ThirdParty/FreeRTOS/timers.o
LOAD common/ThirdParty/FreeRTOS/portable/GCC/ARM_CM4F/port.o
LOAD common/ThirdParty/FreeRTOS/portable/MemMang/heap_4.o
START GROUP
LOAD c:/st/stm32cubeide_1.6.1/stm32cubeide/plugins/com.st.stm32cube.ide.mcu.externaltools.gnu-tools-for-stm32.9-2020-q2-update.win32_1.5.0.202011040924/tools/bin/../lib/gcc/arm-none-eabi/9.3.1/../../../../arm-none-eabi/lib/thumb/v7e-m+fp/hard\libc_nano.a
LOAD c:/st/stm32cubeide_1.6.1/stm32cubeide/plugins/com.st.stm32cube.ide.mcu.externaltools.gnu-tools-for-stm32.9-2020-q2-update.win32_1.5.0.202011040924/tools/bin/../lib/gcc/arm-none-eabi/9.3.1/../../../../arm-none-eabi/lib/thumb/v7e-m+fp/hard\libm.a
END GROUP
START GROUP
LOAD c:/st/stm32cubeide_1.6.1/stm32cubeide/plugins/com.st.stm32cube.ide.mcu.externaltools.gnu-tools-for-stm32.9-2020-q2-update.win32_1.5.0.202011040924/tools/bin/../lib/gcc/arm-none-eabi/9.3.1/thumb/v7e-m+fp/hard\libgcc.a
LOAD c:/st/stm32cubeide_1.6.1/stm32cubeide/plugins/com.st.stm32cube.ide.mcu.externaltools.gnu-tools-for-stm32.9-2020-q2-update.win32_1.5.0.202011040924/tools/bin/../lib/gcc/arm-none-eabi/9.3.1/../../../../arm-none-eabi/lib/thumb/v7e-m+fp/hard\libc_nano.a
END GROUP
START GROUP
LOAD c:/st/stm32cubeide_1.6.1/stm32cubeide/plugins/com.st.stm32cube.ide.mcu.externaltools.gnu-tools-for-stm32.9-2020-q2-update.win32_1.5.0.202011040924/tools/bin/../lib/gcc/arm-none-eabi/9.3.1/thumb/v7e-m+fp/hard\libgcc.a
LOAD c:/st/stm32cubeide_1.6.1/stm32cubeide/plugins/com.st.stm32cube.ide.mcu.externaltools.gnu-tools-for-stm32.9-2020-q2-update.win32_1.5.0.202011040924/tools/bin/../lib/gcc/arm-none-eabi/9.3.1/../../../../arm-none-eabi/lib/thumb/v7e-m+fp/hard\libc_nano.a
LOAD c:/st/stm32cubeide_1.6.1/stm32cubeide/plugins/com.st.stm32cube.ide.mcu.externaltools.gnu-tools-for-stm32.9-2020-q2-update.win32_1.5.0.202011040924/tools/bin/../lib/gcc/arm-none-eabi/9.3.1/../../../../arm-none-eabi/lib/thumb/v7e-m+fp/hard\libnosys.a
END GROUP
START GROUP
LOAD c:/st/stm32cubeide_1.6.1/stm32cubeide/plugins/com.st.stm32cube.ide.mcu.externaltools.gnu-tools-for-stm32.9-2020-q2-update.win32_1.5.0.202011040924/tools/bin/../lib/gcc/arm-none-eabi/9.3.1/thumb/v7e-m+fp/hard\libgcc.a
LOAD c:/st/stm32cubeide_1.6.1/stm32cubeide/plugins/com.st.stm32cube.ide.mcu.externaltools.gnu-tools-for-stm32.9-2020-q2-update.win32_1.5.0.202011040924/tools/bin/../lib/gcc/arm-none-eabi/9.3.1/../../../../arm-none-eabi/lib/thumb/v7e-m+fp/hard\libc_nano.a
LOAD c:/st/stm32cubeide_1.6.1/stm32cubeide/plugins/com.st.stm32cube.ide.mcu.externaltools.gnu-tools-for-stm32.9-2020-q2-update.win32_1.5.0.202011040924/tools/bin/../lib/gcc/arm-none-eabi/9.3.1/../../../../arm-none-eabi/lib/thumb/v7e-m+fp/hard\libnosys.a
END GROUP
LOAD c:/st/stm32cubeide_1.6.1/stm32cubeide/plugins/com.st.stm32cube.ide.mcu.externaltools.gnu-tools-for-stm32.9-2020-q2-update.win32_1.5.0.202011040924/tools/bin/../lib/gcc/arm-none-eabi/9.3.1/thumb/v7e-m+fp/hard/crtend.o
LOAD c:/st/stm32cubeide_1.6.1/stm32cubeide/plugins/com.st.stm32cube.ide.mcu.externaltools.gnu-tools-for-stm32.9-2020-q2-update.win32_1.5.0.202011040924/tools/bin/../lib/gcc/arm-none-eabi/9.3.1/thumb/v7e-m+fp/hard/crtn.o
                0x0000000020020000                _estack = (ORIGIN (RAM) + LENGTH (RAM))
                0x0000000000000200                _Min_Heap_Size = 0x200
                0x0000000000000400                _Min_Stack_Size = 0x400

.isr_vector     0x0000000008000000      0x188
                0x0000000008000000                . = ALIGN (0x4)
 *(.isr_vector)
 .isr_vector    0x0000000008000000      0x188 Core/Startup/startup_stm32f407vgtx.o
                0x0000000008000000                g_pfnVectors
                0x0000000008000188                . = ALIGN (0x4)

.text           0x0000000008000190     0x8aa4
                0x0000000008000190                . = ALIGN (0x4)
 *(.text)
 .text          0x0000000008000190       0x40 c:/st/stm32cubeide_1.6.1/stm32cubeide/plugins/com.st.stm32cube.ide.mcu.externaltools.gnu-tools-for-stm32.9-2020-q2-update.win32_1.5.0.202011040924/tools/bin/../lib/gcc/arm-none-eabi/9.3.1/thumb/v7e-m+fp/hard/crtbegin.o
 .text          0x00000000080001d0       0x14 c:/st/stm32cubeide_1.6.1/stm32cubeide/plugins/com.st.stm32cube.ide.mcu.externaltools.gnu-tools-for-stm32.9-2020-q2-update.win32_1.5.0.202011040924/tools/bin/../lib/gcc/arm-none-eabi/9.3.1/../../../../arm-none-eabi/lib/thumb/v7e-m+fp/hard\libc_nano.a(lib_a-strcmp.o)
                0x00000000080001d0                strcmp
 .text          0x00000000080001e4       0x10 c:/st/stm32cubeide_1.6.1/stm32cubeide/plugins/com.st.stm32cube.ide.mcu.externaltools.gnu-tools-for-stm32.9-2020-q2-update.win32_1.5.0.202011040924/tools/bin/../lib/gcc/arm-none-eabi/9.3.1/../../../../arm-none-eabi/lib/thumb/v7e-m+fp/hard\libc_nano.a(lib_a-strlen.o)
                0x00000000080001e4                strlen
 *fill*         0x00000000080001f4        0xc 
 .text          0x0000000008000200       0xa0 c:/st/stm32cubeide_1.6.1/stm32cubeide/plugins/com.st.stm32cube.ide.mcu.externaltools.gnu-tools-for-stm32.9-2020-q2-update.win32_1.5.0.202011040924/tools/bin/../lib/gcc/arm-none-eabi/9.3.1/../../../../arm-none-eabi/lib/thumb/v7e-m+fp/hard\libc_nano.a(lib_a-memchr.o)
                0x0000000008000200                memchr
 .text          0x00000000080002a0       0x30 c:/st/stm32cubeide_1.6.1/stm32cubeide/plugins/com.st.stm32cube.ide.mcu.externaltools.gnu-tools-for-stm32.9-2020-q2-update.win32_1.5.0.202011040924/tools/bin/../lib/gcc/arm-none-eabi/9.3.1/thumb/v7e-m+fp/hard\libgcc.a(_aeabi_uldivmod.o)
                0x00000000080002a0                __aeabi_uldivmod
 .text          0x00000000080002d0      0x2c4 c:/st/stm32cubeide_1.6.1/stm32cubeide/plugins/com.st.stm32cube.ide.mcu.externaltools.gnu-tools-for-stm32.9-2020-q2-update.win32_1.5.0.202011040924/tools/bin/../lib/gcc/arm-none-eabi/9.3.1/thumb/v7e-m+fp/hard\libgcc.a(_udivmoddi4.o)
                0x00000000080002d0                __udivmoddi4
 .text          0x0000000008000594        0x4 c:/st/stm32cubeide_1.6.1/stm32cubeide/plugins/com.st.stm32cube.ide.mcu.externaltools.gnu-tools-for-stm32.9-2020-q2-update.win32_1.5.0.202011040924/tools/bin/../lib/gcc/arm-none-eabi/9.3.1/thumb/v7e-m+fp/hard\libgcc.a(_dvmd_tls.o)
                0x0000000008000594                __aeabi_idiv0
                0x0000000008000594                __aeabi_ldiv0
 *(.text*)
 .text.led_effect_stop
                0x0000000008000598       0x40 Core/Src/led_effect.o
                0x0000000008000598                led_effect_stop
 .text.led_effect
                0x00000000080005d8       0x38 Core/Src/led_effect.o
                0x00000000080005d8                led_effect
 .text.turn_off_all_leds
                0x0000000008000610       0x3c Core/Src/led_effect.o
                0x0000000008000610                turn_off_all_leds
 .text.turn_on_all_leds
                0x000000000800064c       0x3c Core/Src/led_effect.o
                0x000000000800064c                turn_on_all_leds
 .text.turn_on_odd_leds
                0x0000000008000688       0x3c Core/Src/led_effect.o
                0x0000000008000688                turn_on_odd_leds
 .text.turn_on_even_leds
                0x00000000080006c4       0x3c Core/Src/led_effect.o
                0x00000000080006c4                turn_on_even_leds
 .text.LED_control
                0x0000000008000700       0x4c Core/Src/led_effect.o
                0x0000000008000700                LED_control
 .text.LED_effect1
                0x000000000800074c       0x2c Core/Src/led_effect.o
                0x000000000800074c                LED_effect1
 .text.LED_effect2
                0x0000000008000778       0x2c Core/Src/led_effect.o
                0x0000000008000778                LED_effect2
 .text.LED_effect3
                0x00000000080007a4       0x30 Core/Src/led_effect.o
                0x00000000080007a4                LED_effect3
 .text.LED_effect4
                0x00000000080007d4       0x30 Core/Src/led_effect.o
                0x00000000080007d4                LED_effect4
 .text.main     0x0000000008000804      0x230 Core/Src/main.o
                0x0000000008000804                main
 .text.SystemClock_Config
                0x0000000008000a34      0x104 Core/Src/main.o
                0x0000000008000a34                SystemClock_Config
 .text.MX_RTC_Init
                0x0000000008000b38       0x4c Core/Src/main.o
 .text.MX_USART2_UART_Init
                0x0000000008000b84       0x54 Core/Src/main.o
 .text.MX_GPIO_Init
                0x0000000008000bd8      0x2bc Core/Src/main.o
 .text.rtc_report_callback
                0x0000000008000e94       0x14 Core/Src/main.o
                0x0000000008000e94                rtc_report_callback
 .text.led_effect_callback
                0x0000000008000ea8       0x50 Core/Src/main.o
                0x0000000008000ea8                led_effect_callback
 .text.HAL_UART_RxCpltCallback
                0x0000000008000ef8       0xa8 Core/Src/main.o
                0x0000000008000ef8                HAL_UART_RxCpltCallback
 .text.HAL_TIM_PeriodElapsedCallback
                0x0000000008000fa0       0x24 Core/Src/main.o
                0x0000000008000fa0                HAL_TIM_PeriodElapsedCallback
 .text.Error_Handler
                0x0000000008000fc4        0xa Core/Src/main.o
                0x0000000008000fc4                Error_Handler
 *fill*         0x0000000008000fce        0x2 
 .text.show_time_date_itm
                0x0000000008000fd0       0x90 Core/Src/rtc.o
                0x0000000008000fd0                show_time_date_itm
 .text.show_time_date
                0x0000000008001060       0xd8 Core/Src/rtc.o
                0x0000000008001060                show_time_date
 .text.rtc_configure_time
                0x0000000008001138       0x30 Core/Src/rtc.o
                0x0000000008001138                rtc_configure_time
 .text.rtc_configure_date
                0x0000000008001168       0x20 Core/Src/rtc.o
                0x0000000008001168                rtc_configure_date
 .text.validate_rtc_information
                0x0000000008001188       0x64 Core/Src/rtc.o
                0x0000000008001188                validate_rtc_information
 .text.HAL_MspInit
                0x00000000080011ec       0x50 Core/Src/stm32f4xx_hal_msp.o
                0x00000000080011ec                HAL_MspInit
 .text.HAL_RTC_MspInit
                0x000000000800123c       0x2c Core/Src/stm32f4xx_hal_msp.o
                0x000000000800123c                HAL_RTC_MspInit
 .text.HAL_UART_MspInit
                0x0000000008001268       0xa0 Core/Src/stm32f4xx_hal_msp.o
                0x0000000008001268                HAL_UART_MspInit
 .text.HAL_InitTick
                0x0000000008001308       0xb4 Core/Src/stm32f4xx_hal_timebase_tim.o
                0x0000000008001308                HAL_InitTick
 .text.NMI_Handler
                0x00000000080013bc        0x6 Core/Src/stm32f4xx_it.o
                0x00000000080013bc                NMI_Handler
 .text.HardFault_Handler
                0x00000000080013c2        0x6 Core/Src/stm32f4xx_it.o
                0x00000000080013c2                HardFault_Handler
 .text.MemManage_Handler
                0x00000000080013c8        0x6 Core/Src/stm32f4xx_it.o
                0x00000000080013c8                MemManage_Handler
 .text.BusFault_Handler
                0x00000000080013ce        0x6 Core/Src/stm32f4xx_it.o
                0x00000000080013ce                BusFault_Handler
 .text.UsageFault_Handler
                0x00000000080013d4        0x6 Core/Src/stm32f4xx_it.o
                0x00000000080013d4                UsageFault_Handler
 .text.DebugMon_Handler
                0x00000000080013da        0xe Core/Src/stm32f4xx_it.o
                0x00000000080013da                DebugMon_Handler
 .text.USART2_IRQHandler
                0x00000000080013e8       0x14 Core/Src/stm32f4xx_it.o
                0x00000000080013e8                USART2_IRQHandler
 .text.TIM6_DAC_IRQHandler
                0x00000000080013fc       0x14 Core/Src/stm32f4xx_it.o
                0x00000000080013fc                TIM6_DAC_IRQHandler
 .text._read    0x0000000008001410       0x3a Core/Src/syscalls.o
                0x0000000008001410                _read
 .text._write   0x000000000800144a       0x38 Core/Src/syscalls.o
                0x000000000800144a                _write
 .text._close   0x0000000008001482       0x18 Core/Src/syscalls.o
                0x0000000008001482                _close
 .text._fstat   0x000000000800149a       0x20 Core/Src/syscalls.o
                0x000000000800149a                _fstat
 .text._isatty  0x00000000080014ba       0x16 Core/Src/syscalls.o
                0x00000000080014ba                _isatty
 .text._lseek   0x00000000080014d0       0x1a Core/Src/syscalls.o
                0x00000000080014d0                _lseek
 *fill*         0x00000000080014ea        0x2 
 .text._sbrk    0x00000000080014ec       0x6c Core/Src/sysmem.o
                0x00000000080014ec                _sbrk
 .text.SystemInit
                0x0000000008001558       0x24 Core/Src/system_stm32f4xx.o
                0x0000000008001558                SystemInit
 .text.menu_task
                0x000000000800157c       0xe8 Core/Src/task_handler.o
                0x000000000800157c                menu_task
 .text.led_task
                0x0000000008001664      0x12c Core/Src/task_handler.o
                0x0000000008001664                led_task
 .text.getnumber
                0x0000000008001790       0x48 Core/Src/task_handler.o
                0x0000000008001790                getnumber
 .text.rtc_task
                0x00000000080017d8      0x46c Core/Src/task_handler.o
                0x00000000080017d8                rtc_task
 .text.print_task
                0x0000000008001c44       0x40 Core/Src/task_handler.o
                0x0000000008001c44                print_task
 .text.cmd_handler_task
                0x0000000008001c84       0x2e Core/Src/task_handler.o
                0x0000000008001c84                cmd_handler_task
 *fill*         0x0000000008001cb2        0x2 
 .text.process_command
                0x0000000008001cb4       0x78 Core/Src/task_handler.o
                0x0000000008001cb4                process_command
 .text.extract_command
                0x0000000008001d2c       0x74 Core/Src/task_handler.o
                0x0000000008001d2c                extract_command
 .text.Reset_Handler
                0x0000000008001da0       0x50 Core/Startup/startup_stm32f407vgtx.o
                0x0000000008001da0                Reset_Handler
 .text.Default_Handler
                0x0000000008001df0        0x2 Core/Startup/startup_stm32f407vgtx.o
                0x0000000008001df0                RTC_Alarm_IRQHandler
                0x0000000008001df0                HASH_RNG_IRQHandler
                0x0000000008001df0                EXTI2_IRQHandler
                0x0000000008001df0                TIM8_CC_IRQHandler
                0x0000000008001df0                TIM1_CC_IRQHandler
                0x0000000008001df0                DMA2_Stream5_IRQHandler
                0x0000000008001df0                DMA1_Stream5_IRQHandler
                0x0000000008001df0                PVD_IRQHandler
                0x0000000008001df0                SDIO_IRQHandler
                0x0000000008001df0                TAMP_STAMP_IRQHandler
                0x0000000008001df0                CAN2_RX1_IRQHandler
                0x0000000008001df0                EXTI3_IRQHandler
                0x0000000008001df0                TIM8_TRG_COM_TIM14_IRQHandler
                0x0000000008001df0                TIM1_UP_TIM10_IRQHandler
                0x0000000008001df0                TIM8_UP_TIM13_IRQHandler
                0x0000000008001df0                I2C3_ER_IRQHandler
                0x0000000008001df0                EXTI0_IRQHandler
                0x0000000008001df0                I2C2_EV_IRQHandler
                0x0000000008001df0                DMA1_Stream2_IRQHandler
                0x0000000008001df0                CAN1_RX0_IRQHandler
                0x0000000008001df0                FPU_IRQHandler
                0x0000000008001df0                OTG_HS_WKUP_IRQHandler
                0x0000000008001df0                CAN2_SCE_IRQHandler
                0x0000000008001df0                DMA2_Stream2_IRQHandler
                0x0000000008001df0                SPI1_IRQHandler
                0x0000000008001df0                TIM1_BRK_TIM9_IRQHandler
                0x0000000008001df0                DCMI_IRQHandler
                0x0000000008001df0                CAN2_RX0_IRQHandler
                0x0000000008001df0                DMA2_Stream3_IRQHandler
                0x0000000008001df0                USART6_IRQHandler
                0x0000000008001df0                USART3_IRQHandler
                0x0000000008001df0                CAN1_RX1_IRQHandler
                0x0000000008001df0                UART5_IRQHandler
                0x0000000008001df0                DMA2_Stream0_IRQHandler
                0x0000000008001df0                TIM4_IRQHandler
                0x0000000008001df0                I2C1_EV_IRQHandler
                0x0000000008001df0                DMA1_Stream6_IRQHandler
                0x0000000008001df0                DMA1_Stream1_IRQHandler
                0x0000000008001df0                UART4_IRQHandler
                0x0000000008001df0                TIM3_IRQHandler
                0x0000000008001df0                RCC_IRQHandler
                0x0000000008001df0                TIM8_BRK_TIM12_IRQHandler
                0x0000000008001df0                Default_Handler
                0x0000000008001df0                EXTI15_10_IRQHandler
                0x0000000008001df0                ADC_IRQHandler
                0x0000000008001df0                DMA1_Stream7_IRQHandler
                0x0000000008001df0                TIM7_IRQHandler
                0x0000000008001df0                CAN2_TX_IRQHandler
                0x0000000008001df0                TIM5_IRQHandler
                0x0000000008001df0                DMA2_Stream7_IRQHandler
                0x0000000008001df0                I2C3_EV_IRQHandler
                0x0000000008001df0                EXTI9_5_IRQHandler
                0x0000000008001df0                RTC_WKUP_IRQHandler
                0x0000000008001df0                ETH_WKUP_IRQHandler
                0x0000000008001df0                SPI2_IRQHandler
                0x0000000008001df0                OTG_HS_EP1_IN_IRQHandler
                0x0000000008001df0                DMA1_Stream0_IRQHandler
                0x0000000008001df0                CAN1_TX_IRQHandler
                0x0000000008001df0                EXTI4_IRQHandler
                0x0000000008001df0                FSMC_IRQHandler
                0x0000000008001df0                ETH_IRQHandler
                0x0000000008001df0                OTG_HS_EP1_OUT_IRQHandler
                0x0000000008001df0                WWDG_IRQHandler
                0x0000000008001df0                TIM2_IRQHandler
                0x0000000008001df0                OTG_FS_WKUP_IRQHandler
                0x0000000008001df0                TIM1_TRG_COM_TIM11_IRQHandler
                0x0000000008001df0                OTG_HS_IRQHandler
                0x0000000008001df0                EXTI1_IRQHandler
                0x0000000008001df0                I2C2_ER_IRQHandler
                0x0000000008001df0                DMA2_Stream1_IRQHandler
                0x0000000008001df0                CAN1_SCE_IRQHandler
                0x0000000008001df0                FLASH_IRQHandler
                0x0000000008001df0                DMA2_Stream4_IRQHandler
                0x0000000008001df0                USART1_IRQHandler
                0x0000000008001df0                OTG_FS_IRQHandler
                0x0000000008001df0                SPI3_IRQHandler
                0x0000000008001df0                DMA1_Stream4_IRQHandler
                0x0000000008001df0                I2C1_ER_IRQHandler
                0x0000000008001df0                DMA2_Stream6_IRQHandler
                0x0000000008001df0                DMA1_Stream3_IRQHandler
 *fill*         0x0000000008001df2        0x2 
 .text.HAL_Init
                0x0000000008001df4       0x44 Drivers/STM32F4xx_HAL_Driver/Src/stm32f4xx_hal.o
                0x0000000008001df4                HAL_Init
 .text.HAL_IncTick
                0x0000000008001e38       0x28 Drivers/STM32F4xx_HAL_Driver/Src/stm32f4xx_hal.o
                0x0000000008001e38                HAL_IncTick
 .text.HAL_GetTick
                0x0000000008001e60       0x18 Drivers/STM32F4xx_HAL_Driver/Src/stm32f4xx_hal.o
                0x0000000008001e60                HAL_GetTick
 .text.__NVIC_SetPriorityGrouping
                0x0000000008001e78       0x48 Drivers/STM32F4xx_HAL_Driver/Src/stm32f4xx_hal_cortex.o
 .text.__NVIC_GetPriorityGrouping
                0x0000000008001ec0       0x1c Drivers/STM32F4xx_HAL_Driver/Src/stm32f4xx_hal_cortex.o
 .text.__NVIC_EnableIRQ
                0x0000000008001edc       0x3c Drivers/STM32F4xx_HAL_Driver/Src/stm32f4xx_hal_cortex.o
 .text.__NVIC_SetPriority
                0x0000000008001f18       0x54 Drivers/STM32F4xx_HAL_Driver/Src/stm32f4xx_hal_cortex.o
 .text.NVIC_EncodePriority
                0x0000000008001f6c       0x66 Drivers/STM32F4xx_HAL_Driver/Src/stm32f4xx_hal_cortex.o
 .text.HAL_NVIC_SetPriorityGrouping
                0x0000000008001fd2       0x16 Drivers/STM32F4xx_HAL_Driver/Src/stm32f4xx_hal_cortex.o
                0x0000000008001fd2                HAL_NVIC_SetPriorityGrouping
 .text.HAL_NVIC_SetPriority
                0x0000000008001fe8       0x38 Drivers/STM32F4xx_HAL_Driver/Src/stm32f4xx_hal_cortex.o
                0x0000000008001fe8                HAL_NVIC_SetPriority
 .text.HAL_NVIC_EnableIRQ
                0x0000000008002020       0x1c Drivers/STM32F4xx_HAL_Driver/Src/stm32f4xx_hal_cortex.o
                0x0000000008002020                HAL_NVIC_EnableIRQ
 .text.HAL_DMA_Abort
                0x000000000800203c       0xe0 Drivers/STM32F4xx_HAL_Driver/Src/stm32f4xx_hal_dma.o
                0x000000000800203c                HAL_DMA_Abort
 .text.HAL_DMA_Abort_IT
                0x000000000800211c       0x44 Drivers/STM32F4xx_HAL_Driver/Src/stm32f4xx_hal_dma.o
                0x000000000800211c                HAL_DMA_Abort_IT
 .text.HAL_GPIO_Init
                0x0000000008002160      0x338 Drivers/STM32F4xx_HAL_Driver/Src/stm32f4xx_hal_gpio.o
                0x0000000008002160                HAL_GPIO_Init
 .text.HAL_GPIO_WritePin
                0x0000000008002498       0x32 Drivers/STM32F4xx_HAL_Driver/Src/stm32f4xx_hal_gpio.o
                0x0000000008002498                HAL_GPIO_WritePin
 *fill*         0x00000000080024ca        0x2 
 .text.HAL_RCC_OscConfig
                0x00000000080024cc      0x4f0 Drivers/STM32F4xx_HAL_Driver/Src/stm32f4xx_hal_rcc.o
                0x00000000080024cc                HAL_RCC_OscConfig
 .text.HAL_RCC_ClockConfig
                0x00000000080029bc      0x1cc Drivers/STM32F4xx_HAL_Driver/Src/stm32f4xx_hal_rcc.o
                0x00000000080029bc                HAL_RCC_ClockConfig
 .text.HAL_RCC_GetSysClockFreq
                0x0000000008002b88      0x1c4 Drivers/STM32F4xx_HAL_Driver/Src/stm32f4xx_hal_rcc.o
                0x0000000008002b88                HAL_RCC_GetSysClockFreq
 .text.HAL_RCC_GetHCLKFreq
                0x0000000008002d4c       0x18 Drivers/STM32F4xx_HAL_Driver/Src/stm32f4xx_hal_rcc.o
                0x0000000008002d4c                HAL_RCC_GetHCLKFreq
 .text.HAL_RCC_GetPCLK1Freq
                0x0000000008002d64       0x28 Drivers/STM32F4xx_HAL_Driver/Src/stm32f4xx_hal_rcc.o
                0x0000000008002d64                HAL_RCC_GetPCLK1Freq
 .text.HAL_RCC_GetPCLK2Freq
                0x0000000008002d8c       0x28 Drivers/STM32F4xx_HAL_Driver/Src/stm32f4xx_hal_rcc.o
                0x0000000008002d8c                HAL_RCC_GetPCLK2Freq
 .text.HAL_RCC_GetClockConfig
                0x0000000008002db4       0x64 Drivers/STM32F4xx_HAL_Driver/Src/stm32f4xx_hal_rcc.o
                0x0000000008002db4                HAL_RCC_GetClockConfig
 .text.HAL_RCCEx_PeriphCLKConfig
                0x0000000008002e18      0x1c4 Drivers/STM32F4xx_HAL_Driver/Src/stm32f4xx_hal_rcc_ex.o
                0x0000000008002e18                HAL_RCCEx_PeriphCLKConfig
 .text.HAL_RTC_Init
                0x0000000008002fdc      0x122 Drivers/STM32F4xx_HAL_Driver/Src/stm32f4xx_hal_rtc.o
                0x0000000008002fdc                HAL_RTC_Init
 .text.HAL_RTC_SetTime
                0x00000000080030fe      0x17a Drivers/STM32F4xx_HAL_Driver/Src/stm32f4xx_hal_rtc.o
                0x00000000080030fe                HAL_RTC_SetTime
 .text.HAL_RTC_GetTime
                0x0000000008003278       0xbc Drivers/STM32F4xx_HAL_Driver/Src/stm32f4xx_hal_rtc.o
                0x0000000008003278                HAL_RTC_GetTime
 .text.HAL_RTC_SetDate
                0x0000000008003334      0x14e Drivers/STM32F4xx_HAL_Driver/Src/stm32f4xx_hal_rtc.o
                0x0000000008003334                HAL_RTC_SetDate
 .text.HAL_RTC_GetDate
                0x0000000008003482       0x9e Drivers/STM32F4xx_HAL_Driver/Src/stm32f4xx_hal_rtc.o
                0x0000000008003482                HAL_RTC_GetDate
 .text.HAL_RTC_WaitForSynchro
                0x0000000008003520       0x50 Drivers/STM32F4xx_HAL_Driver/Src/stm32f4xx_hal_rtc.o
                0x0000000008003520                HAL_RTC_WaitForSynchro
 .text.RTC_EnterInitMode
                0x0000000008003570       0x58 Drivers/STM32F4xx_HAL_Driver/Src/stm32f4xx_hal_rtc.o
                0x0000000008003570                RTC_EnterInitMode
 .text.RTC_ByteToBcd2
                0x00000000080035c8       0x3c Drivers/STM32F4xx_HAL_Driver/Src/stm32f4xx_hal_rtc.o
                0x00000000080035c8                RTC_ByteToBcd2
 .text.RTC_Bcd2ToByte
                0x0000000008003604       0x3c Drivers/STM32F4xx_HAL_Driver/Src/stm32f4xx_hal_rtc.o
                0x0000000008003604                RTC_Bcd2ToByte
 .text.HAL_TIM_Base_Init
                0x0000000008003640       0x9e Drivers/STM32F4xx_HAL_Driver/Src/stm32f4xx_hal_tim.o
                0x0000000008003640                HAL_TIM_Base_Init
 .text.HAL_TIM_Base_MspInit
                0x00000000080036de       0x14 Drivers/STM32F4xx_HAL_Driver/Src/stm32f4xx_hal_tim.o
                0x00000000080036de                HAL_TIM_Base_MspInit
 *fill*         0x00000000080036f2        0x2 
 .text.HAL_TIM_Base_Start_IT
                0x00000000080036f4       0xe0 Drivers/STM32F4xx_HAL_Driver/Src/stm32f4xx_hal_tim.o
                0x00000000080036f4                HAL_TIM_Base_Start_IT
 .text.HAL_TIM_IRQHandler
                0x00000000080037d4      0x210 Drivers/STM32F4xx_HAL_Driver/Src/stm32f4xx_hal_tim.o
                0x00000000080037d4                HAL_TIM_IRQHandler
 .text.HAL_TIM_OC_DelayElapsedCallback
                0x00000000080039e4       0x14 Drivers/STM32F4xx_HAL_Driver/Src/stm32f4xx_hal_tim.o
                0x00000000080039e4                HAL_TIM_OC_DelayElapsedCallback
 .text.HAL_TIM_IC_CaptureCallback
                0x00000000080039f8       0x14 Drivers/STM32F4xx_HAL_Driver/Src/stm32f4xx_hal_tim.o
                0x00000000080039f8                HAL_TIM_IC_CaptureCallback
 .text.HAL_TIM_PWM_PulseFinishedCallback
                0x0000000008003a0c       0x14 Drivers/STM32F4xx_HAL_Driver/Src/stm32f4xx_hal_tim.o
                0x0000000008003a0c                HAL_TIM_PWM_PulseFinishedCallback
 .text.HAL_TIM_TriggerCallback
                0x0000000008003a20       0x14 Drivers/STM32F4xx_HAL_Driver/Src/stm32f4xx_hal_tim.o
                0x0000000008003a20                HAL_TIM_TriggerCallback
 .text.TIM_Base_SetConfig
                0x0000000008003a34      0x140 Drivers/STM32F4xx_HAL_Driver/Src/stm32f4xx_hal_tim.o
                0x0000000008003a34                TIM_Base_SetConfig
 .text.HAL_TIMEx_CommutCallback
                0x0000000008003b74       0x14 Drivers/STM32F4xx_HAL_Driver/Src/stm32f4xx_hal_tim_ex.o
                0x0000000008003b74                HAL_TIMEx_CommutCallback
 .text.HAL_TIMEx_BreakCallback
                0x0000000008003b88       0x14 Drivers/STM32F4xx_HAL_Driver/Src/stm32f4xx_hal_tim_ex.o
                0x0000000008003b88                HAL_TIMEx_BreakCallback
 .text.HAL_UART_Init
                0x0000000008003b9c       0x9a Drivers/STM32F4xx_HAL_Driver/Src/stm32f4xx_hal_uart.o
                0x0000000008003b9c                HAL_UART_Init
 .text.HAL_UART_Transmit
                0x0000000008003c36      0x124 Drivers/STM32F4xx_HAL_Driver/Src/stm32f4xx_hal_uart.o
                0x0000000008003c36                HAL_UART_Transmit
 .text.HAL_UART_Receive_IT
                0x0000000008003d5a       0x60 Drivers/STM32F4xx_HAL_Driver/Src/stm32f4xx_hal_uart.o
                0x0000000008003d5a                HAL_UART_Receive_IT
 *fill*         0x0000000008003dba        0x2 
 .text.HAL_UART_IRQHandler
                0x0000000008003dbc      0x51c Drivers/STM32F4xx_HAL_Driver/Src/stm32f4xx_hal_uart.o
                0x0000000008003dbc                HAL_UART_IRQHandler
 .text.HAL_UART_TxCpltCallback
                0x00000000080042d8       0x14 Drivers/STM32F4xx_HAL_Driver/Src/stm32f4xx_hal_uart.o
                0x00000000080042d8                HAL_UART_TxCpltCallback
 .text.HAL_UART_ErrorCallback
                0x00000000080042ec       0x14 Drivers/STM32F4xx_HAL_Driver/Src/stm32f4xx_hal_uart.o
                0x00000000080042ec                HAL_UART_ErrorCallback
 .text.HAL_UARTEx_RxEventCallback
                0x0000000008004300       0x18 Drivers/STM32F4xx_HAL_Driver/Src/stm32f4xx_hal_uart.o
                0x0000000008004300                HAL_UARTEx_RxEventCallback
 .text.UART_WaitOnFlagUntilTimeout
                0x0000000008004318       0xdc Drivers/STM32F4xx_HAL_Driver/Src/stm32f4xx_hal_uart.o
 .text.UART_Start_Receive_IT
                0x00000000080043f4       0x74 Drivers/STM32F4xx_HAL_Driver/Src/stm32f4xx_hal_uart.o
                0x00000000080043f4                UART_Start_Receive_IT
 .text.UART_EndRxTransfer
                0x0000000008004468       0xc6 Drivers/STM32F4xx_HAL_Driver/Src/stm32f4xx_hal_uart.o
 .text.UART_DMAAbortOnError
                0x000000000800452e       0x28 Drivers/STM32F4xx_HAL_Driver/Src/stm32f4xx_hal_uart.o
 .text.UART_Transmit_IT
                0x0000000008004556       0xa0 Drivers/STM32F4xx_HAL_Driver/Src/stm32f4xx_hal_uart.o
 .text.UART_EndTransmit_IT
                0x00000000080045f6       0x30 Drivers/STM32F4xx_HAL_Driver/Src/stm32f4xx_hal_uart.o
 .text.UART_Receive_IT
                0x0000000008004626      0x176 Drivers/STM32F4xx_HAL_Driver/Src/stm32f4xx_hal_uart.o
 .text.UART_SetConfig
                0x000000000800479c      0x390 Drivers/STM32F4xx_HAL_Driver/Src/stm32f4xx_hal_uart.o
 .text.vListInitialise
                0x0000000008004b2c       0x40 common/ThirdParty/FreeRTOS/list.o
                0x0000000008004b2c                vListInitialise
 .text.vListInitialiseItem
                0x0000000008004b6c       0x1a common/ThirdParty/FreeRTOS/list.o
                0x0000000008004b6c                vListInitialiseItem
 .text.vListInsertEnd
                0x0000000008004b86       0x48 common/ThirdParty/FreeRTOS/list.o
                0x0000000008004b86                vListInsertEnd
 .text.vListInsert
                0x0000000008004bce       0x72 common/ThirdParty/FreeRTOS/list.o
                0x0000000008004bce                vListInsert
 .text.uxListRemove
                0x0000000008004c40       0x54 common/ThirdParty/FreeRTOS/list.o
                0x0000000008004c40                uxListRemove
 .text.xQueueGenericReset
                0x0000000008004c94       0xd0 common/ThirdParty/FreeRTOS/queue.o
                0x0000000008004c94                xQueueGenericReset
 .text.xQueueGenericCreate
                0x0000000008004d64       0xbe common/ThirdParty/FreeRTOS/queue.o
                0x0000000008004d64                xQueueGenericCreate
 .text.prvInitialiseNewQueue
                0x0000000008004e22       0x46 common/ThirdParty/FreeRTOS/queue.o
 .text.xQueueGenericSend
                0x0000000008004e68      0x1fc common/ThirdParty/FreeRTOS/queue.o
                0x0000000008004e68                xQueueGenericSend
 .text.xQueueGenericSendFromISR
                0x0000000008005064      0x154 common/ThirdParty/FreeRTOS/queue.o
                0x0000000008005064                xQueueGenericSendFromISR
 .text.xQueueReceive
                0x00000000080051b8      0x1c0 common/ThirdParty/FreeRTOS/queue.o
                0x00000000080051b8                xQueueReceive
 .text.xQueueReceiveFromISR
                0x0000000008005378      0x11e common/ThirdParty/FreeRTOS/queue.o
                0x0000000008005378                xQueueReceiveFromISR
 .text.uxQueueMessagesWaiting
                0x0000000008005496       0x3c common/ThirdParty/FreeRTOS/queue.o
                0x0000000008005496                uxQueueMessagesWaiting
 .text.prvCopyDataToQueue
                0x00000000080054d2       0xd4 common/ThirdParty/FreeRTOS/queue.o
 .text.prvCopyDataFromQueue
                0x00000000080055a6       0x4c common/ThirdParty/FreeRTOS/queue.o
 .text.prvUnlockQueue
                0x00000000080055f2       0xa4 common/ThirdParty/FreeRTOS/queue.o
 .text.prvIsQueueEmpty
                0x0000000008005696       0x2c common/ThirdParty/FreeRTOS/queue.o
 .text.prvIsQueueFull
                0x00000000080056c2       0x30 common/ThirdParty/FreeRTOS/queue.o
 .text.xQueueIsQueueFullFromISR
                0x00000000080056f2       0x4c common/ThirdParty/FreeRTOS/queue.o
                0x00000000080056f2                xQueueIsQueueFullFromISR
 *fill*         0x000000000800573e        0x2 
 .text.vQueueAddToRegistry
                0x0000000008005740       0x54 common/ThirdParty/FreeRTOS/queue.o
                0x0000000008005740                vQueueAddToRegistry
 .text.vQueueWaitForMessageRestricted
                0x0000000008005794       0x68 common/ThirdParty/FreeRTOS/queue.o
                0x0000000008005794                vQueueWaitForMessageRestricted
 .text.xTaskCreate
                0x00000000080057fc       0x82 common/ThirdParty/FreeRTOS/tasks.o
                0x00000000080057fc                xTaskCreate
 .text.prvInitialiseNewTask
                0x000000000800587e      0x12c common/ThirdParty/FreeRTOS/tasks.o
 *fill*         0x00000000080059aa        0x2 
 .text.prvAddNewTaskToReadyList
                0x00000000080059ac       0xdc common/ThirdParty/FreeRTOS/tasks.o
 .text.vTaskStartScheduler
                0x0000000008005a88       0xa4 common/ThirdParty/FreeRTOS/tasks.o
                0x0000000008005a88                vTaskStartScheduler
 .text.vTaskSuspendAll
                0x0000000008005b2c       0x1c common/ThirdParty/FreeRTOS/tasks.o
                0x0000000008005b2c                vTaskSuspendAll
 .text.xTaskResumeAll
                0x0000000008005b48      0x138 common/ThirdParty/FreeRTOS/tasks.o
                0x0000000008005b48                xTaskResumeAll
 .text.xTaskGetTickCount
                0x0000000008005c80       0x20 common/ThirdParty/FreeRTOS/tasks.o
                0x0000000008005c80                xTaskGetTickCount
 .text.xTaskIncrementTick
                0x0000000008005ca0      0x170 common/ThirdParty/FreeRTOS/tasks.o
                0x0000000008005ca0                xTaskIncrementTick
 .text.vTaskSwitchContext
                0x0000000008005e10       0xb8 common/ThirdParty/FreeRTOS/tasks.o
                0x0000000008005e10                vTaskSwitchContext
 .text.vTaskPlaceOnEventList
                0x0000000008005ec8       0x48 common/ThirdParty/FreeRTOS/tasks.o
                0x0000000008005ec8                vTaskPlaceOnEventList
 .text.vTaskPlaceOnEventListRestricted
                0x0000000008005f10       0x58 common/ThirdParty/FreeRTOS/tasks.o
                0x0000000008005f10                vTaskPlaceOnEventListRestricted
 .text.xTaskRemoveFromEventList
                0x0000000008005f68       0xc4 common/ThirdParty/FreeRTOS/tasks.o
                0x0000000008005f68                xTaskRemoveFromEventList
 .text.vTaskInternalSetTimeOutState
                0x000000000800602c       0x2c common/ThirdParty/FreeRTOS/tasks.o
                0x000000000800602c                vTaskInternalSetTimeOutState
 .text.xTaskCheckForTimeOut
                0x0000000008006058       0xcc common/ThirdParty/FreeRTOS/tasks.o
                0x0000000008006058                xTaskCheckForTimeOut
 .text.vTaskMissedYield
                0x0000000008006124       0x18 common/ThirdParty/FreeRTOS/tasks.o
                0x0000000008006124                vTaskMissedYield
 .text.prvIdleTask
                0x000000000800613c       0x30 common/ThirdParty/FreeRTOS/tasks.o
 .text.prvInitialiseTaskLists
                0x000000000800616c       0x80 common/ThirdParty/FreeRTOS/tasks.o
 .text.prvCheckTasksWaitingTermination
                0x00000000080061ec       0x5c common/ThirdParty/FreeRTOS/tasks.o
 .text.prvDeleteTCB
                0x0000000008006248       0x20 common/ThirdParty/FreeRTOS/tasks.o
 .text.prvResetNextTaskUnblockTime
                0x0000000008006268       0x38 common/ThirdParty/FreeRTOS/tasks.o
 .text.xTaskGetSchedulerState
                0x00000000080062a0       0x3c common/ThirdParty/FreeRTOS/tasks.o
                0x00000000080062a0                xTaskGetSchedulerState
 .text.xTaskPriorityDisinherit
                0x00000000080062dc       0xf4 common/ThirdParty/FreeRTOS/tasks.o
                0x00000000080062dc                xTaskPriorityDisinherit
 .text.xTaskGenericNotifyWait
                0x00000000080063d0      0x100 common/ThirdParty/FreeRTOS/tasks.o
                0x00000000080063d0                xTaskGenericNotifyWait
 .text.xTaskGenericNotify
                0x00000000080064d0      0x1c0 common/ThirdParty/FreeRTOS/tasks.o
                0x00000000080064d0                xTaskGenericNotify
 .text.xTaskGenericNotifyFromISR
                0x0000000008006690      0x204 common/ThirdParty/FreeRTOS/tasks.o
                0x0000000008006690                xTaskGenericNotifyFromISR
 .text.prvAddCurrentTaskToDelayedList
                0x0000000008006894       0xcc common/ThirdParty/FreeRTOS/tasks.o
 .text.xTimerCreateTimerTask
                0x0000000008006960       0x64 common/ThirdParty/FreeRTOS/timers.o
                0x0000000008006960                xTimerCreateTimerTask
 .text.xTimerCreate
                0x00000000080069c4       0x42 common/ThirdParty/FreeRTOS/timers.o
                0x00000000080069c4                xTimerCreate
 .text.prvInitialiseNewTimer
                0x0000000008006a06       0x76 common/ThirdParty/FreeRTOS/timers.o
 .text.xTimerGenericCommand
                0x0000000008006a7c       0x9c common/ThirdParty/FreeRTOS/timers.o
                0x0000000008006a7c                xTimerGenericCommand
 .text.prvProcessExpiredTimer
                0x0000000008006b18       0x98 common/ThirdParty/FreeRTOS/timers.o
 .text.prvTimerTask
                0x0000000008006bb0       0x24 common/ThirdParty/FreeRTOS/timers.o
 .text.prvProcessTimerOrBlockTask
                0x0000000008006bd4       0x9c common/ThirdParty/FreeRTOS/timers.o
 .text.prvGetNextExpireTime
                0x0000000008006c70       0x48 common/ThirdParty/FreeRTOS/timers.o
 .text.prvSampleTimeNow
                0x0000000008006cb8       0x40 common/ThirdParty/FreeRTOS/timers.o
 .text.prvInsertTimerInActiveList
                0x0000000008006cf8       0x84 common/ThirdParty/FreeRTOS/timers.o
 .text.prvProcessReceivedCommands
                0x0000000008006d7c      0x18c common/ThirdParty/FreeRTOS/timers.o
 .text.prvSwitchTimerLists
                0x0000000008006f08       0xc8 common/ThirdParty/FreeRTOS/timers.o
 .text.prvCheckForValidListAndQueue
                0x0000000008006fd0       0x6c common/ThirdParty/FreeRTOS/timers.o
 .text.xTimerIsTimerActive
                0x000000000800703c       0x52 common/ThirdParty/FreeRTOS/timers.o
                0x000000000800703c                xTimerIsTimerActive
 .text.pvTimerGetTimerID
                0x000000000800708e       0x40 common/ThirdParty/FreeRTOS/timers.o
                0x000000000800708e                pvTimerGetTimerID
 *fill*         0x00000000080070ce        0x2 
 .text.pxPortInitialiseStack
                0x00000000080070d0       0x68 common/ThirdParty/FreeRTOS/portable/GCC/ARM_CM4F/port.o
                0x00000000080070d0                pxPortInitialiseStack
 .text.prvTaskExitError
                0x0000000008007138       0x58 common/ThirdParty/FreeRTOS/portable/GCC/ARM_CM4F/port.o
 .text.SVC_Handler
                0x0000000008007190       0x28 common/ThirdParty/FreeRTOS/portable/GCC/ARM_CM4F/port.o
                0x0000000008007190                SVC_Handler
 .text.prvPortStartFirstTask
                0x00000000080071b8       0x2c common/ThirdParty/FreeRTOS/portable/GCC/ARM_CM4F/port.o
 .text.xPortStartScheduler
                0x00000000080071e4      0x144 common/ThirdParty/FreeRTOS/portable/GCC/ARM_CM4F/port.o
                0x00000000080071e4                xPortStartScheduler
 .text.vPortEnterCritical
                0x0000000008007328       0x60 common/ThirdParty/FreeRTOS/portable/GCC/ARM_CM4F/port.o
                0x0000000008007328                vPortEnterCritical
 .text.vPortExitCritical
                0x0000000008007388       0x54 common/ThirdParty/FreeRTOS/portable/GCC/ARM_CM4F/port.o
                0x0000000008007388                vPortExitCritical
 *fill*         0x00000000080073dc        0x4 
 .text.PendSV_Handler
                0x00000000080073e0       0x68 common/ThirdParty/FreeRTOS/portable/GCC/ARM_CM4F/port.o
                0x00000000080073e0                PendSV_Handler
 .text.SysTick_Handler
                0x0000000008007448       0x44 common/ThirdParty/FreeRTOS/portable/GCC/ARM_CM4F/port.o
                0x0000000008007448                SysTick_Handler
 .text.vPortSetupTimerInterrupt
                0x000000000800748c       0x48 common/ThirdParty/FreeRTOS/portable/GCC/ARM_CM4F/port.o
                0x000000000800748c                vPortSetupTimerInterrupt
 .text.vPortEnableVFP
                0x00000000080074d4       0x18 common/ThirdParty/FreeRTOS/portable/GCC/ARM_CM4F/port.o
 .text.vPortValidateInterruptPriority
                0x00000000080074ec       0x80 common/ThirdParty/FreeRTOS/portable/GCC/ARM_CM4F/port.o
                0x00000000080074ec                vPortValidateInterruptPriority
 .text.pvPortMalloc
                0x000000000800756c      0x1c0 common/ThirdParty/FreeRTOS/portable/MemMang/heap_4.o
                0x000000000800756c                pvPortMalloc
 .text.vPortFree
                0x000000000800772c       0xc4 common/ThirdParty/FreeRTOS/portable/MemMang/heap_4.o
                0x000000000800772c                vPortFree
 .text.prvHeapInit
                0x00000000080077f0       0xc4 common/ThirdParty/FreeRTOS/portable/MemMang/heap_4.o
 .text.prvInsertBlockIntoFreeList
                0x00000000080078b4       0xb4 common/ThirdParty/FreeRTOS/portable/MemMang/heap_4.o
 .text.__errno  0x0000000008007968        0xc c:/st/stm32cubeide_1.6.1/stm32cubeide/plugins/com.st.stm32cube.ide.mcu.externaltools.gnu-tools-for-stm32.9-2020-q2-update.win32_1.5.0.202011040924/tools/bin/../lib/gcc/arm-none-eabi/9.3.1/../../../../arm-none-eabi/lib/thumb/v7e-m+fp/hard\libc_nano.a(lib_a-errno.o)
                0x0000000008007968                __errno
 .text.__libc_init_array
                0x0000000008007974       0x48 c:/st/stm32cubeide_1.6.1/stm32cubeide/plugins/com.st.stm32cube.ide.mcu.externaltools.gnu-tools-for-stm32.9-2020-q2-update.win32_1.5.0.202011040924/tools/bin/../lib/gcc/arm-none-eabi/9.3.1/../../../../arm-none-eabi/lib/thumb/v7e-m+fp/hard\libc_nano.a(lib_a-init.o)
                0x0000000008007974                __libc_init_array
 .text.memcpy   0x00000000080079bc       0x1c c:/st/stm32cubeide_1.6.1/stm32cubeide/plugins/com.st.stm32cube.ide.mcu.externaltools.gnu-tools-for-stm32.9-2020-q2-update.win32_1.5.0.202011040924/tools/bin/../lib/gcc/arm-none-eabi/9.3.1/../../../../arm-none-eabi/lib/thumb/v7e-m+fp/hard\libc_nano.a(lib_a-memcpy-stub.o)
                0x00000000080079bc                memcpy
 .text.memset   0x00000000080079d8       0x10 c:/st/stm32cubeide_1.6.1/stm32cubeide/plugins/com.st.stm32cube.ide.mcu.externaltools.gnu-tools-for-stm32.9-2020-q2-update.win32_1.5.0.202011040924/tools/bin/../lib/gcc/arm-none-eabi/9.3.1/../../../../arm-none-eabi/lib/thumb/v7e-m+fp/hard\libc_nano.a(lib_a-memset.o)
                0x00000000080079d8                memset
 .text.printf   0x00000000080079e8       0x30 c:/st/stm32cubeide_1.6.1/stm32cubeide/plugins/com.st.stm32cube.ide.mcu.externaltools.gnu-tools-for-stm32.9-2020-q2-update.win32_1.5.0.202011040924/tools/bin/../lib/gcc/arm-none-eabi/9.3.1/../../../../arm-none-eabi/lib/thumb/v7e-m+fp/hard\libc_nano.a(lib_a-printf.o)
                0x00000000080079e8                iprintf
                0x00000000080079e8                printf
 .text.sprintf  0x0000000008007a18       0x40 c:/st/stm32cubeide_1.6.1/stm32cubeide/plugins/com.st.stm32cube.ide.mcu.externaltools.gnu-tools-for-stm32.9-2020-q2-update.win32_1.5.0.202011040924/tools/bin/../lib/gcc/arm-none-eabi/9.3.1/../../../../arm-none-eabi/lib/thumb/v7e-m+fp/hard\libc_nano.a(lib_a-sprintf.o)
                0x0000000008007a18                siprintf
                0x0000000008007a18                sprintf
 .text.std      0x0000000008007a58       0x48 c:/st/stm32cubeide_1.6.1/stm32cubeide/plugins/com.st.stm32cube.ide.mcu.externaltools.gnu-tools-for-stm32.9-2020-q2-update.win32_1.5.0.202011040924/tools/bin/../lib/gcc/arm-none-eabi/9.3.1/../../../../arm-none-eabi/lib/thumb/v7e-m+fp/hard\libc_nano.a(lib_a-findfp.o)
 .text._cleanup_r
                0x0000000008007aa0        0xc c:/st/stm32cubeide_1.6.1/stm32cubeide/plugins/com.st.stm32cube.ide.mcu.externaltools.gnu-tools-for-stm32.9-2020-q2-update.win32_1.5.0.202011040924/tools/bin/../lib/gcc/arm-none-eabi/9.3.1/../../../../arm-none-eabi/lib/thumb/v7e-m+fp/hard\libc_nano.a(lib_a-findfp.o)
                0x0000000008007aa0                _cleanup_r
 .text.__sfmoreglue
                0x0000000008007aac       0x2c c:/st/stm32cubeide_1.6.1/stm32cubeide/plugins/com.st.stm32cube.ide.mcu.externaltools.gnu-tools-for-stm32.9-2020-q2-update.win32_1.5.0.202011040924/tools/bin/../lib/gcc/arm-none-eabi/9.3.1/../../../../arm-none-eabi/lib/thumb/v7e-m+fp/hard\libc_nano.a(lib_a-findfp.o)
                0x0000000008007aac                __sfmoreglue
 .text.__sfp_lock_acquire
                0x0000000008007ad8        0xc c:/st/stm32cubeide_1.6.1/stm32cubeide/plugins/com.st.stm32cube.ide.mcu.externaltools.gnu-tools-for-stm32.9-2020-q2-update.win32_1.5.0.202011040924/tools/bin/../lib/gcc/arm-none-eabi/9.3.1/../../../../arm-none-eabi/lib/thumb/v7e-m+fp/hard\libc_nano.a(lib_a-findfp.o)
                0x0000000008007ad8                __sfp_lock_acquire
 .text.__sfp_lock_release
                0x0000000008007ae4        0xc c:/st/stm32cubeide_1.6.1/stm32cubeide/plugins/com.st.stm32cube.ide.mcu.externaltools.gnu-tools-for-stm32.9-2020-q2-update.win32_1.5.0.202011040924/tools/bin/../lib/gcc/arm-none-eabi/9.3.1/../../../../arm-none-eabi/lib/thumb/v7e-m+fp/hard\libc_nano.a(lib_a-findfp.o)
                0x0000000008007ae4                __sfp_lock_release
 .text.__sinit_lock_acquire
                0x0000000008007af0        0xc c:/st/stm32cubeide_1.6.1/stm32cubeide/plugins/com.st.stm32cube.ide.mcu.externaltools.gnu-tools-for-stm32.9-2020-q2-update.win32_1.5.0.202011040924/tools/bin/../lib/gcc/arm-none-eabi/9.3.1/../../../../arm-none-eabi/lib/thumb/v7e-m+fp/hard\libc_nano.a(lib_a-findfp.o)
                0x0000000008007af0                __sinit_lock_acquire
 .text.__sinit_lock_release
                0x0000000008007afc        0xc c:/st/stm32cubeide_1.6.1/stm32cubeide/plugins/com.st.stm32cube.ide.mcu.externaltools.gnu-tools-for-stm32.9-2020-q2-update.win32_1.5.0.202011040924/tools/bin/../lib/gcc/arm-none-eabi/9.3.1/../../../../arm-none-eabi/lib/thumb/v7e-m+fp/hard\libc_nano.a(lib_a-findfp.o)
                0x0000000008007afc                __sinit_lock_release
 .text.__sinit  0x0000000008007b08       0x70 c:/st/stm32cubeide_1.6.1/stm32cubeide/plugins/com.st.stm32cube.ide.mcu.externaltools.gnu-tools-for-stm32.9-2020-q2-update.win32_1.5.0.202011040924/tools/bin/../lib/gcc/arm-none-eabi/9.3.1/../../../../arm-none-eabi/lib/thumb/v7e-m+fp/hard\libc_nano.a(lib_a-findfp.o)
                0x0000000008007b08                __sinit
 .text.__sfp    0x0000000008007b78       0x8c c:/st/stm32cubeide_1.6.1/stm32cubeide/plugins/com.st.stm32cube.ide.mcu.externaltools.gnu-tools-for-stm32.9-2020-q2-update.win32_1.5.0.202011040924/tools/bin/../lib/gcc/arm-none-eabi/9.3.1/../../../../arm-none-eabi/lib/thumb/v7e-m+fp/hard\libc_nano.a(lib_a-findfp.o)
                0x0000000008007b78                __sfp
 .text._fwalk_reent
                0x0000000008007c04       0x3e c:/st/stm32cubeide_1.6.1/stm32cubeide/plugins/com.st.stm32cube.ide.mcu.externaltools.gnu-tools-for-stm32.9-2020-q2-update.win32_1.5.0.202011040924/tools/bin/../lib/gcc/arm-none-eabi/9.3.1/../../../../arm-none-eabi/lib/thumb/v7e-m+fp/hard\libc_nano.a(lib_a-fwalk.o)
                0x0000000008007c04                _fwalk_reent
 .text.__retarget_lock_init_recursive
                0x0000000008007c42        0x2 c:/st/stm32cubeide_1.6.1/stm32cubeide/plugins/com.st.stm32cube.ide.mcu.externaltools.gnu-tools-for-stm32.9-2020-q2-update.win32_1.5.0.202011040924/tools/bin/../lib/gcc/arm-none-eabi/9.3.1/../../../../arm-none-eabi/lib/thumb/v7e-m+fp/hard\libc_nano.a(lib_a-lock.o)
                0x0000000008007c42                __retarget_lock_init_recursive
 .text.__retarget_lock_acquire_recursive
                0x0000000008007c44        0x2 c:/st/stm32cubeide_1.6.1/stm32cubeide/plugins/com.st.stm32cube.ide.mcu.externaltools.gnu-tools-for-stm32.9-2020-q2-update.win32_1.5.0.202011040924/tools/bin/../lib/gcc/arm-none-eabi/9.3.1/../../../../arm-none-eabi/lib/thumb/v7e-m+fp/hard\libc_nano.a(lib_a-lock.o)
                0x0000000008007c44                __retarget_lock_acquire_recursive
 .text.__retarget_lock_release_recursive
                0x0000000008007c46        0x2 c:/st/stm32cubeide_1.6.1/stm32cubeide/plugins/com.st.stm32cube.ide.mcu.externaltools.gnu-tools-for-stm32.9-2020-q2-update.win32_1.5.0.202011040924/tools/bin/../lib/gcc/arm-none-eabi/9.3.1/../../../../arm-none-eabi/lib/thumb/v7e-m+fp/hard\libc_nano.a(lib_a-lock.o)
                0x0000000008007c46                __retarget_lock_release_recursive
 .text._malloc_r
                0x0000000008007c48       0xb4 c:/st/stm32cubeide_1.6.1/stm32cubeide/plugins/com.st.stm32cube.ide.mcu.externaltools.gnu-tools-for-stm32.9-2020-q2-update.win32_1.5.0.202011040924/tools/bin/../lib/gcc/arm-none-eabi/9.3.1/../../../../arm-none-eabi/lib/thumb/v7e-m+fp/hard\libc_nano.a(lib_a-nano-mallocr.o)
                0x0000000008007c48                _malloc_r
 .text.__ssputs_r
                0x0000000008007cfc       0xb6 c:/st/stm32cubeide_1.6.1/stm32cubeide/plugins/com.st.stm32cube.ide.mcu.externaltools.gnu-tools-for-stm32.9-2020-q2-update.win32_1.5.0.202011040924/tools/bin/../lib/gcc/arm-none-eabi/9.3.1/../../../../arm-none-eabi/lib/thumb/v7e-m+fp/hard\libc_nano.a(lib_a-nano-svfprintf.o)
                0x0000000008007cfc                __ssputs_r
 *fill*         0x0000000008007db2        0x2 
 .text._svfprintf_r
                0x0000000008007db4      0x200 c:/st/stm32cubeide_1.6.1/stm32cubeide/plugins/com.st.stm32cube.ide.mcu.externaltools.gnu-tools-for-stm32.9-2020-q2-update.win32_1.5.0.202011040924/tools/bin/../lib/gcc/arm-none-eabi/9.3.1/../../../../arm-none-eabi/lib/thumb/v7e-m+fp/hard\libc_nano.a(lib_a-nano-svfprintf.o)
                0x0000000008007db4                _svfiprintf_r
                0x0000000008007db4                _svfprintf_r
 .text.__sfputc_r
                0x0000000008007fb4       0x2e c:/st/stm32cubeide_1.6.1/stm32cubeide/plugins/com.st.stm32cube.ide.mcu.externaltools.gnu-tools-for-stm32.9-2020-q2-update.win32_1.5.0.202011040924/tools/bin/../lib/gcc/arm-none-eabi/9.3.1/../../../../arm-none-eabi/lib/thumb/v7e-m+fp/hard\libc_nano.a(lib_a-nano-vfprintf.o)
 .text.__sfputs_r
                0x0000000008007fe2       0x24 c:/st/stm32cubeide_1.6.1/stm32cubeide/plugins/com.st.stm32cube.ide.mcu.externaltools.gnu-tools-for-stm32.9-2020-q2-update.win32_1.5.0.202011040924/tools/bin/../lib/gcc/arm-none-eabi/9.3.1/../../../../arm-none-eabi/lib/thumb/v7e-m+fp/hard\libc_nano.a(lib_a-nano-vfprintf.o)
                0x0000000008007fe2                __sfputs_r
 *fill*         0x0000000008008006        0x2 
 .text._vfprintf_r
                0x0000000008008008      0x260 c:/st/stm32cubeide_1.6.1/stm32cubeide/plugins/com.st.stm32cube.ide.mcu.externaltools.gnu-tools-for-stm32.9-2020-q2-update.win32_1.5.0.202011040924/tools/bin/../lib/gcc/arm-none-eabi/9.3.1/../../../../arm-none-eabi/lib/thumb/v7e-m+fp/hard\libc_nano.a(lib_a-nano-vfprintf.o)
                0x0000000008008008                _vfprintf_r
                0x0000000008008008                _vfiprintf_r
 .text._printf_common
                0x0000000008008268       0xda c:/st/stm32cubeide_1.6.1/stm32cubeide/plugins/com.st.stm32cube.ide.mcu.externaltools.gnu-tools-for-stm32.9-2020-q2-update.win32_1.5.0.202011040924/tools/bin/../lib/gcc/arm-none-eabi/9.3.1/../../../../arm-none-eabi/lib/thumb/v7e-m+fp/hard\libc_nano.a(lib_a-nano-vfprintf_i.o)
                0x0000000008008268                _printf_common
 *fill*         0x0000000008008342        0x2 
 .text._printf_i
                0x0000000008008344      0x24c c:/st/stm32cubeide_1.6.1/stm32cubeide/plugins/com.st.stm32cube.ide.mcu.externaltools.gnu-tools-for-stm32.9-2020-q2-update.win32_1.5.0.202011040924/tools/bin/../lib/gcc/arm-none-eabi/9.3.1/../../../../arm-none-eabi/lib/thumb/v7e-m+fp/hard\libc_nano.a(lib_a-nano-vfprintf_i.o)
                0x0000000008008344                _printf_i
 .text._sbrk_r  0x0000000008008590       0x20 c:/st/stm32cubeide_1.6.1/stm32cubeide/plugins/com.st.stm32cube.ide.mcu.externaltools.gnu-tools-for-stm32.9-2020-q2-update.win32_1.5.0.202011040924/tools/bin/../lib/gcc/arm-none-eabi/9.3.1/../../../../arm-none-eabi/lib/thumb/v7e-m+fp/hard\libc_nano.a(lib_a-sbrkr.o)
                0x0000000008008590                _sbrk_r
 .text.__sread  0x00000000080085b0       0x22 c:/st/stm32cubeide_1.6.1/stm32cubeide/plugins/com.st.stm32cube.ide.mcu.externaltools.gnu-tools-for-stm32.9-2020-q2-update.win32_1.5.0.202011040924/tools/bin/../lib/gcc/arm-none-eabi/9.3.1/../../../../arm-none-eabi/lib/thumb/v7e-m+fp/hard\libc_nano.a(lib_a-stdio.o)
                0x00000000080085b0                __sread
 .text.__swrite
                0x00000000080085d2       0x38 c:/st/stm32cubeide_1.6.1/stm32cubeide/plugins/com.st.stm32cube.ide.mcu.externaltools.gnu-tools-for-stm32.9-2020-q2-update.win32_1.5.0.202011040924/tools/bin/../lib/gcc/arm-none-eabi/9.3.1/../../../../arm-none-eabi/lib/thumb/v7e-m+fp/hard\libc_nano.a(lib_a-stdio.o)
                0x00000000080085d2                __swrite
 .text.__sseek  0x000000000800860a       0x24 c:/st/stm32cubeide_1.6.1/stm32cubeide/plugins/com.st.stm32cube.ide.mcu.externaltools.gnu-tools-for-stm32.9-2020-q2-update.win32_1.5.0.202011040924/tools/bin/../lib/gcc/arm-none-eabi/9.3.1/../../../../arm-none-eabi/lib/thumb/v7e-m+fp/hard\libc_nano.a(lib_a-stdio.o)
                0x000000000800860a                __sseek
 .text.__sclose
                0x000000000800862e        0x8 c:/st/stm32cubeide_1.6.1/stm32cubeide/plugins/com.st.stm32cube.ide.mcu.externaltools.gnu-tools-for-stm32.9-2020-q2-update.win32_1.5.0.202011040924/tools/bin/../lib/gcc/arm-none-eabi/9.3.1/../../../../arm-none-eabi/lib/thumb/v7e-m+fp/hard\libc_nano.a(lib_a-stdio.o)
                0x000000000800862e                __sclose
 *fill*         0x0000000008008636        0x2 
 .text.__swbuf_r
                0x0000000008008638       0xa4 c:/st/stm32cubeide_1.6.1/stm32cubeide/plugins/com.st.stm32cube.ide.mcu.externaltools.gnu-tools-for-stm32.9-2020-q2-update.win32_1.5.0.202011040924/tools/bin/../lib/gcc/arm-none-eabi/9.3.1/../../../../arm-none-eabi/lib/thumb/v7e-m+fp/hard\libc_nano.a(lib_a-wbuf.o)
                0x0000000008008638                __swbuf_r
 .text._write_r
                0x00000000080086dc       0x24 c:/st/stm32cubeide_1.6.1/stm32cubeide/plugins/com.st.stm32cube.ide.mcu.externaltools.gnu-tools-for-stm32.9-2020-q2-update.win32_1.5.0.202011040924/tools/bin/../lib/gcc/arm-none-eabi/9.3.1/../../../../arm-none-eabi/lib/thumb/v7e-m+fp/hard\libc_nano.a(lib_a-writer.o)
                0x00000000080086dc                _write_r
 .text.__swsetup_r
                0x0000000008008700       0xdc c:/st/stm32cubeide_1.6.1/stm32cubeide/plugins/com.st.stm32cube.ide.mcu.externaltools.gnu-tools-for-stm32.9-2020-q2-update.win32_1.5.0.202011040924/tools/bin/../lib/gcc/arm-none-eabi/9.3.1/../../../../arm-none-eabi/lib/thumb/v7e-m+fp/hard\libc_nano.a(lib_a-wsetup.o)
                0x0000000008008700                __swsetup_r
 .text._close_r
                0x00000000080087dc       0x20 c:/st/stm32cubeide_1.6.1/stm32cubeide/plugins/com.st.stm32cube.ide.mcu.externaltools.gnu-tools-for-stm32.9-2020-q2-update.win32_1.5.0.202011040924/tools/bin/../lib/gcc/arm-none-eabi/9.3.1/../../../../arm-none-eabi/lib/thumb/v7e-m+fp/hard\libc_nano.a(lib_a-closer.o)
                0x00000000080087dc                _close_r
 .text.__sflush_r
                0x00000000080087fc      0x10c c:/st/stm32cubeide_1.6.1/stm32cubeide/plugins/com.st.stm32cube.ide.mcu.externaltools.gnu-tools-for-stm32.9-2020-q2-update.win32_1.5.0.202011040924/tools/bin/../lib/gcc/arm-none-eabi/9.3.1/../../../../arm-none-eabi/lib/thumb/v7e-m+fp/hard\libc_nano.a(lib_a-fflush.o)
                0x00000000080087fc                __sflush_r
 .text._fflush_r
                0x0000000008008908       0x78 c:/st/stm32cubeide_1.6.1/stm32cubeide/plugins/com.st.stm32cube.ide.mcu.externaltools.gnu-tools-for-stm32.9-2020-q2-update.win32_1.5.0.202011040924/tools/bin/../lib/gcc/arm-none-eabi/9.3.1/../../../../arm-none-eabi/lib/thumb/v7e-m+fp/hard\libc_nano.a(lib_a-fflush.o)
                0x0000000008008908                _fflush_r
 .text._lseek_r
                0x0000000008008980       0x24 c:/st/stm32cubeide_1.6.1/stm32cubeide/plugins/com.st.stm32cube.ide.mcu.externaltools.gnu-tools-for-stm32.9-2020-q2-update.win32_1.5.0.202011040924/tools/bin/../lib/gcc/arm-none-eabi/9.3.1/../../../../arm-none-eabi/lib/thumb/v7e-m+fp/hard\libc_nano.a(lib_a-lseekr.o)
                0x0000000008008980                _lseek_r
 .text.__swhatbuf_r
                0x00000000080089a4       0x48 c:/st/stm32cubeide_1.6.1/stm32cubeide/plugins/com.st.stm32cube.ide.mcu.externaltools.gnu-tools-for-stm32.9-2020-q2-update.win32_1.5.0.202011040924/tools/bin/../lib/gcc/arm-none-eabi/9.3.1/../../../../arm-none-eabi/lib/thumb/v7e-m+fp/hard\libc_nano.a(lib_a-makebuf.o)
                0x00000000080089a4                __swhatbuf_r
 .text.__smakebuf_r
                0x00000000080089ec       0x80 c:/st/stm32cubeide_1.6.1/stm32cubeide/plugins/com.st.stm32cube.ide.mcu.externaltools.gnu-tools-for-stm32.9-2020-q2-update.win32_1.5.0.202011040924/tools/bin/../lib/gcc/arm-none-eabi/9.3.1/../../../../arm-none-eabi/lib/thumb/v7e-m+fp/hard\libc_nano.a(lib_a-makebuf.o)
                0x00000000080089ec                __smakebuf_r
 .text.memmove  0x0000000008008a6c       0x34 c:/st/stm32cubeide_1.6.1/stm32cubeide/plugins/com.st.stm32cube.ide.mcu.externaltools.gnu-tools-for-stm32.9-2020-q2-update.win32_1.5.0.202011040924/tools/bin/../lib/gcc/arm-none-eabi/9.3.1/../../../../arm-none-eabi/lib/thumb/v7e-m+fp/hard\libc_nano.a(lib_a-memmove.o)
                0x0000000008008a6c                memmove
 .text.__malloc_lock
                0x0000000008008aa0        0xc c:/st/stm32cubeide_1.6.1/stm32cubeide/plugins/com.st.stm32cube.ide.mcu.externaltools.gnu-tools-for-stm32.9-2020-q2-update.win32_1.5.0.202011040924/tools/bin/../lib/gcc/arm-none-eabi/9.3.1/../../../../arm-none-eabi/lib/thumb/v7e-m+fp/hard\libc_nano.a(lib_a-mlock.o)
                0x0000000008008aa0                __malloc_lock
 .text.__malloc_unlock
                0x0000000008008aac        0xc c:/st/stm32cubeide_1.6.1/stm32cubeide/plugins/com.st.stm32cube.ide.mcu.externaltools.gnu-tools-for-stm32.9-2020-q2-update.win32_1.5.0.202011040924/tools/bin/../lib/gcc/arm-none-eabi/9.3.1/../../../../arm-none-eabi/lib/thumb/v7e-m+fp/hard\libc_nano.a(lib_a-mlock.o)
                0x0000000008008aac                __malloc_unlock
 .text._free_r  0x0000000008008ab8       0xa0 c:/st/stm32cubeide_1.6.1/stm32cubeide/plugins/com.st.stm32cube.ide.mcu.externaltools.gnu-tools-for-stm32.9-2020-q2-update.win32_1.5.0.202011040924/tools/bin/../lib/gcc/arm-none-eabi/9.3.1/../../../../arm-none-eabi/lib/thumb/v7e-m+fp/hard\libc_nano.a(lib_a-nano-freer.o)
                0x0000000008008ab8                _free_r
 .text._realloc_r
                0x0000000008008b58       0x4c c:/st/stm32cubeide_1.6.1/stm32cubeide/plugins/com.st.stm32cube.ide.mcu.externaltools.gnu-tools-for-stm32.9-2020-q2-update.win32_1.5.0.202011040924/tools/bin/../lib/gcc/arm-none-eabi/9.3.1/../../../../arm-none-eabi/lib/thumb/v7e-m+fp/hard\libc_nano.a(lib_a-nano-reallocr.o)
                0x0000000008008b58                _realloc_r
 .text._read_r  0x0000000008008ba4       0x24 c:/st/stm32cubeide_1.6.1/stm32cubeide/plugins/com.st.stm32cube.ide.mcu.externaltools.gnu-tools-for-stm32.9-2020-q2-update.win32_1.5.0.202011040924/tools/bin/../lib/gcc/arm-none-eabi/9.3.1/../../../../arm-none-eabi/lib/thumb/v7e-m+fp/hard\libc_nano.a(lib_a-readr.o)
                0x0000000008008ba4                _read_r
 .text._fstat_r
                0x0000000008008bc8       0x24 c:/st/stm32cubeide_1.6.1/stm32cubeide/plugins/com.st.stm32cube.ide.mcu.externaltools.gnu-tools-for-stm32.9-2020-q2-update.win32_1.5.0.202011040924/tools/bin/../lib/gcc/arm-none-eabi/9.3.1/../../../../arm-none-eabi/lib/thumb/v7e-m+fp/hard\libc_nano.a(lib_a-fstatr.o)
                0x0000000008008bc8                _fstat_r
 .text._isatty_r
                0x0000000008008bec       0x20 c:/st/stm32cubeide_1.6.1/stm32cubeide/plugins/com.st.stm32cube.ide.mcu.externaltools.gnu-tools-for-stm32.9-2020-q2-update.win32_1.5.0.202011040924/tools/bin/../lib/gcc/arm-none-eabi/9.3.1/../../../../arm-none-eabi/lib/thumb/v7e-m+fp/hard\libc_nano.a(lib_a-isattyr.o)
                0x0000000008008bec                _isatty_r
 .text._malloc_usable_size_r
                0x0000000008008c0c       0x10 c:/st/stm32cubeide_1.6.1/stm32cubeide/plugins/com.st.stm32cube.ide.mcu.externaltools.gnu-tools-for-stm32.9-2020-q2-update.win32_1.5.0.202011040924/tools/bin/../lib/gcc/arm-none-eabi/9.3.1/../../../../arm-none-eabi/lib/thumb/v7e-m+fp/hard\libc_nano.a(lib_a-nano-msizer.o)
                0x0000000008008c0c                _malloc_usable_size_r
 *(.glue_7)
 .glue_7        0x0000000008008c1c        0x0 linker stubs
 *(.glue_7t)
 .glue_7t       0x0000000008008c1c        0x0 linker stubs
 *(.eh_frame)
 .eh_frame      0x0000000008008c1c        0x0 c:/st/stm32cubeide_1.6.1/stm32cubeide/plugins/com.st.stm32cube.ide.mcu.externaltools.gnu-tools-for-stm32.9-2020-q2-update.win32_1.5.0.202011040924/tools/bin/../lib/gcc/arm-none-eabi/9.3.1/thumb/v7e-m+fp/hard/crtbegin.o
 *(.init)
 .init          0x0000000008008c1c        0x4 c:/st/stm32cubeide_1.6.1/stm32cubeide/plugins/com.st.stm32cube.ide.mcu.externaltools.gnu-tools-for-stm32.9-2020-q2-update.win32_1.5.0.202011040924/tools/bin/../lib/gcc/arm-none-eabi/9.3.1/thumb/v7e-m+fp/hard/crti.o
                0x0000000008008c1c                _init
 .init          0x0000000008008c20        0x8 c:/st/stm32cubeide_1.6.1/stm32cubeide/plugins/com.st.stm32cube.ide.mcu.externaltools.gnu-tools-for-stm32.9-2020-q2-update.win32_1.5.0.202011040924/tools/bin/../lib/gcc/arm-none-eabi/9.3.1/thumb/v7e-m+fp/hard/crtn.o
 *(.fini)
 .fini          0x0000000008008c28        0x4 c:/st/stm32cubeide_1.6.1/stm32cubeide/plugins/com.st.stm32cube.ide.mcu.externaltools.gnu-tools-for-stm32.9-2020-q2-update.win32_1.5.0.202011040924/tools/bin/../lib/gcc/arm-none-eabi/9.3.1/thumb/v7e-m+fp/hard/crti.o
                0x0000000008008c28                _fini
 .fini          0x0000000008008c2c        0x8 c:/st/stm32cubeide_1.6.1/stm32cubeide/plugins/com.st.stm32cube.ide.mcu.externaltools.gnu-tools-for-stm32.9-2020-q2-update.win32_1.5.0.202011040924/tools/bin/../lib/gcc/arm-none-eabi/9.3.1/thumb/v7e-m+fp/hard/crtn.o
                0x0000000008008c34                . = ALIGN (0x4)
                0x0000000008008c34                _etext = .

.vfp11_veneer   0x0000000008008c34        0x0
 .vfp11_veneer  0x0000000008008c34        0x0 linker stubs

.v4_bx          0x0000000008008c34        0x0
 .v4_bx         0x0000000008008c34        0x0 linker stubs

.iplt           0x0000000008008c34        0x0
 .iplt          0x0000000008008c34        0x0 c:/st/stm32cubeide_1.6.1/stm32cubeide/plugins/com.st.stm32cube.ide.mcu.externaltools.gnu-tools-for-stm32.9-2020-q2-update.win32_1.5.0.202011040924/tools/bin/../lib/gcc/arm-none-eabi/9.3.1/thumb/v7e-m+fp/hard/crtbegin.o

.rodata         0x0000000008008c34      0x494
                0x0000000008008c34                . = ALIGN (0x4)
 *(.rodata)
 .rodata        0x0000000008008c34       0x59 Core/Src/main.o
 *fill*         0x0000000008008c8d        0x3 
 .rodata        0x0000000008008c90       0x58 Core/Src/rtc.o
 .rodata        0x0000000008008ce8      0x317 Core/Src/task_handler.o
 *fill*         0x0000000008008fff        0x1 
 .rodata        0x0000000008009000        0x5 common/ThirdParty/FreeRTOS/tasks.o
 *fill*         0x0000000008009005        0x3 
 .rodata        0x0000000008009008        0xd common/ThirdParty/FreeRTOS/timers.o
 *(.rodata*)
 *fill*         0x0000000008009015        0x3 
 .rodata.AHBPrescTable
                0x0000000008009018       0x10 Core/Src/system_stm32f4xx.o
                0x0000000008009018                AHBPrescTable
 .rodata.APBPrescTable
                0x0000000008009028        0x8 Core/Src/system_stm32f4xx.o
                0x0000000008009028                APBPrescTable
 .rodata._global_impure_ptr
                0x0000000008009030        0x4 c:/st/stm32cubeide_1.6.1/stm32cubeide/plugins/com.st.stm32cube.ide.mcu.externaltools.gnu-tools-for-stm32.9-2020-q2-update.win32_1.5.0.202011040924/tools/bin/../lib/gcc/arm-none-eabi/9.3.1/../../../../arm-none-eabi/lib/thumb/v7e-m+fp/hard\libc_nano.a(lib_a-impure.o)
                0x0000000008009030                _global_impure_ptr
 .rodata.__sf_fake_stderr
                0x0000000008009034       0x20 c:/st/stm32cubeide_1.6.1/stm32cubeide/plugins/com.st.stm32cube.ide.mcu.externaltools.gnu-tools-for-stm32.9-2020-q2-update.win32_1.5.0.202011040924/tools/bin/../lib/gcc/arm-none-eabi/9.3.1/../../../../arm-none-eabi/lib/thumb/v7e-m+fp/hard\libc_nano.a(lib_a-findfp.o)
                0x0000000008009034                __sf_fake_stderr
 .rodata.__sf_fake_stdin
                0x0000000008009054       0x20 c:/st/stm32cubeide_1.6.1/stm32cubeide/plugins/com.st.stm32cube.ide.mcu.externaltools.gnu-tools-for-stm32.9-2020-q2-update.win32_1.5.0.202011040924/tools/bin/../lib/gcc/arm-none-eabi/9.3.1/../../../../arm-none-eabi/lib/thumb/v7e-m+fp/hard\libc_nano.a(lib_a-findfp.o)
                0x0000000008009054                __sf_fake_stdin
 .rodata.__sf_fake_stdout
                0x0000000008009074       0x20 c:/st/stm32cubeide_1.6.1/stm32cubeide/plugins/com.st.stm32cube.ide.mcu.externaltools.gnu-tools-for-stm32.9-2020-q2-update.win32_1.5.0.202011040924/tools/bin/../lib/gcc/arm-none-eabi/9.3.1/../../../../arm-none-eabi/lib/thumb/v7e-m+fp/hard\libc_nano.a(lib_a-findfp.o)
                0x0000000008009074                __sf_fake_stdout
 .rodata._svfprintf_r.str1.1
                0x0000000008009094       0x11 c:/st/stm32cubeide_1.6.1/stm32cubeide/plugins/com.st.stm32cube.ide.mcu.externaltools.gnu-tools-for-stm32.9-2020-q2-update.win32_1.5.0.202011040924/tools/bin/../lib/gcc/arm-none-eabi/9.3.1/../../../../arm-none-eabi/lib/thumb/v7e-m+fp/hard\libc_nano.a(lib_a-nano-svfprintf.o)
 .rodata._vfprintf_r.str1.1
                0x00000000080090a5       0x11 c:/st/stm32cubeide_1.6.1/stm32cubeide/plugins/com.st.stm32cube.ide.mcu.externaltools.gnu-tools-for-stm32.9-2020-q2-update.win32_1.5.0.202011040924/tools/bin/../lib/gcc/arm-none-eabi/9.3.1/../../../../arm-none-eabi/lib/thumb/v7e-m+fp/hard\libc_nano.a(lib_a-nano-vfprintf.o)
 .rodata._printf_i.str1.1
                0x00000000080090a5       0x22 c:/st/stm32cubeide_1.6.1/stm32cubeide/plugins/com.st.stm32cube.ide.mcu.externaltools.gnu-tools-for-stm32.9-2020-q2-update.win32_1.5.0.202011040924/tools/bin/../lib/gcc/arm-none-eabi/9.3.1/../../../../arm-none-eabi/lib/thumb/v7e-m+fp/hard\libc_nano.a(lib_a-nano-vfprintf_i.o)
                0x00000000080090c8                . = ALIGN (0x4)
 *fill*         0x00000000080090c7        0x1 

.ARM.extab      0x00000000080090c8        0x0
                0x00000000080090c8                . = ALIGN (0x4)
 *(.ARM.extab* .gnu.linkonce.armextab.*)
                0x00000000080090c8                . = ALIGN (0x4)

.ARM            0x00000000080090c8        0x8
                0x00000000080090c8                . = ALIGN (0x4)
                0x00000000080090c8                __exidx_start = .
 *(.ARM.exidx*)
 .ARM.exidx     0x00000000080090c8        0x8 c:/st/stm32cubeide_1.6.1/stm32cubeide/plugins/com.st.stm32cube.ide.mcu.externaltools.gnu-tools-for-stm32.9-2020-q2-update.win32_1.5.0.202011040924/tools/bin/../lib/gcc/arm-none-eabi/9.3.1/thumb/v7e-m+fp/hard\libgcc.a(_udivmoddi4.o)
                0x00000000080090d0                __exidx_end = .
                0x00000000080090d0                . = ALIGN (0x4)

.rel.dyn        0x00000000080090d0        0x0
 .rel.iplt      0x00000000080090d0        0x0 c:/st/stm32cubeide_1.6.1/stm32cubeide/plugins/com.st.stm32cube.ide.mcu.externaltools.gnu-tools-for-stm32.9-2020-q2-update.win32_1.5.0.202011040924/tools/bin/../lib/gcc/arm-none-eabi/9.3.1/thumb/v7e-m+fp/hard/crtbegin.o

.preinit_array  0x00000000080090d0        0x0
                0x00000000080090d0                . = ALIGN (0x4)
                0x00000000080090d0                PROVIDE (__preinit_array_start = .)
 *(.preinit_array*)
                0x00000000080090d0                PROVIDE (__preinit_array_end = .)
                0x00000000080090d0                . = ALIGN (0x4)

.init_array     0x00000000080090d0        0x4
                0x00000000080090d0                . = ALIGN (0x4)
                0x00000000080090d0                PROVIDE (__init_array_start = .)
 *(SORT_BY_NAME(.init_array.*))
 *(.init_array*)
 .init_array    0x00000000080090d0        0x4 c:/st/stm32cubeide_1.6.1/stm32cubeide/plugins/com.st.stm32cube.ide.mcu.externaltools.gnu-tools-for-stm32.9-2020-q2-update.win32_1.5.0.202011040924/tools/bin/../lib/gcc/arm-none-eabi/9.3.1/thumb/v7e-m+fp/hard/crtbegin.o
                0x00000000080090d4                PROVIDE (__init_array_end = .)
                0x00000000080090d4                . = ALIGN (0x4)

.fini_array     0x00000000080090d4        0x4
                0x00000000080090d4                . = ALIGN (0x4)
                [!provide]                        PROVIDE (__fini_array_start = .)
 *(SORT_BY_NAME(.fini_array.*))
 *(.fini_array*)
 .fini_array    0x00000000080090d4        0x4 c:/st/stm32cubeide_1.6.1/stm32cubeide/plugins/com.st.stm32cube.ide.mcu.externaltools.gnu-tools-for-stm32.9-2020-q2-update.win32_1.5.0.202011040924/tools/bin/../lib/gcc/arm-none-eabi/9.3.1/thumb/v7e-m+fp/hard/crtbegin.o
                [!provide]                        PROVIDE (__fini_array_end = .)
                0x00000000080090d8                . = ALIGN (0x4)
                0x00000000080090d8                _sidata = LOADADDR (.data)

.data           0x0000000020000000       0x8c load address 0x00000000080090d8
                0x0000000020000000                . = ALIGN (0x4)
                0x0000000020000000                _sdata = .
 *(.data)
 *(.data*)
 .data.flag.10297
                0x0000000020000000        0x4 Core/Src/led_effect.o
 .data.flag.10301
                0x0000000020000004        0x4 Core/Src/led_effect.o
 .data.time.10278
                0x0000000020000008        0x4 Core/Src/rtc.o
 .data.date.10279
                0x000000002000000c        0x4 Core/Src/rtc.o
 .data.SystemCoreClock
                0x0000000020000010        0x4 Core/Src/system_stm32f4xx.o
                0x0000000020000010                SystemCoreClock
 .data.msg_inv  0x0000000020000014        0x4 Core/Src/task_handler.o
                0x0000000020000014                msg_inv
 .data.uwTickPrio
                0x0000000020000018        0x4 Drivers/STM32F4xx_HAL_Driver/Src/stm32f4xx_hal.o
                0x0000000020000018                uwTickPrio
 .data.uwTickFreq
                0x000000002000001c        0x1 Drivers/STM32F4xx_HAL_Driver/Src/stm32f4xx_hal.o
                0x000000002000001c                uwTickFreq
 *fill*         0x000000002000001d        0x3 
 .data.uxTopUsedPriority
                0x0000000020000020        0x4 common/ThirdParty/FreeRTOS/tasks.o
                0x0000000020000020                uxTopUsedPriority
 .data.uxCriticalNesting
                0x0000000020000024        0x4 common/ThirdParty/FreeRTOS/portable/GCC/ARM_CM4F/port.o
 .data._impure_ptr
                0x0000000020000028        0x4 c:/st/stm32cubeide_1.6.1/stm32cubeide/plugins/com.st.stm32cube.ide.mcu.externaltools.gnu-tools-for-stm32.9-2020-q2-update.win32_1.5.0.202011040924/tools/bin/../lib/gcc/arm-none-eabi/9.3.1/../../../../arm-none-eabi/lib/thumb/v7e-m+fp/hard\libc_nano.a(lib_a-impure.o)
                0x0000000020000028                _impure_ptr
 .data.impure_data
                0x000000002000002c       0x60 c:/st/stm32cubeide_1.6.1/stm32cubeide/plugins/com.st.stm32cube.ide.mcu.externaltools.gnu-tools-for-stm32.9-2020-q2-update.win32_1.5.0.202011040924/tools/bin/../lib/gcc/arm-none-eabi/9.3.1/../../../../arm-none-eabi/lib/thumb/v7e-m+fp/hard\libc_nano.a(lib_a-impure.o)
 *(.RamFunc)
 *(.RamFunc*)
                0x000000002000008c                . = ALIGN (0x4)
                0x000000002000008c                _edata = .

.igot.plt       0x000000002000008c        0x0 load address 0x0000000008009164
 .igot.plt      0x000000002000008c        0x0 c:/st/stm32cubeide_1.6.1/stm32cubeide/plugins/com.st.stm32cube.ide.mcu.externaltools.gnu-tools-for-stm32.9-2020-q2-update.win32_1.5.0.202011040924/tools/bin/../lib/gcc/arm-none-eabi/9.3.1/thumb/v7e-m+fp/hard/crtbegin.o
                0x000000002000008c                . = ALIGN (0x4)

.bss            0x000000002000008c    0x19324 load address 0x0000000008009164
                0x000000002000008c                _sbss = .
                0x000000002000008c                __bss_start__ = _sbss
 *(.bss)
 .bss           0x000000002000008c       0x1c c:/st/stm32cubeide_1.6.1/stm32cubeide/plugins/com.st.stm32cube.ide.mcu.externaltools.gnu-tools-for-stm32.9-2020-q2-update.win32_1.5.0.202011040924/tools/bin/../lib/gcc/arm-none-eabi/9.3.1/thumb/v7e-m+fp/hard/crtbegin.o
 *(.bss*)
 .bss.i.10305   0x00000000200000a8        0x4 Core/Src/led_effect.o
 .bss.i.10309   0x00000000200000ac        0x4 Core/Src/led_effect.o
 .bss.curr_state
                0x00000000200000b0        0x1 Core/Src/main.o
                0x00000000200000b0                curr_state
 *fill*         0x00000000200000b1        0x3 
 .bss.showtime.10274
                0x00000000200000b4       0x28 Core/Src/rtc.o
 .bss.showdate.10275
                0x00000000200000dc       0x28 Core/Src/rtc.o
 .bss.__sbrk_heap_end
                0x0000000020000104        0x4 Core/Src/sysmem.o
 .bss.rtc_state.10312
                0x0000000020000108        0x4 Core/Src/task_handler.o
 .bss.pxCurrentTCB
                0x000000002000010c        0x4 common/ThirdParty/FreeRTOS/tasks.o
                0x000000002000010c                pxCurrentTCB
 .bss.pxReadyTasksLists
                0x0000000020000110       0x64 common/ThirdParty/FreeRTOS/tasks.o
 .bss.xDelayedTaskList1
                0x0000000020000174       0x14 common/ThirdParty/FreeRTOS/tasks.o
 .bss.xDelayedTaskList2
                0x0000000020000188       0x14 common/ThirdParty/FreeRTOS/tasks.o
 .bss.pxDelayedTaskList
                0x000000002000019c        0x4 common/ThirdParty/FreeRTOS/tasks.o
 .bss.pxOverflowDelayedTaskList
                0x00000000200001a0        0x4 common/ThirdParty/FreeRTOS/tasks.o
 .bss.xPendingReadyList
                0x00000000200001a4       0x14 common/ThirdParty/FreeRTOS/tasks.o
 .bss.xTasksWaitingTermination
                0x00000000200001b8       0x14 common/ThirdParty/FreeRTOS/tasks.o
 .bss.uxDeletedTasksWaitingCleanUp
                0x00000000200001cc        0x4 common/ThirdParty/FreeRTOS/tasks.o
 .bss.xSuspendedTaskList
                0x00000000200001d0       0x14 common/ThirdParty/FreeRTOS/tasks.o
 .bss.uxCurrentNumberOfTasks
                0x00000000200001e4        0x4 common/ThirdParty/FreeRTOS/tasks.o
 .bss.xTickCount
                0x00000000200001e8        0x4 common/ThirdParty/FreeRTOS/tasks.o
 .bss.uxTopReadyPriority
                0x00000000200001ec        0x4 common/ThirdParty/FreeRTOS/tasks.o
 .bss.xSchedulerRunning
                0x00000000200001f0        0x4 common/ThirdParty/FreeRTOS/tasks.o
 .bss.xPendedTicks
                0x00000000200001f4        0x4 common/ThirdParty/FreeRTOS/tasks.o
 .bss.xYieldPending
                0x00000000200001f8        0x4 common/ThirdParty/FreeRTOS/tasks.o
 .bss.xNumOfOverflows
                0x00000000200001fc        0x4 common/ThirdParty/FreeRTOS/tasks.o
 .bss.uxTaskNumber
                0x0000000020000200        0x4 common/ThirdParty/FreeRTOS/tasks.o
 .bss.xNextTaskUnblockTime
                0x0000000020000204        0x4 common/ThirdParty/FreeRTOS/tasks.o
 .bss.xIdleTaskHandle
                0x0000000020000208        0x4 common/ThirdParty/FreeRTOS/tasks.o
 .bss.uxSchedulerSuspended
                0x000000002000020c        0x4 common/ThirdParty/FreeRTOS/tasks.o
 .bss.xActiveTimerList1
                0x0000000020000210       0x14 common/ThirdParty/FreeRTOS/timers.o
 .bss.xActiveTimerList2
                0x0000000020000224       0x14 common/ThirdParty/FreeRTOS/timers.o
 .bss.pxCurrentTimerList
                0x0000000020000238        0x4 common/ThirdParty/FreeRTOS/timers.o
 .bss.pxOverflowTimerList
                0x000000002000023c        0x4 common/ThirdParty/FreeRTOS/timers.o
 .bss.xTimerQueue
                0x0000000020000240        0x4 common/ThirdParty/FreeRTOS/timers.o
 .bss.xTimerTaskHandle
                0x0000000020000244        0x4 common/ThirdParty/FreeRTOS/timers.o
 .bss.xLastTime.6896
                0x0000000020000248        0x4 common/ThirdParty/FreeRTOS/timers.o
 .bss.ucMaxSysCallPriority
                0x000000002000024c        0x1 common/ThirdParty/FreeRTOS/portable/GCC/ARM_CM4F/port.o
 *fill*         0x000000002000024d        0x3 
 .bss.ulMaxPRIGROUPValue
                0x0000000020000250        0x4 common/ThirdParty/FreeRTOS/portable/GCC/ARM_CM4F/port.o
 .bss.ucHeap    0x0000000020000254    0x19000 common/ThirdParty/FreeRTOS/portable/MemMang/heap_4.o
 .bss.xStart    0x0000000020019254        0x8 common/ThirdParty/FreeRTOS/portable/MemMang/heap_4.o
 .bss.pxEnd     0x000000002001925c        0x4 common/ThirdParty/FreeRTOS/portable/MemMang/heap_4.o
 .bss.xFreeBytesRemaining
                0x0000000020019260        0x4 common/ThirdParty/FreeRTOS/portable/MemMang/heap_4.o
 .bss.xMinimumEverFreeBytesRemaining
                0x0000000020019264        0x4 common/ThirdParty/FreeRTOS/portable/MemMang/heap_4.o
 .bss.xNumberOfSuccessfulAllocations
                0x0000000020019268        0x4 common/ThirdParty/FreeRTOS/portable/MemMang/heap_4.o
 .bss.xNumberOfSuccessfulFrees
                0x000000002001926c        0x4 common/ThirdParty/FreeRTOS/portable/MemMang/heap_4.o
 .bss.xBlockAllocatedBit
                0x0000000020019270        0x4 common/ThirdParty/FreeRTOS/portable/MemMang/heap_4.o
 .bss.__malloc_free_list
                0x0000000020019274        0x4 c:/st/stm32cubeide_1.6.1/stm32cubeide/plugins/com.st.stm32cube.ide.mcu.externaltools.gnu-tools-for-stm32.9-2020-q2-update.win32_1.5.0.202011040924/tools/bin/../lib/gcc/arm-none-eabi/9.3.1/../../../../arm-none-eabi/lib/thumb/v7e-m+fp/hard\libc_nano.a(lib_a-nano-mallocr.o)
                0x0000000020019274                __malloc_free_list
 .bss.__malloc_sbrk_start
                0x0000000020019278        0x4 c:/st/stm32cubeide_1.6.1/stm32cubeide/plugins/com.st.stm32cube.ide.mcu.externaltools.gnu-tools-for-stm32.9-2020-q2-update.win32_1.5.0.202011040924/tools/bin/../lib/gcc/arm-none-eabi/9.3.1/../../../../arm-none-eabi/lib/thumb/v7e-m+fp/hard\libc_nano.a(lib_a-nano-mallocr.o)
                0x0000000020019278                __malloc_sbrk_start
 *(COMMON)
 COMMON         0x000000002001927c       0x98 Core/Src/main.o
                0x000000002001927c                handle_led_timer
                0x000000002001928c                rtc_timer
                0x0000000020019290                handle_rtc_task
                0x0000000020019294                handle_cmd_task
                0x0000000020019298                q_data
                0x000000002001929c                handle_menu_task
                0x00000000200192a0                q_print
                0x00000000200192a4                hrtc
                0x00000000200192c4                handle_print_task
                0x00000000200192c8                handle_led_task
                0x00000000200192cc                user_data
                0x00000000200192d0                huart2
 COMMON         0x0000000020019314       0x48 Core/Src/stm32f4xx_hal_timebase_tim.o
                0x0000000020019314                htim6
 COMMON         0x000000002001935c        0x4 Drivers/STM32F4xx_HAL_Driver/Src/stm32f4xx_hal.o
                0x000000002001935c                uwTick
 COMMON         0x0000000020019360       0x40 common/ThirdParty/FreeRTOS/queue.o
                0x0000000020019360                xQueueRegistry
 COMMON         0x00000000200193a0        0x9 c:/st/stm32cubeide_1.6.1/stm32cubeide/plugins/com.st.stm32cube.ide.mcu.externaltools.gnu-tools-for-stm32.9-2020-q2-update.win32_1.5.0.202011040924/tools/bin/../lib/gcc/arm-none-eabi/9.3.1/../../../../arm-none-eabi/lib/thumb/v7e-m+fp/hard\libc_nano.a(lib_a-lock.o)
                0x00000000200193a0                __lock___atexit_recursive_mutex
                0x00000000200193a1                __lock___arc4random_mutex
                0x00000000200193a2                __lock___env_recursive_mutex
                0x00000000200193a3                __lock___sinit_recursive_mutex
                0x00000000200193a4                __lock___malloc_recursive_mutex
                0x00000000200193a5                __lock___at_quick_exit_mutex
                0x00000000200193a6                __lock___dd_hash_mutex
                0x00000000200193a7                __lock___tz_mutex
                0x00000000200193a8                __lock___sfp_recursive_mutex
 *fill*         0x00000000200193a9        0x3 
 COMMON         0x00000000200193ac        0x4 c:/st/stm32cubeide_1.6.1/stm32cubeide/plugins/com.st.stm32cube.ide.mcu.externaltools.gnu-tools-for-stm32.9-2020-q2-update.win32_1.5.0.202011040924/tools/bin/../lib/gcc/arm-none-eabi/9.3.1/../../../../arm-none-eabi/lib/thumb/v7e-m+fp/hard\libc_nano.a(lib_a-reent.o)
                0x00000000200193ac                errno
                0x00000000200193b0                . = ALIGN (0x4)
                0x00000000200193b0                _ebss = .
                0x00000000200193b0                __bss_end__ = _ebss

._user_heap_stack
                0x00000000200193b0      0x600 load address 0x0000000008009164
                0x00000000200193b0                . = ALIGN (0x8)
                [!provide]                        PROVIDE (end = .)
                0x00000000200193b0                PROVIDE (_end = .)
                0x00000000200195b0                . = (. + _Min_Heap_Size)
 *fill*         0x00000000200193b0      0x200 
                0x00000000200199b0                . = (. + _Min_Stack_Size)
 *fill*         0x00000000200195b0      0x400 
                0x00000000200199b0                . = ALIGN (0x8)

/DISCARD/
 libc.a(*)
 libm.a(*)
 libgcc.a(*)

.ARM.attributes
                0x0000000000000000       0x30
 *(.ARM.attributes)
 .ARM.attributes
                0x0000000000000000       0x1e c:/st/stm32cubeide_1.6.1/stm32cubeide/plugins/com.st.stm32cube.ide.mcu.externaltools.gnu-tools-for-stm32.9-2020-q2-update.win32_1.5.0.202011040924/tools/bin/../lib/gcc/arm-none-eabi/9.3.1/thumb/v7e-m+fp/hard/crti.o
 .ARM.attributes
                0x000000000000001e       0x34 c:/st/stm32cubeide_1.6.1/stm32cubeide/plugins/com.st.stm32cube.ide.mcu.externaltools.gnu-tools-for-stm32.9-2020-q2-update.win32_1.5.0.202011040924/tools/bin/../lib/gcc/arm-none-eabi/9.3.1/thumb/v7e-m+fp/hard/crtbegin.o
 .ARM.attributes
                0x0000000000000052       0x34 Core/Src/led_effect.o
 .ARM.attributes
                0x0000000000000086       0x34 Core/Src/main.o
 .ARM.attributes
                0x00000000000000ba       0x34 Core/Src/rtc.o
 .ARM.attributes
                0x00000000000000ee       0x34 Core/Src/stm32f4xx_hal_msp.o
 .ARM.attributes
                0x0000000000000122       0x34 Core/Src/stm32f4xx_hal_timebase_tim.o
 .ARM.attributes
                0x0000000000000156       0x34 Core/Src/stm32f4xx_it.o
 .ARM.attributes
                0x000000000000018a       0x34 Core/Src/syscalls.o
 .ARM.attributes
                0x00000000000001be       0x34 Core/Src/sysmem.o
 .ARM.attributes
                0x00000000000001f2       0x34 Core/Src/system_stm32f4xx.o
 .ARM.attributes
                0x0000000000000226       0x34 Core/Src/task_handler.o
 .ARM.attributes
                0x000000000000025a       0x21 Core/Startup/startup_stm32f407vgtx.o
 .ARM.attributes
                0x000000000000027b       0x34 Drivers/STM32F4xx_HAL_Driver/Src/stm32f4xx_hal.o
 .ARM.attributes
                0x00000000000002af       0x34 Drivers/STM32F4xx_HAL_Driver/Src/stm32f4xx_hal_cortex.o
 .ARM.attributes
                0x00000000000002e3       0x34 Drivers/STM32F4xx_HAL_Driver/Src/stm32f4xx_hal_dma.o
 .ARM.attributes
                0x0000000000000317       0x34 Drivers/STM32F4xx_HAL_Driver/Src/stm32f4xx_hal_gpio.o
 .ARM.attributes
                0x000000000000034b       0x34 Drivers/STM32F4xx_HAL_Driver/Src/stm32f4xx_hal_rcc.o
 .ARM.attributes
                0x000000000000037f       0x34 Drivers/STM32F4xx_HAL_Driver/Src/stm32f4xx_hal_rcc_ex.o
 .ARM.attributes
                0x00000000000003b3       0x34 Drivers/STM32F4xx_HAL_Driver/Src/stm32f4xx_hal_rtc.o
 .ARM.attributes
                0x00000000000003e7       0x34 Drivers/STM32F4xx_HAL_Driver/Src/stm32f4xx_hal_tim.o
 .ARM.attributes
                0x000000000000041b       0x34 Drivers/STM32F4xx_HAL_Driver/Src/stm32f4xx_hal_tim_ex.o
 .ARM.attributes
                0x000000000000044f       0x34 Drivers/STM32F4xx_HAL_Driver/Src/stm32f4xx_hal_uart.o
 .ARM.attributes
                0x0000000000000483       0x34 common/ThirdParty/FreeRTOS/list.o
 .ARM.attributes
                0x00000000000004b7       0x34 common/ThirdParty/FreeRTOS/queue.o
 .ARM.attributes
                0x00000000000004eb       0x34 common/ThirdParty/FreeRTOS/tasks.o
 .ARM.attributes
                0x000000000000051f       0x34 common/ThirdParty/FreeRTOS/timers.o
 .ARM.attributes
                0x0000000000000553       0x34 common/ThirdParty/FreeRTOS/portable/GCC/ARM_CM4F/port.o
 .ARM.attributes
                0x0000000000000587       0x34 common/ThirdParty/FreeRTOS/portable/MemMang/heap_4.o
 .ARM.attributes
                0x00000000000005bb       0x34 c:/st/stm32cubeide_1.6.1/stm32cubeide/plugins/com.st.stm32cube.ide.mcu.externaltools.gnu-tools-for-stm32.9-2020-q2-update.win32_1.5.0.202011040924/tools/bin/../lib/gcc/arm-none-eabi/9.3.1/../../../../arm-none-eabi/lib/thumb/v7e-m+fp/hard\libc_nano.a(lib_a-errno.o)
 .ARM.attributes
                0x00000000000005ef       0x32 c:/st/stm32cubeide_1.6.1/stm32cubeide/plugins/com.st.stm32cube.ide.mcu.externaltools.gnu-tools-for-stm32.9-2020-q2-update.win32_1.5.0.202011040924/tools/bin/../lib/gcc/arm-none-eabi/9.3.1/../../../../arm-none-eabi/lib/thumb/v7e-m+fp/hard\libc_nano.a(lib_a-impure.o)
 .ARM.attributes
                0x0000000000000621       0x34 c:/st/stm32cubeide_1.6.1/stm32cubeide/plugins/com.st.stm32cube.ide.mcu.externaltools.gnu-tools-for-stm32.9-2020-q2-update.win32_1.5.0.202011040924/tools/bin/../lib/gcc/arm-none-eabi/9.3.1/../../../../arm-none-eabi/lib/thumb/v7e-m+fp/hard\libc_nano.a(lib_a-init.o)
 .ARM.attributes
                0x0000000000000655       0x34 c:/st/stm32cubeide_1.6.1/stm32cubeide/plugins/com.st.stm32cube.ide.mcu.externaltools.gnu-tools-for-stm32.9-2020-q2-update.win32_1.5.0.202011040924/tools/bin/../lib/gcc/arm-none-eabi/9.3.1/../../../../arm-none-eabi/lib/thumb/v7e-m+fp/hard\libc_nano.a(lib_a-memcpy-stub.o)
 .ARM.attributes
                0x0000000000000689       0x34 c:/st/stm32cubeide_1.6.1/stm32cubeide/plugins/com.st.stm32cube.ide.mcu.externaltools.gnu-tools-for-stm32.9-2020-q2-update.win32_1.5.0.202011040924/tools/bin/../lib/gcc/arm-none-eabi/9.3.1/../../../../arm-none-eabi/lib/thumb/v7e-m+fp/hard\libc_nano.a(lib_a-memset.o)
 .ARM.attributes
                0x00000000000006bd       0x34 c:/st/stm32cubeide_1.6.1/stm32cubeide/plugins/com.st.stm32cube.ide.mcu.externaltools.gnu-tools-for-stm32.9-2020-q2-update.win32_1.5.0.202011040924/tools/bin/../lib/gcc/arm-none-eabi/9.3.1/../../../../arm-none-eabi/lib/thumb/v7e-m+fp/hard\libc_nano.a(lib_a-printf.o)
 .ARM.attributes
                0x00000000000006f1       0x34 c:/st/stm32cubeide_1.6.1/stm32cubeide/plugins/com.st.stm32cube.ide.mcu.externaltools.gnu-tools-for-stm32.9-2020-q2-update.win32_1.5.0.202011040924/tools/bin/../lib/gcc/arm-none-eabi/9.3.1/../../../../arm-none-eabi/lib/thumb/v7e-m+fp/hard\libc_nano.a(lib_a-sprintf.o)
 .ARM.attributes
                0x0000000000000725       0x1c c:/st/stm32cubeide_1.6.1/stm32cubeide/plugins/com.st.stm32cube.ide.mcu.externaltools.gnu-tools-for-stm32.9-2020-q2-update.win32_1.5.0.202011040924/tools/bin/../lib/gcc/arm-none-eabi/9.3.1/../../../../arm-none-eabi/lib/thumb/v7e-m+fp/hard\libc_nano.a(lib_a-strcmp.o)
 .ARM.attributes
                0x0000000000000741       0x17 c:/st/stm32cubeide_1.6.1/stm32cubeide/plugins/com.st.stm32cube.ide.mcu.externaltools.gnu-tools-for-stm32.9-2020-q2-update.win32_1.5.0.202011040924/tools/bin/../lib/gcc/arm-none-eabi/9.3.1/../../../../arm-none-eabi/lib/thumb/v7e-m+fp/hard\libc_nano.a(lib_a-strlen.o)
 .ARM.attributes
                0x0000000000000758       0x34 c:/st/stm32cubeide_1.6.1/stm32cubeide/plugins/com.st.stm32cube.ide.mcu.externaltools.gnu-tools-for-stm32.9-2020-q2-update.win32_1.5.0.202011040924/tools/bin/../lib/gcc/arm-none-eabi/9.3.1/../../../../arm-none-eabi/lib/thumb/v7e-m+fp/hard\libc_nano.a(lib_a-findfp.o)
 .ARM.attributes
                0x000000000000078c       0x34 c:/st/stm32cubeide_1.6.1/stm32cubeide/plugins/com.st.stm32cube.ide.mcu.externaltools.gnu-tools-for-stm32.9-2020-q2-update.win32_1.5.0.202011040924/tools/bin/../lib/gcc/arm-none-eabi/9.3.1/../../../../arm-none-eabi/lib/thumb/v7e-m+fp/hard\libc_nano.a(lib_a-fwalk.o)
 .ARM.attributes
                0x00000000000007c0       0x34 c:/st/stm32cubeide_1.6.1/stm32cubeide/plugins/com.st.stm32cube.ide.mcu.externaltools.gnu-tools-for-stm32.9-2020-q2-update.win32_1.5.0.202011040924/tools/bin/../lib/gcc/arm-none-eabi/9.3.1/../../../../arm-none-eabi/lib/thumb/v7e-m+fp/hard\libc_nano.a(lib_a-lock.o)
 .ARM.attributes