Archive member included to satisfy reference by file (symbol)

c:/st/stm32cubeide_1.6.1/stm32cubeide/plugins/com.st.stm32cube.ide.mcu.externaltools.gnu-tools-for-stm32.9-2020-q2-update.win32_1.5.0.202011040924/tools/bin/../lib/gcc/arm-none-eabi/9.3.1/../../../../arm-none-eabi/lib/thumb/v7e-m+fp/hard\libc_nano.a(lib_a-errno.o)
                              Core/Src/syscalls.o (__errno)
c:/st/stm32cubeide_1.6.1/stm32cubeide/plugins/com.st.stm32cube.ide.mcu.externaltools.gnu-tools-for-stm32.9-2020-q2-update.win32_1.5.0.202011040924/tools/bin/../lib/gcc/arm-none-eabi/9.3.1/../../../../arm-none-eabi/lib/thumb/v7e-m+fp/hard\libc_nano.a(lib_a-exit.o)
                              c:/st/stm32cubeide_1.6.1/stm32cubeide/plugins/com.st.stm32cube.ide.mcu.externaltools.gnu-tools-for-stm32.9-2020-q2-update.win32_1.5.0.202011040924/tools/bin/../lib/gcc/arm-none-eabi/9.3.1/../../../../arm-none-eabi/lib/thumb/v7e-m+fp/hard/crt0.o (exit)
c:/st/stm32cubeide_1.6.1/stm32cubeide/plugins/com.st.stm32cube.ide.mcu.externaltools.gnu-tools-for-stm32.9-2020-q2-update.win32_1.5.0.202011040924/tools/bin/../lib/gcc/arm-none-eabi/9.3.1/../../../../arm-none-eabi/lib/thumb/v7e-m+fp/hard\libc_nano.a(lib_a-impure.o)
                              c:/st/stm32cubeide_1.6.1/stm32cubeide/plugins/com.st.stm32cube.ide.mcu.externaltools.gnu-tools-for-stm32.9-2020-q2-update.win32_1.5.0.202011040924/tools/bin/../lib/gcc/arm-none-eabi/9.3.1/../../../../arm-none-eabi/lib/thumb/v7e-m+fp/hard\libc_nano.a(lib_a-exit.o) (_global_impure_ptr)
c:/st/stm32cubeide_1.6.1/stm32cubeide/plugins/com.st.stm32cube.ide.mcu.externaltools.gnu-tools-for-stm32.9-2020-q2-update.win32_1.5.0.202011040924/tools/bin/../lib/gcc/arm-none-eabi/9.3.1/../../../../arm-none-eabi/lib/thumb/v7e-m+fp/hard\libc_nano.a(lib_a-init.o)
                              c:/st/stm32cubeide_1.6.1/stm32cubeide/plugins/com.st.stm32cube.ide.mcu.externaltools.gnu-tools-for-stm32.9-2020-q2-update.win32_1.5.0.202011040924/tools/bin/../lib/gcc/arm-none-eabi/9.3.1/../../../../arm-none-eabi/lib/thumb/v7e-m+fp/hard/crt0.o (__libc_init_array)
c:/st/stm32cubeide_1.6.1/stm32cubeide/plugins/com.st.stm32cube.ide.mcu.externaltools.gnu-tools-for-stm32.9-2020-q2-update.win32_1.5.0.202011040924/tools/bin/../lib/gcc/arm-none-eabi/9.3.1/../../../../arm-none-eabi/lib/thumb/v7e-m+fp/hard\libc_nano.a(lib_a-memcmp.o)
                              ThirdParty/FreeRTOS/tasks.o (memcmp)
c:/st/stm32cubeide_1.6.1/stm32cubeide/plugins/com.st.stm32cube.ide.mcu.externaltools.gnu-tools-for-stm32.9-2020-q2-update.win32_1.5.0.202011040924/tools/bin/../lib/gcc/arm-none-eabi/9.3.1/../../../../arm-none-eabi/lib/thumb/v7e-m+fp/hard\libc_nano.a(lib_a-memcpy-stub.o)
                              ThirdParty/FreeRTOS/queue.o (memcpy)
c:/st/stm32cubeide_1.6.1/stm32cubeide/plugins/com.st.stm32cube.ide.mcu.externaltools.gnu-tools-for-stm32.9-2020-q2-update.win32_1.5.0.202011040924/tools/bin/../lib/gcc/arm-none-eabi/9.3.1/../../../../arm-none-eabi/lib/thumb/v7e-m+fp/hard\libc_nano.a(lib_a-memset.o)
                              c:/st/stm32cubeide_1.6.1/stm32cubeide/plugins/com.st.stm32cube.ide.mcu.externaltools.gnu-tools-for-stm32.9-2020-q2-update.win32_1.5.0.202011040924/tools/bin/../lib/gcc/arm-none-eabi/9.3.1/../../../../arm-none-eabi/lib/thumb/v7e-m+fp/hard/crt0.o (memset)
c:/st/stm32cubeide_1.6.1/stm32cubeide/plugins/com.st.stm32cube.ide.mcu.externaltools.gnu-tools-for-stm32.9-2020-q2-update.win32_1.5.0.202011040924/tools/bin/../lib/gcc/arm-none-eabi/9.3.1/../../../../arm-none-eabi/lib/thumb/v7e-m+fp/hard\libc_nano.a(lib_a-puts.o)
                              Core/Src/main.o (puts)
c:/st/stm32cubeide_1.6.1/stm32cubeide/plugins/com.st.stm32cube.ide.mcu.externaltools.gnu-tools-for-stm32.9-2020-q2-update.win32_1.5.0.202011040924/tools/bin/../lib/gcc/arm-none-eabi/9.3.1/../../../../arm-none-eabi/lib/thumb/v7e-m+fp/hard\libc_nano.a(lib_a-strlen.o)
                              ThirdParty/SEGGER/SEGGER/SEGGER_RTT.o (strlen)
c:/st/stm32cubeide_1.6.1/stm32cubeide/plugins/com.st.stm32cube.ide.mcu.externaltools.gnu-tools-for-stm32.9-2020-q2-update.win32_1.5.0.202011040924/tools/bin/../lib/gcc/arm-none-eabi/9.3.1/../../../../arm-none-eabi/lib/thumb/v7e-m+fp/hard\libc_nano.a(lib_a-wbuf.o)
                              c:/st/stm32cubeide_1.6.1/stm32cubeide/plugins/com.st.stm32cube.ide.mcu.externaltools.gnu-tools-for-stm32.9-2020-q2-update.win32_1.5.0.202011040924/tools/bin/../lib/gcc/arm-none-eabi/9.3.1/../../../../arm-none-eabi/lib/thumb/v7e-m+fp/hard\libc_nano.a(lib_a-puts.o) (__swbuf_r)
c:/st/stm32cubeide_1.6.1/stm32cubeide/plugins/com.st.stm32cube.ide.mcu.externaltools.gnu-tools-for-stm32.9-2020-q2-update.win32_1.5.0.202011040924/tools/bin/../lib/gcc/arm-none-eabi/9.3.1/../../../../arm-none-eabi/lib/thumb/v7e-m+fp/hard\libc_nano.a(lib_a-wsetup.o)
[...]
Memory Configuration

Name             Origin             Length             Attributes
CCMRAM           0x0000000010000000 0x0000000000010000 xrw
RAM              0x0000000020000000 0x0000000000020000 xrw
FLASH            0x0000000008000000 0x0000000000100000 xr
*default*        0x0000000000000000 0xffffffffffffffff

Linker script and memory map

LOAD c:/st/stm32cubeide_1.6.1/stm32cubeide/plugins/com.st.stm32cube.ide.mcu.externaltools.gnu-tools-for-stm32.9-2020-q2-update.win32_1.5.0.202011040924/tools/bin/../lib/gcc/arm-none-eabi/9.3.1/thumb/v7e-m+fp/hard/crti.o
LOAD c:/st/stm32cubeide_1.6.1/stm32cubeide/plugins/com.st.stm32cube.ide.mcu.externaltools.gnu-tools-for-stm32.9-2020-q2-update.win32_1.5.0.202011040924/tools/bin/../lib/gcc/arm-none-eabi/9.3.1/thumb/v7e-m+fp/hard/crtbegin.o
LOAD c:/st/stm32cubeide_1.6.1/stm32cubeide/plugins/com.st.stm32cube.ide.mcu.externaltools.gnu-tools-for-stm32.9-2020-q2-update.win32_1.5.0.202011040924/tools/bin/../lib/gcc/arm-none-eabi/9.3.1/../../../../arm-none-eabi/lib/thumb/v7e-m+fp/hard/crt0.o
LOAD Core/Src/main.o
LOAD Core/Src/stm32f4xx_hal_msp.o
LOAD Core/Src/stm32f4xx_hal_timebase_tim.o
LOAD Core/Src/stm32f4xx_it.o
LOAD Core/Src/syscalls.o
LOAD Core/Src/system_stm32f4xx.o
LOAD Core/Startup/startup_stm32f407vgtx.o
LOAD Drivers/STM32F4xx_HAL_Driver/Src/stm32f4xx_hal.o
LOAD Drivers/STM32F4xx_HAL_Driver/Src/stm32f4xx_hal_cortex.o
LOAD Drivers/STM32F4xx_HAL_Driver/Src/stm32f4xx_hal_dma.o
LOAD Drivers/STM32F4xx_HAL_Driver/Src/stm32f4xx_hal_dma_ex.o
LOAD Drivers/STM32F4xx_HAL_Driver/Src/stm32f4xx_hal_exti.o
LOAD Drivers/STM32F4xx_HAL_Driver/Src/stm32f4xx_hal_flash.o
LOAD Drivers/STM32F4xx_HAL_Driver/Src/stm32f4xx_hal_flash_ex.o
LOAD Drivers/STM32F4xx_HAL_Driver/Src/stm32f4xx_hal_flash_ramfunc.o
LOAD Drivers/STM32F4xx_HAL_Driver/Src/stm32f4xx_hal_gpio.o
LOAD Drivers/STM32F4xx_HAL_Driver/Src/stm32f4xx_hal_pwr.o
LOAD Drivers/STM32F4xx_HAL_Driver/Src/stm32f4xx_hal_pwr_ex.o
LOAD Drivers/STM32F4xx_HAL_Driver/Src/stm32f4xx_hal_rcc.o
LOAD Drivers/STM32F4xx_HAL_Driver/Src/stm32f4xx_hal_rcc_ex.o
LOAD Drivers/STM32F4xx_HAL_Driver/Src/stm32f4xx_hal_tim.o
LOAD Drivers/STM32F4xx_HAL_Driver/Src/stm32f4xx_hal_tim_ex.o
LOAD ThirdParty/FreeRTOS/croutine.o
LOAD ThirdParty/FreeRTOS/event_groups.o
LOAD ThirdParty/FreeRTOS/list.o
LOAD ThirdParty/FreeRTOS/queue.o
LOAD ThirdParty/FreeRTOS/stream_buffer.o
LOAD ThirdParty/FreeRTOS/tasks.o
LOAD ThirdParty/FreeRTOS/timers.o
LOAD ThirdParty/FreeRTOS/portable/GCC/ARM_CM4F/port.o
LOAD ThirdParty/FreeRTOS/portable/MemMang/heap_4.o
LOAD ThirdParty/SEGGER/Config/SEGGER_SYSVIEW_Config_FreeRTOS.o
LOAD ThirdParty/SEGGER/OS/SEGGER_SYSVIEW_FreeRTOS.o
LOAD ThirdParty/SEGGER/SEGGER/SEGGER_RTT.o
LOAD ThirdParty/SEGGER/SEGGER/SEGGER_RTT_ASM_ARMv7M.o
LOAD ThirdParty/SEGGER/SEGGER/SEGGER_RTT_printf.o
LOAD ThirdParty/SEGGER/SEGGER/SEGGER_SYSVIEW.o
LOAD ThirdParty/SEGGER/SEGGER/Syscalls/SEGGER_RTT_Syscalls_GCC.o
START GROUP
LOAD c:/st/stm32cubeide_1.6.1/stm32cubeide/plugins/com.st.stm32cube.ide.mcu.externaltools.gnu-tools-for-stm32.9-2020-q2-update.win32_1.5.0.202011040924/tools/bin/../lib/gcc/arm-none-eabi/9.3.1/../../../../arm-none-eabi/lib/thumb/v7e-m+fp/hard\libc_nano.a
LOAD c:/st/stm32cubeide_1.6.1/stm32cubeide/plugins/com.st.stm32cube.ide.mcu.externaltools.gnu-tools-for-stm32.9-2020-q2-update.win32_1.5.0.202011040924/tools/bin/../lib/gcc/arm-none-eabi/9.3.1/../../../../arm-none-eabi/lib/thumb/v7e-m+fp/hard\libm.a
END GROUP
START GROUP
LOAD c:/st/stm32cubeide_1.6.1/stm32cubeide/plugins/com.st.stm32cube.ide.mcu.externaltools.gnu-tools-for-stm32.9-2020-q2-update.win32_1.5.0.202011040924/tools/bin/../lib/gcc/arm-none-eabi/9.3.1/thumb/v7e-m+fp/hard\libgcc.a
LOAD c:/st/stm32cubeide_1.6.1/stm32cubeide/plugins/com.st.stm32cube.ide.mcu.externaltools.gnu-tools-for-stm32.9-2020-q2-update.win32_1.5.0.202011040924/tools/bin/../lib/gcc/arm-none-eabi/9.3.1/../../../../arm-none-eabi/lib/thumb/v7e-m+fp/hard\libc_nano.a
END GROUP
START GROUP
LOAD c:/st/stm32cubeide_1.6.1/stm32cubeide/plugins/com.st.stm32cube.ide.mcu.externaltools.gnu-tools-for-stm32.9-2020-q2-update.win32_1.5.0.202011040924/tools/bin/../lib/gcc/arm-none-eabi/9.3.1/thumb/v7e-m+fp/hard\libgcc.a
LOAD c:/st/stm32cubeide_1.6.1/stm32cubeide/plugins/com.st.stm32cube.ide.mcu.externaltools.gnu-tools-for-stm32.9-2020-q2-update.win32_1.5.0.202011040924/tools/bin/../lib/gcc/arm-none-eabi/9.3.1/../../../../arm-none-eabi/lib/thumb/v7e-m+fp/hard\libc_nano.a
LOAD c:/st/stm32cubeide_1.6.1/stm32cubeide/plugins/com.st.stm32cube.ide.mcu.externaltools.gnu-tools-for-stm32.9-2020-q2-update.win32_1.5.0.202011040924/tools/bin/../lib/gcc/arm-none-eabi/9.3.1/../../../../arm-none-eabi/lib/thumb/v7e-m+fp/hard\libnosys.a
END GROUP
START GROUP
LOAD c:/st/stm32cubeide_1.6.1/stm32cubeide/plugins/com.st.stm32cube.ide.mcu.externaltools.gnu-tools-for-stm32.9-2020-q2-update.win32_1.5.0.202011040924/tools/bin/../lib/gcc/arm-none-eabi/9.3.1/thumb/v7e-m+fp/hard\libgcc.a
LOAD c:/st/stm32cubeide_1.6.1/stm32cubeide/plugins/com.st.stm32cube.ide.mcu.externaltools.gnu-tools-for-stm32.9-2020-q2-update.win32_1.5.0.202011040924/tools/bin/../lib/gcc/arm-none-eabi/9.3.1/../../../../arm-none-eabi/lib/thumb/v7e-m+fp/hard\libc_nano.a
LOAD c:/st/stm32cubeide_1.6.1/stm32cubeide/plugins/com.st.stm32cube.ide.mcu.externaltools.gnu-tools-for-stm32.9-2020-q2-update.win32_1.5.0.202011040924/tools/bin/../lib/gcc/arm-none-eabi/9.3.1/../../../../arm-none-eabi/lib/thumb/v7e-m+fp/hard\libnosys.a
END GROUP
LOAD c:/st/stm32cubeide_1.6.1/stm32cubeide/plugins/com.st.stm32cube.ide.mcu.externaltools.gnu-tools-for-stm32.9-2020-q2-update.win32_1.5.0.202011040924/tools/bin/../lib/gcc/arm-none-eabi/9.3.1/thumb/v7e-m+fp/hard/crtend.o
LOAD c:/st/stm32cubeide_1.6.1/stm32cubeide/plugins/com.st.stm32cube.ide.mcu.externaltools.gnu-tools-for-stm32.9-2020-q2-update.win32_1.5.0.202011040924/tools/bin/../lib/gcc/arm-none-eabi/9.3.1/thumb/v7e-m+fp/hard/crtn.o
                0x0000000020020000                _estack = (ORIGIN (RAM) + LENGTH (RAM))
                0x0000000000000200                _Min_Heap_Size = 0x200
                0x0000000000000400                _Min_Stack_Size = 0x400

.isr_vector     0x0000000008000000      0x188
                0x0000000008000000                . = ALIGN (0x4)
 *(.isr_vector)
 .isr_vector    0x0000000008000000      0x188 Core/Startup/startup_stm32f407vgtx.o
                0x0000000008000000                g_pfnVectors
                0x0000000008000188                . = ALIGN (0x4)

.text           0x0000000008000190     0x6f4c
                0x0000000008000190                . = ALIGN (0x4)
 *(.text)
 .text          0x0000000008000190       0x40 c:/st/stm32cubeide_1.6.1/stm32cubeide/plugins/com.st.stm32cube.ide.mcu.externaltools.gnu-tools-for-stm32.9-2020-q2-update.win32_1.5.0.202011040924/tools/bin/../lib/gcc/arm-none-eabi/9.3.1/thumb/v7e-m+fp/hard/crtbegin.o
 .text          0x00000000080001d0       0x94 ThirdParty/SEGGER/SEGGER/SEGGER_RTT_ASM_ARMv7M.o
                0x00000000080001d0                SEGGER_RTT_ASM_WriteSkipNoLock
 .text          0x0000000008000264       0x30 c:/st/stm32cubeide_1.6.1/stm32cubeide/plugins/com.st.stm32cube.ide.mcu.externaltools.gnu-tools-for-stm32.9-2020-q2-update.win32_1.5.0.202011040924/tools/bin/../lib/gcc/arm-none-eabi/9.3.1/thumb/v7e-m+fp/hard\libgcc.a(_aeabi_uldivmod.o)
                0x0000000008000264                __aeabi_uldivmod
 .text          0x0000000008000294      0x2c4 c:/st/stm32cubeide_1.6.1/stm32cubeide/plugins/com.st.stm32cube.ide.mcu.externaltools.gnu-tools-for-stm32.9-2020-q2-update.win32_1.5.0.202011040924/tools/bin/../lib/gcc/arm-none-eabi/9.3.1/thumb/v7e-m+fp/hard\libgcc.a(_udivmoddi4.o)
                0x0000000008000294                __udivmoddi4
 .text          0x0000000008000558        0x4 c:/st/stm32cubeide_1.6.1/stm32cubeide/plugins/com.st.stm32cube.ide.mcu.externaltools.gnu-tools-for-stm32.9-2020-q2-update.win32_1.5.0.202011040924/tools/bin/../lib/gcc/arm-none-eabi/9.3.1/thumb/v7e-m+fp/hard\libgcc.a(_dvmd_tls.o)
                0x0000000008000558                __aeabi_idiv0
                0x0000000008000558                __aeabi_ldiv0
 *(.text*)
 .text.main     0x000000000800055c       0xb0 Core/Src/main.o
                0x000000000800055c                main
 .text.SystemClock_Config
                0x000000000800060c       0xd4 Core/Src/main.o
                0x000000000800060c                SystemClock_Config
 .text.MX_GPIO_Init
                0x00000000080006e0      0x2c0 Core/Src/main.o
 .text.task1_handler
                0x00000000080009a0       0x10 Core/Src/main.o
 .text.task2_handler
                0x00000000080009b0       0x10 Core/Src/main.o
 .text.HAL_TIM_PeriodElapsedCallback
                0x00000000080009c0       0x24 Core/Src/main.o
                0x00000000080009c0                HAL_TIM_PeriodElapsedCallback
 .text.Error_Handler
                0x00000000080009e4        0xa Core/Src/main.o
                0x00000000080009e4                Error_Handler
 *fill*         0x00000000080009ee        0x2 
 .text.HAL_MspInit
                0x00000000080009f0       0x50 Core/Src/stm32f4xx_hal_msp.o
                0x00000000080009f0                HAL_MspInit
 .text.HAL_InitTick
                0x0000000008000a40       0xb4 Core/Src/stm32f4xx_hal_timebase_tim.o
                0x0000000008000a40                HAL_InitTick
 .text.NMI_Handler
                0x0000000008000af4        0x6 Core/Src/stm32f4xx_it.o
                0x0000000008000af4                NMI_Handler
 .text.HardFault_Handler
                0x0000000008000afa        0x6 Core/Src/stm32f4xx_it.o
                0x0000000008000afa                HardFault_Handler
 .text.MemManage_Handler
                0x0000000008000b00        0x6 Core/Src/stm32f4xx_it.o
                0x0000000008000b00                MemManage_Handler
 .text.BusFault_Handler
                0x0000000008000b06        0x6 Core/Src/stm32f4xx_it.o
                0x0000000008000b06                BusFault_Handler
 .text.UsageFault_Handler
                0x0000000008000b0c        0x6 Core/Src/stm32f4xx_it.o
                0x0000000008000b0c                UsageFault_Handler
 .text.DebugMon_Handler
                0x0000000008000b12        0xe Core/Src/stm32f4xx_it.o
                0x0000000008000b12                DebugMon_Handler
 .text.TIM6_DAC_IRQHandler
                0x0000000008000b20       0x14 Core/Src/stm32f4xx_it.o
                0x0000000008000b20                TIM6_DAC_IRQHandler
 .text._read    0x0000000008000b34       0x3a Core/Src/syscalls.o
                0x0000000008000b34                _read
 .text._close   0x0000000008000b6e       0x18 Core/Src/syscalls.o
                0x0000000008000b6e                _close
 .text._fstat   0x0000000008000b86       0x20 Core/Src/syscalls.o
                0x0000000008000b86                _fstat
 .text._isatty  0x0000000008000ba6       0x16 Core/Src/syscalls.o
                0x0000000008000ba6                _isatty
 .text._lseek   0x0000000008000bbc       0x1a Core/Src/syscalls.o
                0x0000000008000bbc                _lseek
 *fill*         0x0000000008000bd6        0x2 
 .text.SystemInit
                0x0000000008000bd8       0x24 Core/Src/system_stm32f4xx.o
                0x0000000008000bd8                SystemInit
 .text.Reset_Handler
                0x0000000008000bfc       0x50 Core/Startup/startup_stm32f407vgtx.o
                0x0000000008000bfc                Reset_Handler
 .text.Default_Handler
                0x0000000008000c4c        0x2 Core/Startup/startup_stm32f407vgtx.o
                0x0000000008000c4c                RTC_Alarm_IRQHandler
                0x0000000008000c4c                HASH_RNG_IRQHandler
                0x0000000008000c4c                EXTI2_IRQHandler
                0x0000000008000c4c                TIM8_CC_IRQHandler
                0x0000000008000c4c                TIM1_CC_IRQHandler
                0x0000000008000c4c                DMA2_Stream5_IRQHandler
                0x0000000008000c4c                DMA1_Stream5_IRQHandler
                0x0000000008000c4c                PVD_IRQHandler
                0x0000000008000c4c                SDIO_IRQHandler
                0x0000000008000c4c                TAMP_STAMP_IRQHandler
                0x0000000008000c4c                CAN2_RX1_IRQHandler
                0x0000000008000c4c                EXTI3_IRQHandler
                0x0000000008000c4c                TIM8_TRG_COM_TIM14_IRQHandler
                0x0000000008000c4c                TIM1_UP_TIM10_IRQHandler
                0x0000000008000c4c                TIM8_UP_TIM13_IRQHandler
                0x0000000008000c4c                I2C3_ER_IRQHandler
                0x0000000008000c4c                EXTI0_IRQHandler
                0x0000000008000c4c                I2C2_EV_IRQHandler
                0x0000000008000c4c                DMA1_Stream2_IRQHandler
                0x0000000008000c4c                CAN1_RX0_IRQHandler
                0x0000000008000c4c                FPU_IRQHandler
                0x0000000008000c4c                OTG_HS_WKUP_IRQHandler
                0x0000000008000c4c                CAN2_SCE_IRQHandler
                0x0000000008000c4c                DMA2_Stream2_IRQHandler
                0x0000000008000c4c                SPI1_IRQHandler
                0x0000000008000c4c                TIM1_BRK_TIM9_IRQHandler
                0x0000000008000c4c                DCMI_IRQHandler
                0x0000000008000c4c                CAN2_RX0_IRQHandler
                0x0000000008000c4c                DMA2_Stream3_IRQHandler
                0x0000000008000c4c                USART6_IRQHandler
                0x0000000008000c4c                USART3_IRQHandler
                0x0000000008000c4c                CAN1_RX1_IRQHandler
                0x0000000008000c4c                UART5_IRQHandler
                0x0000000008000c4c                DMA2_Stream0_IRQHandler
                0x0000000008000c4c                TIM4_IRQHandler
                0x0000000008000c4c                I2C1_EV_IRQHandler
                0x0000000008000c4c                DMA1_Stream6_IRQHandler
                0x0000000008000c4c                DMA1_Stream1_IRQHandler
                0x0000000008000c4c                UART4_IRQHandler
                0x0000000008000c4c                TIM3_IRQHandler
                0x0000000008000c4c                RCC_IRQHandler
                0x0000000008000c4c                TIM8_BRK_TIM12_IRQHandler
                0x0000000008000c4c                Default_Handler
                0x0000000008000c4c                EXTI15_10_IRQHandler
                0x0000000008000c4c                ADC_IRQHandler
                0x0000000008000c4c                DMA1_Stream7_IRQHandler
                0x0000000008000c4c                TIM7_IRQHandler
                0x0000000008000c4c                CAN2_TX_IRQHandler
                0x0000000008000c4c                TIM5_IRQHandler
                0x0000000008000c4c                DMA2_Stream7_IRQHandler
                0x0000000008000c4c                I2C3_EV_IRQHandler
                0x0000000008000c4c                EXTI9_5_IRQHandler
                0x0000000008000c4c                RTC_WKUP_IRQHandler
                0x0000000008000c4c                ETH_WKUP_IRQHandler
                0x0000000008000c4c                SPI2_IRQHandler
                0x0000000008000c4c                OTG_HS_EP1_IN_IRQHandler
                0x0000000008000c4c                DMA1_Stream0_IRQHandler
                0x0000000008000c4c                CAN1_TX_IRQHandler
                0x0000000008000c4c                EXTI4_IRQHandler
                0x0000000008000c4c                FSMC_IRQHandler
                0x0000000008000c4c                ETH_IRQHandler
                0x0000000008000c4c                OTG_HS_EP1_OUT_IRQHandler
                0x0000000008000c4c                WWDG_IRQHandler
                0x0000000008000c4c                TIM2_IRQHandler
                0x0000000008000c4c                OTG_FS_WKUP_IRQHandler
                0x0000000008000c4c                TIM1_TRG_COM_TIM11_IRQHandler
                0x0000000008000c4c                OTG_HS_IRQHandler
                0x0000000008000c4c                EXTI1_IRQHandler
                0x0000000008000c4c                USART2_IRQHandler
                0x0000000008000c4c                I2C2_ER_IRQHandler
                0x0000000008000c4c                DMA2_Stream1_IRQHandler
                0x0000000008000c4c                CAN1_SCE_IRQHandler
                0x0000000008000c4c                FLASH_IRQHandler
                0x0000000008000c4c                DMA2_Stream4_IRQHandler
                0x0000000008000c4c                USART1_IRQHandler
                0x0000000008000c4c                OTG_FS_IRQHandler
                0x0000000008000c4c                SPI3_IRQHandler
                0x0000000008000c4c                DMA1_Stream4_IRQHandler
                0x0000000008000c4c                I2C1_ER_IRQHandler
                0x0000000008000c4c                DMA2_Stream6_IRQHandler
                0x0000000008000c4c                DMA1_Stream3_IRQHandler
 *fill*         0x0000000008000c4e        0x2 
 .text.HAL_Init
                0x0000000008000c50       0x44 Drivers/STM32F4xx_HAL_Driver/Src/stm32f4xx_hal.o
                0x0000000008000c50                HAL_Init
 .text.HAL_IncTick
                0x0000000008000c94       0x28 Drivers/STM32F4xx_HAL_Driver/Src/stm32f4xx_hal.o
                0x0000000008000c94                HAL_IncTick
 .text.HAL_GetTick
                0x0000000008000cbc       0x18 Drivers/STM32F4xx_HAL_Driver/Src/stm32f4xx_hal.o
                0x0000000008000cbc                HAL_GetTick
 .text.__NVIC_SetPriorityGrouping
                0x0000000008000cd4       0x48 Drivers/STM32F4xx_HAL_Driver/Src/stm32f4xx_hal_cortex.o
 .text.__NVIC_GetPriorityGrouping
                0x0000000008000d1c       0x1c Drivers/STM32F4xx_HAL_Driver/Src/stm32f4xx_hal_cortex.o
 .text.__NVIC_EnableIRQ
                0x0000000008000d38       0x3c Drivers/STM32F4xx_HAL_Driver/Src/stm32f4xx_hal_cortex.o
 .text.__NVIC_SetPriority
                0x0000000008000d74       0x54 Drivers/STM32F4xx_HAL_Driver/Src/stm32f4xx_hal_cortex.o
 .text.NVIC_EncodePriority
                0x0000000008000dc8       0x66 Drivers/STM32F4xx_HAL_Driver/Src/stm32f4xx_hal_cortex.o
 .text.HAL_NVIC_SetPriorityGrouping
                0x0000000008000e2e       0x16 Drivers/STM32F4xx_HAL_Driver/Src/stm32f4xx_hal_cortex.o
                0x0000000008000e2e                HAL_NVIC_SetPriorityGrouping
 .text.HAL_NVIC_SetPriority
                0x0000000008000e44       0x38 Drivers/STM32F4xx_HAL_Driver/Src/stm32f4xx_hal_cortex.o
                0x0000000008000e44                HAL_NVIC_SetPriority
 .text.HAL_NVIC_EnableIRQ
                0x0000000008000e7c       0x1c Drivers/STM32F4xx_HAL_Driver/Src/stm32f4xx_hal_cortex.o
                0x0000000008000e7c                HAL_NVIC_EnableIRQ
 .text.HAL_GPIO_Init
                0x0000000008000e98      0x338 Drivers/STM32F4xx_HAL_Driver/Src/stm32f4xx_hal_gpio.o
                0x0000000008000e98                HAL_GPIO_Init
 .text.HAL_GPIO_WritePin
                0x00000000080011d0       0x32 Drivers/STM32F4xx_HAL_Driver/Src/stm32f4xx_hal_gpio.o
                0x00000000080011d0                HAL_GPIO_WritePin
 *fill*         0x0000000008001202        0x2 
 .text.HAL_RCC_OscConfig
                0x0000000008001204      0x4f0 Drivers/STM32F4xx_HAL_Driver/Src/stm32f4xx_hal_rcc.o
                0x0000000008001204                HAL_RCC_OscConfig
 .text.HAL_RCC_ClockConfig
                0x00000000080016f4      0x1cc Drivers/STM32F4xx_HAL_Driver/Src/stm32f4xx_hal_rcc.o
                0x00000000080016f4                HAL_RCC_ClockConfig
 .text.HAL_RCC_GetSysClockFreq
                0x00000000080018c0      0x1c4 Drivers/STM32F4xx_HAL_Driver/Src/stm32f4xx_hal_rcc.o
                0x00000000080018c0                HAL_RCC_GetSysClockFreq
 .text.HAL_RCC_GetHCLKFreq
                0x0000000008001a84       0x18 Drivers/STM32F4xx_HAL_Driver/Src/stm32f4xx_hal_rcc.o
                0x0000000008001a84                HAL_RCC_GetHCLKFreq
 .text.HAL_RCC_GetPCLK1Freq
                0x0000000008001a9c       0x28 Drivers/STM32F4xx_HAL_Driver/Src/stm32f4xx_hal_rcc.o
                0x0000000008001a9c                HAL_RCC_GetPCLK1Freq
 .text.HAL_RCC_GetClockConfig
                0x0000000008001ac4       0x64 Drivers/STM32F4xx_HAL_Driver/Src/stm32f4xx_hal_rcc.o
                0x0000000008001ac4                HAL_RCC_GetClockConfig
 .text.HAL_TIM_Base_Init
                0x0000000008001b28       0x9e Drivers/STM32F4xx_HAL_Driver/Src/stm32f4xx_hal_tim.o
                0x0000000008001b28                HAL_TIM_Base_Init
 .text.HAL_TIM_Base_MspInit
                0x0000000008001bc6       0x14 Drivers/STM32F4xx_HAL_Driver/Src/stm32f4xx_hal_tim.o
                0x0000000008001bc6                HAL_TIM_Base_MspInit
 *fill*         0x0000000008001bda        0x2 
 .text.HAL_TIM_Base_Start_IT
                0x0000000008001bdc       0xe0 Drivers/STM32F4xx_HAL_Driver/Src/stm32f4xx_hal_tim.o
                0x0000000008001bdc                HAL_TIM_Base_Start_IT
 .text.HAL_TIM_IRQHandler
                0x0000000008001cbc      0x210 Drivers/STM32F4xx_HAL_Driver/Src/stm32f4xx_hal_tim.o
                0x0000000008001cbc                HAL_TIM_IRQHandler
 .text.HAL_TIM_OC_DelayElapsedCallback
                0x0000000008001ecc       0x14 Drivers/STM32F4xx_HAL_Driver/Src/stm32f4xx_hal_tim.o
                0x0000000008001ecc                HAL_TIM_OC_DelayElapsedCallback
 .text.HAL_TIM_IC_CaptureCallback
                0x0000000008001ee0       0x14 Drivers/STM32F4xx_HAL_Driver/Src/stm32f4xx_hal_tim.o
                0x0000000008001ee0                HAL_TIM_IC_CaptureCallback
 .text.HAL_TIM_PWM_PulseFinishedCallback
                0x0000000008001ef4       0x14 Drivers/STM32F4xx_HAL_Driver/Src/stm32f4xx_hal_tim.o
                0x0000000008001ef4                HAL_TIM_PWM_PulseFinishedCallback
 .text.HAL_TIM_TriggerCallback
                0x0000000008001f08       0x14 Drivers/STM32F4xx_HAL_Driver/Src/stm32f4xx_hal_tim.o
                0x0000000008001f08                HAL_TIM_TriggerCallback
 .text.TIM_Base_SetConfig
                0x0000000008001f1c      0x140 Drivers/STM32F4xx_HAL_Driver/Src/stm32f4xx_hal_tim.o
                0x0000000008001f1c                TIM_Base_SetConfig
 .text.HAL_TIMEx_CommutCallback
                0x000000000800205c       0x14 Drivers/STM32F4xx_HAL_Driver/Src/stm32f4xx_hal_tim_ex.o
                0x000000000800205c                HAL_TIMEx_CommutCallback
 .text.HAL_TIMEx_BreakCallback
                0x0000000008002070       0x14 Drivers/STM32F4xx_HAL_Driver/Src/stm32f4xx_hal_tim_ex.o
                0x0000000008002070                HAL_TIMEx_BreakCallback
 .text.vListInitialise
                0x0000000008002084       0x40 ThirdParty/FreeRTOS/list.o
                0x0000000008002084                vListInitialise
 .text.vListInitialiseItem
                0x00000000080020c4       0x1a ThirdParty/FreeRTOS/list.o
                0x00000000080020c4                vListInitialiseItem
 .text.vListInsertEnd
                0x00000000080020de       0x48 ThirdParty/FreeRTOS/list.o
                0x00000000080020de                vListInsertEnd
 .text.vListInsert
                0x0000000008002126       0x72 ThirdParty/FreeRTOS/list.o
                0x0000000008002126                vListInsert
 .text.uxListRemove
                0x0000000008002198       0x54 ThirdParty/FreeRTOS/list.o
                0x0000000008002198                uxListRemove
 .text.xQueueGenericReset
                0x00000000080021ec       0xd0 ThirdParty/FreeRTOS/queue.o
                0x00000000080021ec                xQueueGenericReset
 .text.xQueueGenericCreate
                0x00000000080022bc       0xbe ThirdParty/FreeRTOS/queue.o
                0x00000000080022bc                xQueueGenericCreate
 .text.prvInitialiseNewQueue
                0x000000000800237a       0x52 ThirdParty/FreeRTOS/queue.o
 .text.xQueueGenericSend
                0x00000000080023cc      0x24c ThirdParty/FreeRTOS/queue.o
                0x00000000080023cc                xQueueGenericSend
 .text.xQueueGenericSendFromISR
                0x0000000008002618      0x17c ThirdParty/FreeRTOS/queue.o
                0x0000000008002618                xQueueGenericSendFromISR
 .text.xQueueReceive
                0x0000000008002794      0x220 ThirdParty/FreeRTOS/queue.o
                0x0000000008002794                xQueueReceive
 .text.prvCopyDataToQueue
                0x00000000080029b4       0xd4 ThirdParty/FreeRTOS/queue.o
 .text.prvCopyDataFromQueue
                0x0000000008002a88       0x4c ThirdParty/FreeRTOS/queue.o
 .text.prvUnlockQueue
                0x0000000008002ad4       0xa4 ThirdParty/FreeRTOS/queue.o
 .text.prvIsQueueEmpty
                0x0000000008002b78       0x2c ThirdParty/FreeRTOS/queue.o
 .text.prvIsQueueFull
                0x0000000008002ba4       0x30 ThirdParty/FreeRTOS/queue.o
 .text.vQueueAddToRegistry
                0x0000000008002bd4       0x64 ThirdParty/FreeRTOS/queue.o
                0x0000000008002bd4                vQueueAddToRegistry
 .text.vQueueWaitForMessageRestricted
                0x0000000008002c38       0x68 ThirdParty/FreeRTOS/queue.o
                0x0000000008002c38                vQueueWaitForMessageRestricted
 .text.xTaskCreate
                0x0000000008002ca0       0x82 ThirdParty/FreeRTOS/tasks.o
                0x0000000008002ca0                xTaskCreate
 .text.prvInitialiseNewTask
                0x0000000008002d22      0x12c ThirdParty/FreeRTOS/tasks.o
 *fill*         0x0000000008002e4e        0x2 
 .text.prvAddNewTaskToReadyList
                0x0000000008002e50      0x118 ThirdParty/FreeRTOS/tasks.o
 .text.vTaskStartScheduler
                0x0000000008002f68       0xcc ThirdParty/FreeRTOS/tasks.o
                0x0000000008002f68                vTaskStartScheduler
 .text.vTaskSuspendAll
                0x0000000008003034       0x1c ThirdParty/FreeRTOS/tasks.o
                0x0000000008003034                vTaskSuspendAll
 .text.xTaskResumeAll
                0x0000000008003050      0x140 ThirdParty/FreeRTOS/tasks.o
                0x0000000008003050                xTaskResumeAll
 .text.xTaskGetTickCount
                0x0000000008003190       0x20 ThirdParty/FreeRTOS/tasks.o
                0x0000000008003190                xTaskGetTickCount
 .text.xTaskGetTickCountFromISR
                0x00000000080031b0       0x24 ThirdParty/FreeRTOS/tasks.o
                0x00000000080031b0                xTaskGetTickCountFromISR
 .text.xTaskIncrementTick
                0x00000000080031d4      0x178 ThirdParty/FreeRTOS/tasks.o
                0x00000000080031d4                xTaskIncrementTick
 .text.vTaskSwitchContext
                0x000000000800334c       0xdc ThirdParty/FreeRTOS/tasks.o
                0x000000000800334c                vTaskSwitchContext
 .text.vTaskPlaceOnEventList
                0x0000000008003428       0x48 ThirdParty/FreeRTOS/tasks.o
                0x0000000008003428                vTaskPlaceOnEventList
 .text.vTaskPlaceOnEventListRestricted
                0x0000000008003470       0x5c ThirdParty/FreeRTOS/tasks.o
                0x0000000008003470                vTaskPlaceOnEventListRestricted
 .text.xTaskRemoveFromEventList
                0x00000000080034cc       0xcc ThirdParty/FreeRTOS/tasks.o
                0x00000000080034cc                xTaskRemoveFromEventList
 .text.vTaskInternalSetTimeOutState
                0x0000000008003598       0x2c ThirdParty/FreeRTOS/tasks.o
                0x0000000008003598                vTaskInternalSetTimeOutState
 .text.xTaskCheckForTimeOut
                0x00000000080035c4       0xcc ThirdParty/FreeRTOS/tasks.o
                0x00000000080035c4                xTaskCheckForTimeOut
 .text.vTaskMissedYield
                0x0000000008003690       0x18 ThirdParty/FreeRTOS/tasks.o
                0x0000000008003690                vTaskMissedYield
 .text.prvIdleTask
                0x00000000080036a8       0x30 ThirdParty/FreeRTOS/tasks.o
 .text.prvInitialiseTaskLists
                0x00000000080036d8       0x80 ThirdParty/FreeRTOS/tasks.o
 .text.prvCheckTasksWaitingTermination
                0x0000000008003758       0x5c ThirdParty/FreeRTOS/tasks.o
 .text.prvDeleteTCB
                0x00000000080037b4       0x20 ThirdParty/FreeRTOS/tasks.o
 .text.prvResetNextTaskUnblockTime
                0x00000000080037d4       0x38 ThirdParty/FreeRTOS/tasks.o
 .text.xTaskGetSchedulerState
                0x000000000800380c       0x3c ThirdParty/FreeRTOS/tasks.o
                0x000000000800380c                xTaskGetSchedulerState
 .text.xTaskPriorityDisinherit
                0x0000000008003848      0x100 ThirdParty/FreeRTOS/tasks.o
                0x0000000008003848                xTaskPriorityDisinherit
 .text.prvAddCurrentTaskToDelayedList
                0x0000000008003948       0xf0 ThirdParty/FreeRTOS/tasks.o
 .text.xTimerCreateTimerTask
                0x0000000008003a38       0x64 ThirdParty/FreeRTOS/timers.o
                0x0000000008003a38                xTimerCreateTimerTask
 .text.xTimerGenericCommand
                0x0000000008003a9c       0x9c ThirdParty/FreeRTOS/timers.o
                0x0000000008003a9c                xTimerGenericCommand
 .text.prvProcessExpiredTimer
                0x0000000008003b38       0x98 ThirdParty/FreeRTOS/timers.o
 .text.prvTimerTask
                0x0000000008003bd0       0x24 ThirdParty/FreeRTOS/timers.o
 .text.prvProcessTimerOrBlockTask
                0x0000000008003bf4       0x9c ThirdParty/FreeRTOS/timers.o
 .text.prvGetNextExpireTime
                0x0000000008003c90       0x48 ThirdParty/FreeRTOS/timers.o
 .text.prvSampleTimeNow
                0x0000000008003cd8       0x40 ThirdParty/FreeRTOS/timers.o
 .text.prvInsertTimerInActiveList
                0x0000000008003d18       0x84 ThirdParty/FreeRTOS/timers.o
 .text.prvProcessReceivedCommands
                0x0000000008003d9c      0x18c ThirdParty/FreeRTOS/timers.o
 .text.prvSwitchTimerLists
                0x0000000008003f28       0xc8 ThirdParty/FreeRTOS/timers.o
 .text.prvCheckForValidListAndQueue
                0x0000000008003ff0       0x6c ThirdParty/FreeRTOS/timers.o
 .text.pxPortInitialiseStack
                0x000000000800405c       0x68 ThirdParty/FreeRTOS/portable/GCC/ARM_CM4F/port.o
                0x000000000800405c                pxPortInitialiseStack
 .text.prvTaskExitError
                0x00000000080040c4       0x58 ThirdParty/FreeRTOS/portable/GCC/ARM_CM4F/port.o
 *fill*         0x000000000800411c        0x4 
 .text.SVC_Handler
                0x0000000008004120       0x28 ThirdParty/FreeRTOS/portable/GCC/ARM_CM4F/port.o
                0x0000000008004120                SVC_Handler
 .text.prvPortStartFirstTask
                0x0000000008004148       0x2c ThirdParty/FreeRTOS/portable/GCC/ARM_CM4F/port.o
 .text.xPortStartScheduler
                0x0000000008004174      0x144 ThirdParty/FreeRTOS/portable/GCC/ARM_CM4F/port.o
                0x0000000008004174                xPortStartScheduler
 .text.vInitPrioGroupValue
                0x00000000080042b8       0xfc ThirdParty/FreeRTOS/portable/GCC/ARM_CM4F/port.o
                0x00000000080042b8                vInitPrioGroupValue
 .text.vPortEnterCritical
                0x00000000080043b4       0x60 ThirdParty/FreeRTOS/portable/GCC/ARM_CM4F/port.o
                0x00000000080043b4                vPortEnterCritical
 .text.vPortExitCritical
                0x0000000008004414       0x54 ThirdParty/FreeRTOS/portable/GCC/ARM_CM4F/port.o
                0x0000000008004414                vPortExitCritical
 *fill*         0x0000000008004468        0x8 
 .text.PendSV_Handler
                0x0000000008004470       0x68 ThirdParty/FreeRTOS/portable/GCC/ARM_CM4F/port.o
                0x0000000008004470                PendSV_Handler
 .text.SysTick_Handler
                0x00000000080044d8       0x54 ThirdParty/FreeRTOS/portable/GCC/ARM_CM4F/port.o
                0x00000000080044d8                SysTick_Handler
 .text.vPortSetupTimerInterrupt
                0x000000000800452c       0x48 ThirdParty/FreeRTOS/portable/GCC/ARM_CM4F/port.o
                0x000000000800452c                vPortSetupTimerInterrupt
 .text.vPortEnableVFP
                0x0000000008004574       0x18 ThirdParty/FreeRTOS/portable/GCC/ARM_CM4F/port.o
 .text.vPortValidateInterruptPriority
                0x000000000800458c       0x80 ThirdParty/FreeRTOS/portable/GCC/ARM_CM4F/port.o
                0x000000000800458c                vPortValidateInterruptPriority
 .text.pvPortMalloc
                0x000000000800460c      0x1c0 ThirdParty/FreeRTOS/portable/MemMang/heap_4.o
                0x000000000800460c                pvPortMalloc
 .text.vPortFree
                0x00000000080047cc       0xc4 ThirdParty/FreeRTOS/portable/MemMang/heap_4.o
                0x00000000080047cc                vPortFree
 .text.prvHeapInit
                0x0000000008004890       0xc4 ThirdParty/FreeRTOS/portable/MemMang/heap_4.o
 .text.prvInsertBlockIntoFreeList
                0x0000000008004954       0xb4 ThirdParty/FreeRTOS/portable/MemMang/heap_4.o
 .text._cbSendSystemDesc
                0x0000000008004a08       0x1c ThirdParty/SEGGER/Config/SEGGER_SYSVIEW_Config_FreeRTOS.o
 .text.SEGGER_SYSVIEW_Conf
                0x0000000008004a24       0x2c ThirdParty/SEGGER/Config/SEGGER_SYSVIEW_Config_FreeRTOS.o
                0x0000000008004a24                SEGGER_SYSVIEW_Conf
 .text._cbSendTaskList
                0x0000000008004a50       0x90 ThirdParty/SEGGER/OS/SEGGER_SYSVIEW_FreeRTOS.o
 .text._cbGetTime
                0x0000000008004ae0       0x78 ThirdParty/SEGGER/OS/SEGGER_SYSVIEW_FreeRTOS.o
 .text.SYSVIEW_AddTask
                0x0000000008004b58       0xd0 ThirdParty/SEGGER/OS/SEGGER_SYSVIEW_FreeRTOS.o
                0x0000000008004b58                SYSVIEW_AddTask
 .text.SYSVIEW_SendTaskInfo
                0x0000000008004c28       0x42 ThirdParty/SEGGER/OS/SEGGER_SYSVIEW_FreeRTOS.o
                0x0000000008004c28                SYSVIEW_SendTaskInfo
 *fill*         0x0000000008004c6a        0x2 
 .text._DoInit  0x0000000008004c6c       0xb0 ThirdParty/SEGGER/SEGGER/SEGGER_RTT.o
 .text._WriteBlocking
                0x0000000008004d1c       0xba ThirdParty/SEGGER/SEGGER/SEGGER_RTT.o
 .text._WriteNoCheck
                0x0000000008004dd6       0x90 ThirdParty/SEGGER/SEGGER/SEGGER_RTT.o
 .text._GetAvailWriteSpace
                0x0000000008004e66       0x46 ThirdParty/SEGGER/SEGGER/SEGGER_RTT.o
 .text.SEGGER_RTT_ReadNoLock
                0x0000000008004eac      0x10c ThirdParty/SEGGER/SEGGER/SEGGER_RTT.o
                0x0000000008004eac                SEGGER_RTT_ReadNoLock
 .text.SEGGER_RTT_WriteNoLock
                0x0000000008004fb8       0xa0 ThirdParty/SEGGER/SEGGER/SEGGER_RTT.o
                0x0000000008004fb8                SEGGER_RTT_WriteNoLock
 .text.SEGGER_RTT_Write
                0x0000000008005058       0x4c ThirdParty/SEGGER/SEGGER/SEGGER_RTT.o
                0x0000000008005058                SEGGER_RTT_Write
 .text.SEGGER_RTT_AllocUpBuffer
                0x00000000080050a4      0x108 ThirdParty/SEGGER/SEGGER/SEGGER_RTT.o
                0x00000000080050a4                SEGGER_RTT_AllocUpBuffer
 .text.SEGGER_RTT_ConfigDownBuffer
                0x00000000080051ac       0xe0 ThirdParty/SEGGER/SEGGER/SEGGER_RTT.o
                0x00000000080051ac                SEGGER_RTT_ConfigDownBuffer
 .text._EncodeStr
                0x000000000800528c       0x9a ThirdParty/SEGGER/SEGGER/SEGGER_SYSVIEW.o
 .text._PreparePacket
                0x0000000008005326       0x18 ThirdParty/SEGGER/SEGGER/SEGGER_SYSVIEW.o
 *fill*         0x000000000800533e        0x2 
 .text._HandleIncomingPacket
                0x0000000008005340       0xe4 ThirdParty/SEGGER/SEGGER/SEGGER_SYSVIEW.o
 .text._TrySendOverflowPacket
                0x0000000008005424       0xe4 ThirdParty/SEGGER/SEGGER/SEGGER_SYSVIEW.o
 .text._SendPacket
                0x0000000008005508      0x1cc ThirdParty/SEGGER/SEGGER/SEGGER_SYSVIEW.o
 .text.SEGGER_SYSVIEW_Init
                0x00000000080056d4       0x88 ThirdParty/SEGGER/SEGGER/SEGGER_SYSVIEW.o
                0x00000000080056d4                SEGGER_SYSVIEW_Init
 .text.SEGGER_SYSVIEW_SetRAMBase
                0x000000000800575c       0x20 ThirdParty/SEGGER/SEGGER/SEGGER_SYSVIEW.o
                0x000000000800575c                SEGGER_SYSVIEW_SetRAMBase
 .text.SEGGER_SYSVIEW_RecordVoid
                0x000000000800577c       0x3c ThirdParty/SEGGER/SEGGER/SEGGER_SYSVIEW.o
                0x000000000800577c                SEGGER_SYSVIEW_RecordVoid
 .text.SEGGER_SYSVIEW_RecordU32
                0x00000000080057b8       0x78 ThirdParty/SEGGER/SEGGER/SEGGER_SYSVIEW.o
                0x00000000080057b8                SEGGER_SYSVIEW_RecordU32
 .text.SEGGER_SYSVIEW_RecordU32x2
                0x0000000008005830       0xb4 ThirdParty/SEGGER/SEGGER/SEGGER_SYSVIEW.o
                0x0000000008005830                SEGGER_SYSVIEW_RecordU32x2
 .text.SEGGER_SYSVIEW_RecordU32x3
                0x00000000080058e4       0xec ThirdParty/SEGGER/SEGGER/SEGGER_SYSVIEW.o
                0x00000000080058e4                SEGGER_SYSVIEW_RecordU32x3
 .text.SEGGER_SYSVIEW_RecordU32x4
                0x00000000080059d0      0x124 ThirdParty/SEGGER/SEGGER/SEGGER_SYSVIEW.o
                0x00000000080059d0                SEGGER_SYSVIEW_RecordU32x4
 .text.SEGGER_SYSVIEW_Start
                0x0000000008005af4      0x174 ThirdParty/SEGGER/SEGGER/SEGGER_SYSVIEW.o
                0x0000000008005af4                SEGGER_SYSVIEW_Start
 .text.SEGGER_SYSVIEW_Stop
                0x0000000008005c68       0x4c ThirdParty/SEGGER/SEGGER/SEGGER_SYSVIEW.o
                0x0000000008005c68                SEGGER_SYSVIEW_Stop
 .text.SEGGER_SYSVIEW_GetSysDesc
                0x0000000008005cb4      0x134 ThirdParty/SEGGER/SEGGER/SEGGER_SYSVIEW.o
                0x0000000008005cb4                SEGGER_SYSVIEW_GetSysDesc
 .text.SEGGER_SYSVIEW_SendTaskInfo
                0x0000000008005de8      0x1c8 ThirdParty/SEGGER/SEGGER/SEGGER_SYSVIEW.o
                0x0000000008005de8                SEGGER_SYSVIEW_SendTaskInfo
 .text.SEGGER_SYSVIEW_SendTaskList
                0x0000000008005fb0       0x28 ThirdParty/SEGGER/SEGGER/SEGGER_SYSVIEW.o
                0x0000000008005fb0                SEGGER_SYSVIEW_SendTaskList
 .text.SEGGER_SYSVIEW_SendSysDesc
                0x0000000008005fd8       0x48 ThirdParty/SEGGER/SEGGER/SEGGER_SYSVIEW.o
                0x0000000008005fd8                SEGGER_SYSVIEW_SendSysDesc
 .text.SEGGER_SYSVIEW_RecordSystime
                0x0000000008006020       0x64 ThirdParty/SEGGER/SEGGER/SEGGER_SYSVIEW.o
                0x0000000008006020                SEGGER_SYSVIEW_RecordSystime
 .text.SEGGER_SYSVIEW_RecordEnterISR
                0x0000000008006084       0x84 ThirdParty/SEGGER/SEGGER/SEGGER_SYSVIEW.o
                0x0000000008006084                SEGGER_SYSVIEW_RecordEnterISR
 .text.SEGGER_SYSVIEW_RecordExitISR
                0x0000000008006108       0x38 ThirdParty/SEGGER/SEGGER/SEGGER_SYSVIEW.o
                0x0000000008006108                SEGGER_SYSVIEW_RecordExitISR
 .text.SEGGER_SYSVIEW_RecordExitISRToScheduler
                0x0000000008006140       0x38 ThirdParty/SEGGER/SEGGER/SEGGER_SYSVIEW.o
                0x0000000008006140                SEGGER_SYSVIEW_RecordExitISRToScheduler
 .text.SEGGER_SYSVIEW_OnIdle
                0x0000000008006178       0x38 ThirdParty/SEGGER/SEGGER/SEGGER_SYSVIEW.o
                0x0000000008006178                SEGGER_SYSVIEW_OnIdle
 .text.SEGGER_SYSVIEW_OnTaskCreate
                0x00000000080061b0       0x84 ThirdParty/SEGGER/SEGGER/SEGGER_SYSVIEW.o
                0x00000000080061b0                SEGGER_SYSVIEW_OnTaskCreate
 .text.SEGGER_SYSVIEW_OnTaskStartExec
                0x0000000008006234       0x84 ThirdParty/SEGGER/SEGGER/SEGGER_SYSVIEW.o
                0x0000000008006234                SEGGER_SYSVIEW_OnTaskStartExec
 .text.SEGGER_SYSVIEW_OnTaskStartReady
                0x00000000080062b8       0x84 ThirdParty/SEGGER/SEGGER/SEGGER_SYSVIEW.o
                0x00000000080062b8                SEGGER_SYSVIEW_OnTaskStartReady
 .text.SEGGER_SYSVIEW_OnTaskStopReady
                0x000000000800633c       0xc0 ThirdParty/SEGGER/SEGGER/SEGGER_SYSVIEW.o
                0x000000000800633c                SEGGER_SYSVIEW_OnTaskStopReady
 .text.SEGGER_SYSVIEW_ShrinkId
                0x00000000080063fc       0x20 ThirdParty/SEGGER/SEGGER/SEGGER_SYSVIEW.o
                0x00000000080063fc                SEGGER_SYSVIEW_ShrinkId
 .text.SEGGER_SYSVIEW_SendModule
                0x000000000800641c      0x100 ThirdParty/SEGGER/SEGGER/SEGGER_SYSVIEW.o
                0x000000000800641c                SEGGER_SYSVIEW_SendModule
 .text.SEGGER_SYSVIEW_SendModuleDescription
                0x000000000800651c       0x3c ThirdParty/SEGGER/SEGGER/SEGGER_SYSVIEW.o
                0x000000000800651c                SEGGER_SYSVIEW_SendModuleDescription
 .text.SEGGER_SYSVIEW_SendNumModules
                0x0000000008006558       0x7c ThirdParty/SEGGER/SEGGER/SEGGER_SYSVIEW.o
                0x0000000008006558                SEGGER_SYSVIEW_SendNumModules
 .text.SEGGER_SYSVIEW_Warn
                0x00000000080065d4       0xb8 ThirdParty/SEGGER/SEGGER/SEGGER_SYSVIEW.o
                0x00000000080065d4                SEGGER_SYSVIEW_Warn
 .text._write_r
                0x000000000800668c       0x22 ThirdParty/SEGGER/SEGGER/Syscalls/SEGGER_RTT_Syscalls_GCC.o
                0x000000000800668c                _write_r
 *fill*         0x00000000080066ae        0x2 
 .text.__libc_init_array
                0x00000000080066b0       0x48 c:/st/stm32cubeide_1.6.1/stm32cubeide/plugins/com.st.stm32cube.ide.mcu.externaltools.gnu-tools-for-stm32.9-2020-q2-update.win32_1.5.0.202011040924/tools/bin/../lib/gcc/arm-none-eabi/9.3.1/../../../../arm-none-eabi/lib/thumb/v7e-m+fp/hard\libc_nano.a(lib_a-init.o)
                0x00000000080066b0                __libc_init_array
 .text.memcmp   0x00000000080066f8       0x1c c:/st/stm32cubeide_1.6.1/stm32cubeide/plugins/com.st.stm32cube.ide.mcu.externaltools.gnu-tools-for-stm32.9-2020-q2-update.win32_1.5.0.202011040924/tools/bin/../lib/gcc/arm-none-eabi/9.3.1/../../../../arm-none-eabi/lib/thumb/v7e-m+fp/hard\libc_nano.a(lib_a-memcmp.o)
                0x00000000080066f8                memcmp
 .text.memcpy   0x0000000008006714       0x1c c:/st/stm32cubeide_1.6.1/stm32cubeide/plugins/com.st.stm32cube.ide.mcu.externaltools.gnu-tools-for-stm32.9-2020-q2-update.win32_1.5.0.202011040924/tools/bin/../lib/gcc/arm-none-eabi/9.3.1/../../../../arm-none-eabi/lib/thumb/v7e-m+fp/hard\libc_nano.a(lib_a-memcpy-stub.o)
                0x0000000008006714                memcpy
 .text.memset   0x0000000008006730       0x10 c:/st/stm32cubeide_1.6.1/stm32cubeide/plugins/com.st.stm32cube.ide.mcu.externaltools.gnu-tools-for-stm32.9-2020-q2-update.win32_1.5.0.202011040924/tools/bin/../lib/gcc/arm-none-eabi/9.3.1/../../../../arm-none-eabi/lib/thumb/v7e-m+fp/hard\libc_nano.a(lib_a-memset.o)
                0x0000000008006730                memset
 .text._puts_r  0x0000000008006740       0xdc c:/st/stm32cubeide_1.6.1/stm32cubeide/plugins/com.st.stm32cube.ide.mcu.externaltools.gnu-tools-for-stm32.9-2020-q2-update.win32_1.5.0.202011040924/tools/bin/../lib/gcc/arm-none-eabi/9.3.1/../../../../arm-none-eabi/lib/thumb/v7e-m+fp/hard\libc_nano.a(lib_a-puts.o)
                0x0000000008006740                _puts_r
 .text.puts     0x000000000800681c       0x10 c:/st/stm32cubeide_1.6.1/stm32cubeide/plugins/com.st.stm32cube.ide.mcu.externaltools.gnu-tools-for-stm32.9-2020-q2-update.win32_1.5.0.202011040924/tools/bin/../lib/gcc/arm-none-eabi/9.3.1/../../../../arm-none-eabi/lib/thumb/v7e-m+fp/hard\libc_nano.a(lib_a-puts.o)
                0x000000000800681c                puts
 .text.__swbuf_r
                0x000000000800682c       0xa4 c:/st/stm32cubeide_1.6.1/stm32cubeide/plugins/com.st.stm32cube.ide.mcu.externaltools.gnu-tools-for-stm32.9-2020-q2-update.win32_1.5.0.202011040924/tools/bin/../lib/gcc/arm-none-eabi/9.3.1/../../../../arm-none-eabi/lib/thumb/v7e-m+fp/hard\libc_nano.a(lib_a-wbuf.o)
                0x000000000800682c                __swbuf_r
 .text.__swsetup_r
                0x00000000080068d0       0xdc c:/st/stm32cubeide_1.6.1/stm32cubeide/plugins/com.st.stm32cube.ide.mcu.externaltools.gnu-tools-for-stm32.9-2020-q2-update.win32_1.5.0.202011040924/tools/bin/../lib/gcc/arm-none-eabi/9.3.1/../../../../arm-none-eabi/lib/thumb/v7e-m+fp/hard\libc_nano.a(lib_a-wsetup.o)
                0x00000000080068d0                __swsetup_r
 .text.__sflush_r
                0x00000000080069ac      0x10c c:/st/stm32cubeide_1.6.1/stm32cubeide/plugins/com.st.stm32cube.ide.mcu.externaltools.gnu-tools-for-stm32.9-2020-q2-update.win32_1.5.0.202011040924/tools/bin/../lib/gcc/arm-none-eabi/9.3.1/../../../../arm-none-eabi/lib/thumb/v7e-m+fp/hard\libc_nano.a(lib_a-fflush.o)
                0x00000000080069ac                __sflush_r
 .text._fflush_r
                0x0000000008006ab8       0x78 c:/st/stm32cubeide_1.6.1/stm32cubeide/plugins/com.st.stm32cube.ide.mcu.externaltools.gnu-tools-for-stm32.9-2020-q2-update.win32_1.5.0.202011040924/tools/bin/../lib/gcc/arm-none-eabi/9.3.1/../../../../arm-none-eabi/lib/thumb/v7e-m+fp/hard\libc_nano.a(lib_a-fflush.o)
                0x0000000008006ab8                _fflush_r
 .text.std      0x0000000008006b30       0x48 c:/st/stm32cubeide_1.6.1/stm32cubeide/plugins/com.st.stm32cube.ide.mcu.externaltools.gnu-tools-for-stm32.9-2020-q2-update.win32_1.5.0.202011040924/tools/bin/../lib/gcc/arm-none-eabi/9.3.1/../../../../arm-none-eabi/lib/thumb/v7e-m+fp/hard\libc_nano.a(lib_a-findfp.o)
 .text._cleanup_r
                0x0000000008006b78        0xc c:/st/stm32cubeide_1.6.1/stm32cubeide/plugins/com.st.stm32cube.ide.mcu.externaltools.gnu-tools-for-stm32.9-2020-q2-update.win32_1.5.0.202011040924/tools/bin/../lib/gcc/arm-none-eabi/9.3.1/../../../../arm-none-eabi/lib/thumb/v7e-m+fp/hard\libc_nano.a(lib_a-findfp.o)
                0x0000000008006b78                _cleanup_r
 .text.__sfmoreglue
                0x0000000008006b84       0x2c c:/st/stm32cubeide_1.6.1/stm32cubeide/plugins/com.st.stm32cube.ide.mcu.externaltools.gnu-tools-for-stm32.9-2020-q2-update.win32_1.5.0.202011040924/tools/bin/../lib/gcc/arm-none-eabi/9.3.1/../../../../arm-none-eabi/lib/thumb/v7e-m+fp/hard\libc_nano.a(lib_a-findfp.o)
                0x0000000008006b84                __sfmoreglue
 .text.__sfp_lock_acquire
                0x0000000008006bb0        0xc c:/st/stm32cubeide_1.6.1/stm32cubeide/plugins/com.st.stm32cube.ide.mcu.externaltools.gnu-tools-for-stm32.9-2020-q2-update.win32_1.5.0.202011040924/tools/bin/../lib/gcc/arm-none-eabi/9.3.1/../../../../arm-none-eabi/lib/thumb/v7e-m+fp/hard\libc_nano.a(lib_a-findfp.o)
                0x0000000008006bb0                __sfp_lock_acquire
 .text.__sfp_lock_release
                0x0000000008006bbc        0xc c:/st/stm32cubeide_1.6.1/stm32cubeide/plugins/com.st.stm32cube.ide.mcu.externaltools.gnu-tools-for-stm32.9-2020-q2-update.win32_1.5.0.202011040924/tools/bin/../lib/gcc/arm-none-eabi/9.3.1/../../../../arm-none-eabi/lib/thumb/v7e-m+fp/hard\libc_nano.a(lib_a-findfp.o)
                0x0000000008006bbc                __sfp_lock_release
 .text.__sinit_lock_acquire
                0x0000000008006bc8        0xc c:/st/stm32cubeide_1.6.1/stm32cubeide/plugins/com.st.stm32cube.ide.mcu.externaltools.gnu-tools-for-stm32.9-2020-q2-update.win32_1.5.0.202011040924/tools/bin/../lib/gcc/arm-none-eabi/9.3.1/../../../../arm-none-eabi/lib/thumb/v7e-m+fp/hard\libc_nano.a(lib_a-findfp.o)
                0x0000000008006bc8                __sinit_lock_acquire
 .text.__sinit_lock_release
                0x0000000008006bd4        0xc c:/st/stm32cubeide_1.6.1/stm32cubeide/plugins/com.st.stm32cube.ide.mcu.externaltools.gnu-tools-for-stm32.9-2020-q2-update.win32_1.5.0.202011040924/tools/bin/../lib/gcc/arm-none-eabi/9.3.1/../../../../arm-none-eabi/lib/thumb/v7e-m+fp/hard\libc_nano.a(lib_a-findfp.o)
                0x0000000008006bd4                __sinit_lock_release
 .text.__sinit  0x0000000008006be0       0x70 c:/st/stm32cubeide_1.6.1/stm32cubeide/plugins/com.st.stm32cube.ide.mcu.externaltools.gnu-tools-for-stm32.9-2020-q2-update.win32_1.5.0.202011040924/tools/bin/../lib/gcc/arm-none-eabi/9.3.1/../../../../arm-none-eabi/lib/thumb/v7e-m+fp/hard\libc_nano.a(lib_a-findfp.o)
                0x0000000008006be0                __sinit
 .text.__sfp    0x0000000008006c50       0x8c c:/st/stm32cubeide_1.6.1/stm32cubeide/plugins/com.st.stm32cube.ide.mcu.externaltools.gnu-tools-for-stm32.9-2020-q2-update.win32_1.5.0.202011040924/tools/bin/../lib/gcc/arm-none-eabi/9.3.1/../../../../arm-none-eabi/lib/thumb/v7e-m+fp/hard\libc_nano.a(lib_a-findfp.o)
                0x0000000008006c50                __sfp
 .text._fwalk_reent
                0x0000000008006cdc       0x3e c:/st/stm32cubeide_1.6.1/stm32cubeide/plugins/com.st.stm32cube.ide.mcu.externaltools.gnu-tools-for-stm32.9-2020-q2-update.win32_1.5.0.202011040924/tools/bin/../lib/gcc/arm-none-eabi/9.3.1/../../../../arm-none-eabi/lib/thumb/v7e-m+fp/hard\libc_nano.a(lib_a-fwalk.o)
                0x0000000008006cdc                _fwalk_reent
 .text.__retarget_lock_init_recursive
                0x0000000008006d1a        0x2 c:/st/stm32cubeide_1.6.1/stm32cubeide/plugins/com.st.stm32cube.ide.mcu.externaltools.gnu-tools-for-stm32.9-2020-q2-update.win32_1.5.0.202011040924/tools/bin/../lib/gcc/arm-none-eabi/9.3.1/../../../../arm-none-eabi/lib/thumb/v7e-m+fp/hard\libc_nano.a(lib_a-lock.o)
                0x0000000008006d1a                __retarget_lock_init_recursive
 .text.__retarget_lock_acquire_recursive
                0x0000000008006d1c        0x2 c:/st/stm32cubeide_1.6.1/stm32cubeide/plugins/com.st.stm32cube.ide.mcu.externaltools.gnu-tools-for-stm32.9-2020-q2-update.win32_1.5.0.202011040924/tools/bin/../lib/gcc/arm-none-eabi/9.3.1/../../../../arm-none-eabi/lib/thumb/v7e-m+fp/hard\libc_nano.a(lib_a-lock.o)
                0x0000000008006d1c                __retarget_lock_acquire_recursive
 .text.__retarget_lock_release_recursive
                0x0000000008006d1e        0x2 c:/st/stm32cubeide_1.6.1/stm32cubeide/plugins/com.st.stm32cube.ide.mcu.externaltools.gnu-tools-for-stm32.9-2020-q2-update.win32_1.5.0.202011040924/tools/bin/../lib/gcc/arm-none-eabi/9.3.1/../../../../arm-none-eabi/lib/thumb/v7e-m+fp/hard\libc_nano.a(lib_a-lock.o)
                0x0000000008006d1e                __retarget_lock_release_recursive
 .text.__swhatbuf_r
                0x0000000008006d20       0x48 c:/st/stm32cubeide_1.6.1/stm32cubeide/plugins/com.st.stm32cube.ide.mcu.externaltools.gnu-tools-for-stm32.9-2020-q2-update.win32_1.5.0.202011040924/tools/bin/../lib/gcc/arm-none-eabi/9.3.1/../../../../arm-none-eabi/lib/thumb/v7e-m+fp/hard\libc_nano.a(lib_a-makebuf.o)
                0x0000000008006d20                __swhatbuf_r
 .text.__smakebuf_r
                0x0000000008006d68       0x80 c:/st/stm32cubeide_1.6.1/stm32cubeide/plugins/com.st.stm32cube.ide.mcu.externaltools.gnu-tools-for-stm32.9-2020-q2-update.win32_1.5.0.202011040924/tools/bin/../lib/gcc/arm-none-eabi/9.3.1/../../../../arm-none-eabi/lib/thumb/v7e-m+fp/hard\libc_nano.a(lib_a-makebuf.o)
                0x0000000008006d68                __smakebuf_r
 .text._free_r  0x0000000008006de8       0xa0 c:/st/stm32cubeide_1.6.1/stm32cubeide/plugins/com.st.stm32cube.ide.mcu.externaltools.gnu-tools-for-stm32.9-2020-q2-update.win32_1.5.0.202011040924/tools/bin/../lib/gcc/arm-none-eabi/9.3.1/../../../../arm-none-eabi/lib/thumb/v7e-m+fp/hard\libc_nano.a(lib_a-nano-freer.o)
                0x0000000008006de8                _free_r
 .text._malloc_r
                0x0000000008006e88       0xb4 c:/st/stm32cubeide_1.6.1/stm32cubeide/plugins/com.st.stm32cube.ide.mcu.externaltools.gnu-tools-for-stm32.9-2020-q2-update.win32_1.5.0.202011040924/tools/bin/../lib/gcc/arm-none-eabi/9.3.1/../../../../arm-none-eabi/lib/thumb/v7e-m+fp/hard\libc_nano.a(lib_a-nano-mallocr.o)
                0x0000000008006e88                _malloc_r
 .text._sbrk_r  0x0000000008006f3c       0x20 c:/st/stm32cubeide_1.6.1/stm32cubeide/plugins/com.st.stm32cube.ide.mcu.externaltools.gnu-tools-for-stm32.9-2020-q2-update.win32_1.5.0.202011040924/tools/bin/../lib/gcc/arm-none-eabi/9.3.1/../../../../arm-none-eabi/lib/thumb/v7e-m+fp/hard\libc_nano.a(lib_a-sbrkr.o)
                0x0000000008006f3c                _sbrk_r
 .text.__sread  0x0000000008006f5c       0x22 c:/st/stm32cubeide_1.6.1/stm32cubeide/plugins/com.st.stm32cube.ide.mcu.externaltools.gnu-tools-for-stm32.9-2020-q2-update.win32_1.5.0.202011040924/tools/bin/../lib/gcc/arm-none-eabi/9.3.1/../../../../arm-none-eabi/lib/thumb/v7e-m+fp/hard\libc_nano.a(lib_a-stdio.o)
                0x0000000008006f5c                __sread
 .text.__swrite
                0x0000000008006f7e       0x38 c:/st/stm32cubeide_1.6.1/stm32cubeide/plugins/com.st.stm32cube.ide.mcu.externaltools.gnu-tools-for-stm32.9-2020-q2-update.win32_1.5.0.202011040924/tools/bin/../lib/gcc/arm-none-eabi/9.3.1/../../../../arm-none-eabi/lib/thumb/v7e-m+fp/hard\libc_nano.a(lib_a-stdio.o)
                0x0000000008006f7e                __swrite
 .text.__sseek  0x0000000008006fb6       0x24 c:/st/stm32cubeide_1.6.1/stm32cubeide/plugins/com.st.stm32cube.ide.mcu.externaltools.gnu-tools-for-stm32.9-2020-q2-update.win32_1.5.0.202011040924/tools/bin/../lib/gcc/arm-none-eabi/9.3.1/../../../../arm-none-eabi/lib/thumb/v7e-m+fp/hard\libc_nano.a(lib_a-stdio.o)
                0x0000000008006fb6                __sseek
 .text.__sclose
                0x0000000008006fda        0x8 c:/st/stm32cubeide_1.6.1/stm32cubeide/plugins/com.st.stm32cube.ide.mcu.externaltools.gnu-tools-for-stm32.9-2020-q2-update.win32_1.5.0.202011040924/tools/bin/../lib/gcc/arm-none-eabi/9.3.1/../../../../arm-none-eabi/lib/thumb/v7e-m+fp/hard\libc_nano.a(lib_a-stdio.o)
                0x0000000008006fda                __sclose
 *fill*         0x0000000008006fe2        0x2 
 .text._close_r
                0x0000000008006fe4       0x20 c:/st/stm32cubeide_1.6.1/stm32cubeide/plugins/com.st.stm32cube.ide.mcu.externaltools.gnu-tools-for-stm32.9-2020-q2-update.win32_1.5.0.202011040924/tools/bin/../lib/gcc/arm-none-eabi/9.3.1/../../../../arm-none-eabi/lib/thumb/v7e-m+fp/hard\libc_nano.a(lib_a-closer.o)
                0x0000000008006fe4                _close_r
 .text._fstat_r
                0x0000000008007004       0x24 c:/st/stm32cubeide_1.6.1/stm32cubeide/plugins/com.st.stm32cube.ide.mcu.externaltools.gnu-tools-for-stm32.9-2020-q2-update.win32_1.5.0.202011040924/tools/bin/../lib/gcc/arm-none-eabi/9.3.1/../../../../arm-none-eabi/lib/thumb/v7e-m+fp/hard\libc_nano.a(lib_a-fstatr.o)
                0x0000000008007004                _fstat_r
 .text._isatty_r
                0x0000000008007028       0x20 c:/st/stm32cubeide_1.6.1/stm32cubeide/plugins/com.st.stm32cube.ide.mcu.externaltools.gnu-tools-for-stm32.9-2020-q2-update.win32_1.5.0.202011040924/tools/bin/../lib/gcc/arm-none-eabi/9.3.1/../../../../arm-none-eabi/lib/thumb/v7e-m+fp/hard\libc_nano.a(lib_a-isattyr.o)
                0x0000000008007028                _isatty_r
 .text._lseek_r
                0x0000000008007048       0x24 c:/st/stm32cubeide_1.6.1/stm32cubeide/plugins/com.st.stm32cube.ide.mcu.externaltools.gnu-tools-for-stm32.9-2020-q2-update.win32_1.5.0.202011040924/tools/bin/../lib/gcc/arm-none-eabi/9.3.1/../../../../arm-none-eabi/lib/thumb/v7e-m+fp/hard\libc_nano.a(lib_a-lseekr.o)
                0x0000000008007048                _lseek_r
 .text.__malloc_lock
                0x000000000800706c        0xc c:/st/stm32cubeide_1.6.1/stm32cubeide/plugins/com.st.stm32cube.ide.mcu.externaltools.gnu-tools-for-stm32.9-2020-q2-update.win32_1.5.0.202011040924/tools/bin/../lib/gcc/arm-none-eabi/9.3.1/../../../../arm-none-eabi/lib/thumb/v7e-m+fp/hard\libc_nano.a(lib_a-mlock.o)
                0x000000000800706c                __malloc_lock
 .text.__malloc_unlock
                0x0000000008007078        0xc c:/st/stm32cubeide_1.6.1/stm32cubeide/plugins/com.st.stm32cube.ide.mcu.externaltools.gnu-tools-for-stm32.9-2020-q2-update.win32_1.5.0.202011040924/tools/bin/../lib/gcc/arm-none-eabi/9.3.1/../../../../arm-none-eabi/lib/thumb/v7e-m+fp/hard\libc_nano.a(lib_a-mlock.o)
                0x0000000008007078                __malloc_unlock
 .text._read_r  0x0000000008007084       0x24 c:/st/stm32cubeide_1.6.1/stm32cubeide/plugins/com.st.stm32cube.ide.mcu.externaltools.gnu-tools-for-stm32.9-2020-q2-update.win32_1.5.0.202011040924/tools/bin/../lib/gcc/arm-none-eabi/9.3.1/../../../../arm-none-eabi/lib/thumb/v7e-m+fp/hard\libc_nano.a(lib_a-readr.o)
                0x0000000008007084                _read_r
 .text._sbrk    0x00000000080070a8       0x1c c:/st/stm32cubeide_1.6.1/stm32cubeide/plugins/com.st.stm32cube.ide.mcu.externaltools.gnu-tools-for-stm32.9-2020-q2-update.win32_1.5.0.202011040924/tools/bin/../lib/gcc/arm-none-eabi/9.3.1/../../../../arm-none-eabi/lib/thumb/v7e-m+fp/hard\libnosys.a(sbrk.o)
                0x00000000080070a8                _sbrk
 *(.glue_7)
 .glue_7        0x00000000080070c4        0x0 linker stubs
 *(.glue_7t)
 .glue_7t       0x00000000080070c4        0x0 linker stubs
 *(.eh_frame)
 .eh_frame      0x00000000080070c4        0x0 c:/st/stm32cubeide_1.6.1/stm32cubeide/plugins/com.st.stm32cube.ide.mcu.externaltools.gnu-tools-for-stm32.9-2020-q2-update.win32_1.5.0.202011040924/tools/bin/../lib/gcc/arm-none-eabi/9.3.1/thumb/v7e-m+fp/hard/crtbegin.o
 *(.init)
 .init          0x00000000080070c4        0x4 c:/st/stm32cubeide_1.6.1/stm32cubeide/plugins/com.st.stm32cube.ide.mcu.externaltools.gnu-tools-for-stm32.9-2020-q2-update.win32_1.5.0.202011040924/tools/bin/../lib/gcc/arm-none-eabi/9.3.1/thumb/v7e-m+fp/hard/crti.o
                0x00000000080070c4                _init
 .init          0x00000000080070c8        0x8 c:/st/stm32cubeide_1.6.1/stm32cubeide/plugins/com.st.stm32cube.ide.mcu.externaltools.gnu-tools-for-stm32.9-2020-q2-update.win32_1.5.0.202011040924/tools/bin/../lib/gcc/arm-none-eabi/9.3.1/thumb/v7e-m+fp/hard/crtn.o
 *(.fini)
 .fini          0x00000000080070d0        0x4 c:/st/stm32cubeide_1.6.1/stm32cubeide/plugins/com.st.stm32cube.ide.mcu.externaltools.gnu-tools-for-stm32.9-2020-q2-update.win32_1.5.0.202011040924/tools/bin/../lib/gcc/arm-none-eabi/9.3.1/thumb/v7e-m+fp/hard/crti.o
                0x00000000080070d0                _fini
 .fini          0x00000000080070d4        0x8 c:/st/stm32cubeide_1.6.1/stm32cubeide/plugins/com.st.stm32cube.ide.mcu.externaltools.gnu-tools-for-stm32.9-2020-q2-update.win32_1.5.0.202011040924/tools/bin/../lib/gcc/arm-none-eabi/9.3.1/thumb/v7e-m+fp/hard/crtn.o
                0x00000000080070dc                . = ALIGN (0x4)
                0x00000000080070dc                _etext = .

.vfp11_veneer   0x00000000080070dc        0x0
 .vfp11_veneer  0x00000000080070dc        0x0 linker stubs

.v4_bx          0x00000000080070dc        0x0
 .v4_bx         0x00000000080070dc        0x0 linker stubs

.iplt           0x00000000080070dc        0x0
 .iplt          0x00000000080070dc        0x0 c:/st/stm32cubeide_1.6.1/stm32cubeide/plugins/com.st.stm32cube.ide.mcu.externaltools.gnu-tools-for-stm32.9-2020-q2-update.win32_1.5.0.202011040924/tools/bin/../lib/gcc/arm-none-eabi/9.3.1/thumb/v7e-m+fp/hard/crtbegin.o

.rodata         0x00000000080070dc      0x1b4
                0x00000000080070dc                . = ALIGN (0x4)
 *(.rodata)
 .rodata        0x00000000080070dc       0x3f Core/Src/main.o
 *fill*         0x000000000800711b        0x1 
 .rodata        0x000000000800711c        0x5 ThirdParty/FreeRTOS/tasks.o
 *fill*         0x0000000008007121        0x3 
 .rodata        0x0000000008007124        0xd ThirdParty/FreeRTOS/timers.o
 *fill*         0x0000000008007131        0x3 
 .rodata        0x0000000008007134       0x51 ThirdParty/SEGGER/Config/SEGGER_SYSVIEW_Config_FreeRTOS.o
 *fill*         0x0000000008007185        0x3 
 .rodata        0x0000000008007188       0x58 ThirdParty/SEGGER/OS/SEGGER_SYSVIEW_FreeRTOS.o
 .rodata        0x00000000080071e0       0x17 ThirdParty/SEGGER/SEGGER/SEGGER_RTT.o
 *fill*         0x00000000080071f7        0x1 
 .rodata        0x00000000080071f8        0x8 ThirdParty/SEGGER/SEGGER/SEGGER_SYSVIEW.o
 *(.rodata*)
 .rodata.AHBPrescTable
                0x0000000008007200       0x10 Core/Src/system_stm32f4xx.o
                0x0000000008007200                AHBPrescTable
 .rodata.APBPrescTable
                0x0000000008007210        0x8 Core/Src/system_stm32f4xx.o
                0x0000000008007210                APBPrescTable
 .rodata.SYSVIEW_X_OS_TraceAPI
                0x0000000008007218        0x8 ThirdParty/SEGGER/OS/SEGGER_SYSVIEW_FreeRTOS.o
                0x0000000008007218                SYSVIEW_X_OS_TraceAPI
 .rodata._abSync
                0x0000000008007220        0xa ThirdParty/SEGGER/SEGGER/SEGGER_SYSVIEW.o
 *fill*         0x000000000800722a        0x2 
 .rodata._global_impure_ptr
                0x000000000800722c        0x4 c:/st/stm32cubeide_1.6.1/stm32cubeide/plugins/com.st.stm32cube.ide.mcu.externaltools.gnu-tools-for-stm32.9-2020-q2-update.win32_1.5.0.202011040924/tools/bin/../lib/gcc/arm-none-eabi/9.3.1/../../../../arm-none-eabi/lib/thumb/v7e-m+fp/hard\libc_nano.a(lib_a-impure.o)
                0x000000000800722c                _global_impure_ptr
 .rodata.__sf_fake_stderr
                0x0000000008007230       0x20 c:/st/stm32cubeide_1.6.1/stm32cubeide/plugins/com.st.stm32cube.ide.mcu.externaltools.gnu-tools-for-stm32.9-2020-q2-update.win32_1.5.0.202011040924/tools/bin/../lib/gcc/arm-none-eabi/9.3.1/../../../../arm-none-eabi/lib/thumb/v7e-m+fp/hard\libc_nano.a(lib_a-findfp.o)
                0x0000000008007230                __sf_fake_stderr
 .rodata.__sf_fake_stdin
                0x0000000008007250       0x20 c:/st/stm32cubeide_1.6.1/stm32cubeide/plugins/com.st.stm32cube.ide.mcu.externaltools.gnu-tools-for-stm32.9-2020-q2-update.win32_1.5.0.202011040924/tools/bin/../lib/gcc/arm-none-eabi/9.3.1/../../../../arm-none-eabi/lib/thumb/v7e-m+fp/hard\libc_nano.a(lib_a-findfp.o)
                0x0000000008007250                __sf_fake_stdin
 .rodata.__sf_fake_stdout
                0x0000000008007270       0x20 c:/st/stm32cubeide_1.6.1/stm32cubeide/plugins/com.st.stm32cube.ide.mcu.externaltools.gnu-tools-for-stm32.9-2020-q2-update.win32_1.5.0.202011040924/tools/bin/../lib/gcc/arm-none-eabi/9.3.1/../../../../arm-none-eabi/lib/thumb/v7e-m+fp/hard\libc_nano.a(lib_a-findfp.o)
                0x0000000008007270                __sf_fake_stdout
                0x0000000008007290                . = ALIGN (0x4)

.ARM.extab      0x0000000008007290        0x0
                0x0000000008007290                . = ALIGN (0x4)
 *(.ARM.extab* .gnu.linkonce.armextab.*)
                0x0000000008007290                . = ALIGN (0x4)

.ARM            0x0000000008007290        0x8
                0x0000000008007290                . = ALIGN (0x4)
                0x0000000008007290                __exidx_start = .
 *(.ARM.exidx*)
 .ARM.exidx     0x0000000008007290        0x8 c:/st/stm32cubeide_1.6.1/stm32cubeide/plugins/com.st.stm32cube.ide.mcu.externaltools.gnu-tools-for-stm32.9-2020-q2-update.win32_1.5.0.202011040924/tools/bin/../lib/gcc/arm-none-eabi/9.3.1/thumb/v7e-m+fp/hard\libgcc.a(_udivmoddi4.o)
                0x0000000008007298                __exidx_end = .
                0x0000000008007298                . = ALIGN (0x4)

.rel.dyn        0x0000000008007298        0x0
 .rel.iplt      0x0000000008007298        0x0 c:/st/stm32cubeide_1.6.1/stm32cubeide/plugins/com.st.stm32cube.ide.mcu.externaltools.gnu-tools-for-stm32.9-2020-q2-update.win32_1.5.0.202011040924/tools/bin/../lib/gcc/arm-none-eabi/9.3.1/thumb/v7e-m+fp/hard/crtbegin.o

.preinit_array  0x0000000008007298        0x0
                0x0000000008007298                . = ALIGN (0x4)
                0x0000000008007298                PROVIDE (__preinit_array_start = .)
 *(.preinit_array*)
                0x0000000008007298                PROVIDE (__preinit_array_end = .)
                0x0000000008007298                . = ALIGN (0x4)

.init_array     0x0000000008007298        0x4
                0x0000000008007298                . = ALIGN (0x4)
                0x0000000008007298                PROVIDE (__init_array_start = .)
 *(SORT_BY_NAME(.init_array.*))
 *(.init_array*)
 .init_array    0x0000000008007298        0x4 c:/st/stm32cubeide_1.6.1/stm32cubeide/plugins/com.st.stm32cube.ide.mcu.externaltools.gnu-tools-for-stm32.9-2020-q2-update.win32_1.5.0.202011040924/tools/bin/../lib/gcc/arm-none-eabi/9.3.1/thumb/v7e-m+fp/hard/crtbegin.o
                0x000000000800729c                PROVIDE (__init_array_end = .)
                0x000000000800729c                . = ALIGN (0x4)

.fini_array     0x000000000800729c        0x4
                0x000000000800729c                . = ALIGN (0x4)
                [!provide]                        PROVIDE (__fini_array_start = .)
 *(SORT_BY_NAME(.fini_array.*))
 *(.fini_array*)
 .fini_array    0x000000000800729c        0x4 c:/st/stm32cubeide_1.6.1/stm32cubeide/plugins/com.st.stm32cube.ide.mcu.externaltools.gnu-tools-for-stm32.9-2020-q2-update.win32_1.5.0.202011040924/tools/bin/../lib/gcc/arm-none-eabi/9.3.1/thumb/v7e-m+fp/hard/crtbegin.o
                [!provide]                        PROVIDE (__fini_array_end = .)
                0x00000000080072a0                . = ALIGN (0x4)
                0x00000000080072a0                _sidata = LOADADDR (.data)

.data           0x0000000020000000       0x78 load address 0x00000000080072a0
                0x0000000020000000                . = ALIGN (0x4)
                0x0000000020000000                _sdata = .
 *(.data)
 *(.data*)
 .data.SystemCoreClock
                0x0000000020000000        0x4 Core/Src/system_stm32f4xx.o
                0x0000000020000000                SystemCoreClock
 .data.uwTickPrio
                0x0000000020000004        0x4 Drivers/STM32F4xx_HAL_Driver/Src/stm32f4xx_hal.o
                0x0000000020000004                uwTickPrio
 .data.uwTickFreq
                0x0000000020000008        0x1 Drivers/STM32F4xx_HAL_Driver/Src/stm32f4xx_hal.o
                0x0000000020000008                uwTickFreq
 *fill*         0x0000000020000009        0x3 
 .data.uxTopUsedPriority
                0x000000002000000c        0x4 ThirdParty/FreeRTOS/tasks.o
                0x000000002000000c                uxTopUsedPriority
 .data.uxCriticalNesting
                0x0000000020000010        0x4 ThirdParty/FreeRTOS/portable/GCC/ARM_CM4F/port.o
 .data._impure_ptr
                0x0000000020000014        0x4 c:/st/stm32cubeide_1.6.1/stm32cubeide/plugins/com.st.stm32cube.ide.mcu.externaltools.gnu-tools-for-stm32.9-2020-q2-update.win32_1.5.0.202011040924/tools/bin/../lib/gcc/arm-none-eabi/9.3.1/../../../../arm-none-eabi/lib/thumb/v7e-m+fp/hard\libc_nano.a(lib_a-impure.o)
                0x0000000020000014                _impure_ptr
 .data.impure_data
                0x0000000020000018       0x60 c:/st/stm32cubeide_1.6.1/stm32cubeide/plugins/com.st.stm32cube.ide.mcu.externaltools.gnu-tools-for-stm32.9-2020-q2-update.win32_1.5.0.202011040924/tools/bin/../lib/gcc/arm-none-eabi/9.3.1/../../../../arm-none-eabi/lib/thumb/v7e-m+fp/hard\libc_nano.a(lib_a-impure.o)
 *(.RamFunc)
 *(.RamFunc*)
                0x0000000020000078                . = ALIGN (0x4)
                0x0000000020000078                _edata = .

.igot.plt       0x0000000020000078        0x0 load address 0x0000000008007318
 .igot.plt      0x0000000020000078        0x0 c:/st/stm32cubeide_1.6.1/stm32cubeide/plugins/com.st.stm32cube.ide.mcu.externaltools.gnu-tools-for-stm32.9-2020-q2-update.win32_1.5.0.202011040924/tools/bin/../lib/gcc/arm-none-eabi/9.3.1/thumb/v7e-m+fp/hard/crtbegin.o
                0x0000000020000078                . = ALIGN (0x4)

.bss            0x0000000020000078    0x1a8a4 load address 0x0000000008007318
                0x0000000020000078                _sbss = .
                0x0000000020000078                __bss_start__ = _sbss
 *(.bss)
 .bss           0x0000000020000078       0x1c c:/st/stm32cubeide_1.6.1/stm32cubeide/plugins/com.st.stm32cube.ide.mcu.externaltools.gnu-tools-for-stm32.9-2020-q2-update.win32_1.5.0.202011040924/tools/bin/../lib/gcc/arm-none-eabi/9.3.1/thumb/v7e-m+fp/hard/crtbegin.o
 *(.bss*)
 .bss.pxCurrentTCB
                0x0000000020000094        0x4 ThirdParty/FreeRTOS/tasks.o
                0x0000000020000094                pxCurrentTCB
 .bss.pxReadyTasksLists
                0x0000000020000098       0x64 ThirdParty/FreeRTOS/tasks.o
 .bss.xDelayedTaskList1
                0x00000000200000fc       0x14 ThirdParty/FreeRTOS/tasks.o
 .bss.xDelayedTaskList2
                0x0000000020000110       0x14 ThirdParty/FreeRTOS/tasks.o
 .bss.pxDelayedTaskList
                0x0000000020000124        0x4 ThirdParty/FreeRTOS/tasks.o
 .bss.pxOverflowDelayedTaskList
                0x0000000020000128        0x4 ThirdParty/FreeRTOS/tasks.o
 .bss.xPendingReadyList
                0x000000002000012c       0x14 ThirdParty/FreeRTOS/tasks.o
 .bss.xTasksWaitingTermination
                0x0000000020000140       0x14 ThirdParty/FreeRTOS/tasks.o
 .bss.uxDeletedTasksWaitingCleanUp
                0x0000000020000154        0x4 ThirdParty/FreeRTOS/tasks.o
 .bss.xSuspendedTaskList
                0x0000000020000158       0x14 ThirdParty/FreeRTOS/tasks.o
 .bss.uxCurrentNumberOfTasks
                0x000000002000016c        0x4 ThirdParty/FreeRTOS/tasks.o
 .bss.xTickCount
                0x0000000020000170        0x4 ThirdParty/FreeRTOS/tasks.o
 .bss.uxTopReadyPriority
                0x0000000020000174        0x4 ThirdParty/FreeRTOS/tasks.o
 .bss.xSchedulerRunning
                0x0000000020000178        0x4 ThirdParty/FreeRTOS/tasks.o
 .bss.xPendedTicks
                0x000000002000017c        0x4 ThirdParty/FreeRTOS/tasks.o
 .bss.xYieldPending
                0x0000000020000180        0x4 ThirdParty/FreeRTOS/tasks.o
 .bss.xNumOfOverflows
                0x0000000020000184        0x4 ThirdParty/FreeRTOS/tasks.o
 .bss.uxTaskNumber
                0x0000000020000188        0x4 ThirdParty/FreeRTOS/tasks.o
 .bss.xNextTaskUnblockTime
                0x000000002000018c        0x4 ThirdParty/FreeRTOS/tasks.o
 .bss.xIdleTaskHandle
                0x0000000020000190        0x4 ThirdParty/FreeRTOS/tasks.o
 .bss.uxSchedulerSuspended
                0x0000000020000194        0x4 ThirdParty/FreeRTOS/tasks.o
 .bss.xActiveTimerList1
                0x0000000020000198       0x14 ThirdParty/FreeRTOS/timers.o
 .bss.xActiveTimerList2
                0x00000000200001ac       0x14 ThirdParty/FreeRTOS/timers.o
 .bss.pxCurrentTimerList
                0x00000000200001c0        0x4 ThirdParty/FreeRTOS/timers.o
 .bss.pxOverflowTimerList
                0x00000000200001c4        0x4 ThirdParty/FreeRTOS/timers.o
 .bss.xTimerQueue
                0x00000000200001c8        0x4 ThirdParty/FreeRTOS/timers.o
 .bss.xTimerTaskHandle
                0x00000000200001cc        0x4 ThirdParty/FreeRTOS/timers.o
 .bss.xLastTime.7306
                0x00000000200001d0        0x4 ThirdParty/FreeRTOS/timers.o
 .bss.ucMaxSysCallPriority
                0x00000000200001d4        0x1 ThirdParty/FreeRTOS/portable/GCC/ARM_CM4F/port.o
 *fill*         0x00000000200001d5        0x3 
 .bss.ulMaxPRIGROUPValue
                0x00000000200001d8        0x4 ThirdParty/FreeRTOS/portable/GCC/ARM_CM4F/port.o
 .bss.ucHeap    0x00000000200001dc    0x19000 ThirdParty/FreeRTOS/portable/MemMang/heap_4.o
 .bss.xStart    0x00000000200191dc        0x8 ThirdParty/FreeRTOS/portable/MemMang/heap_4.o
 .bss.pxEnd     0x00000000200191e4        0x4 ThirdParty/FreeRTOS/portable/MemMang/heap_4.o
 .bss.xFreeBytesRemaining
                0x00000000200191e8        0x4 ThirdParty/FreeRTOS/portable/MemMang/heap_4.o
 .bss.xMinimumEverFreeBytesRemaining
                0x00000000200191ec        0x4 ThirdParty/FreeRTOS/portable/MemMang/heap_4.o
 .bss.xNumberOfSuccessfulAllocations
                0x00000000200191f0        0x4 ThirdParty/FreeRTOS/portable/MemMang/heap_4.o
 .bss.xNumberOfSuccessfulFrees
                0x00000000200191f4        0x4 ThirdParty/FreeRTOS/portable/MemMang/heap_4.o
 .bss.xBlockAllocatedBit
                0x00000000200191f8        0x4 ThirdParty/FreeRTOS/portable/MemMang/heap_4.o
 .bss._aTasks   0x00000000200191fc       0xa0 ThirdParty/SEGGER/OS/SEGGER_SYSVIEW_FreeRTOS.o
 .bss._NumTasks
                0x000000002001929c        0x4 ThirdParty/SEGGER/OS/SEGGER_SYSVIEW_FreeRTOS.o
 .bss._acUpBuffer
                0x00000000200192a0      0x400 ThirdParty/SEGGER/SEGGER/SEGGER_RTT.o
 .bss._acDownBuffer
                0x00000000200196a0       0x10 ThirdParty/SEGGER/SEGGER/SEGGER_RTT.o
 .bss._UpBuffer
                0x00000000200196b0     0x1000 ThirdParty/SEGGER/SEGGER/SEGGER_SYSVIEW.o
 .bss._DownBuffer
                0x000000002001a6b0        0x8 ThirdParty/SEGGER/SEGGER/SEGGER_SYSVIEW.o
 .bss._SYSVIEW_Globals
                0x000000002001a6b8       0x28 ThirdParty/SEGGER/SEGGER/SEGGER_SYSVIEW.o
 .bss._pFirstModule
                0x000000002001a6e0        0x4 ThirdParty/SEGGER/SEGGER/SEGGER_SYSVIEW.o
 .bss._NumModules
                0x000000002001a6e4        0x1 ThirdParty/SEGGER/SEGGER/SEGGER_SYSVIEW.o
 *fill*         0x000000002001a6e5        0x3 
 .bss._aPacket  0x000000002001a6e8       0xe3 ThirdParty/SEGGER/SEGGER/SEGGER_SYSVIEW.o
 *fill*         0x000000002001a7cb        0x1 
 .bss.__malloc_free_list
                0x000000002001a7cc        0x4 c:/st/stm32cubeide_1.6.1/stm32cubeide/plugins/com.st.stm32cube.ide.mcu.externaltools.gnu-tools-for-stm32.9-2020-q2-update.win32_1.5.0.202011040924/tools/bin/../lib/gcc/arm-none-eabi/9.3.1/../../../../arm-none-eabi/lib/thumb/v7e-m+fp/hard\libc_nano.a(lib_a-nano-mallocr.o)
                0x000000002001a7cc                __malloc_free_list
 .bss.__malloc_sbrk_start
                0x000000002001a7d0        0x4 c:/st/stm32cubeide_1.6.1/stm32cubeide/plugins/com.st.stm32cube.ide.mcu.externaltools.gnu-tools-for-stm32.9-2020-q2-update.win32_1.5.0.202011040924/tools/bin/../lib/gcc/arm-none-eabi/9.3.1/../../../../arm-none-eabi/lib/thumb/v7e-m+fp/hard\libc_nano.a(lib_a-nano-mallocr.o)
                0x000000002001a7d0                __malloc_sbrk_start
 .bss.heap_end.5507
                0x000000002001a7d4        0x4 c:/st/stm32cubeide_1.6.1/stm32cubeide/plugins/com.st.stm32cube.ide.mcu.externaltools.gnu-tools-for-stm32.9-2020-q2-update.win32_1.5.0.202011040924/tools/bin/../lib/gcc/arm-none-eabi/9.3.1/../../../../arm-none-eabi/lib/thumb/v7e-m+fp/hard\libnosys.a(sbrk.o)
 *(COMMON)
 COMMON         0x000000002001a7d8       0x48 Core/Src/stm32f4xx_hal_timebase_tim.o
                0x000000002001a7d8                htim6
 COMMON         0x000000002001a820        0x4 Drivers/STM32F4xx_HAL_Driver/Src/stm32f4xx_hal.o
                0x000000002001a820                uwTick
 COMMON         0x000000002001a824       0x40 ThirdParty/FreeRTOS/queue.o
                0x000000002001a824                xQueueRegistry
 COMMON         0x000000002001a864       0xa8 ThirdParty/SEGGER/SEGGER/SEGGER_RTT.o
                0x000000002001a864                _SEGGER_RTT
 COMMON         0x000000002001a90c        0x9 c:/st/stm32cubeide_1.6.1/stm32cubeide/plugins/com.st.stm32cube.ide.mcu.externaltools.gnu-tools-for-stm32.9-2020-q2-update.win32_1.5.0.202011040924/tools/bin/../lib/gcc/arm-none-eabi/9.3.1/../../../../arm-none-eabi/lib/thumb/v7e-m+fp/hard\libc_nano.a(lib_a-lock.o)
                0x000000002001a90c                __lock___atexit_recursive_mutex
                0x000000002001a90d                __lock___arc4random_mutex
                0x000000002001a90e                __lock___env_recursive_mutex
                0x000000002001a90f                __lock___sinit_recursive_mutex
                0x000000002001a910                __lock___malloc_recursive_mutex
                0x000000002001a911                __lock___at_quick_exit_mutex
                0x000000002001a912                __lock___dd_hash_mutex
                0x000000002001a913                __lock___tz_mutex
                0x000000002001a914                __lock___sfp_recursive_mutex
 *fill*         0x000000002001a915        0x3 
 COMMON         0x000000002001a918        0x4 c:/st/stm32cubeide_1.6.1/stm32cubeide/plugins/com.st.stm32cube.ide.mcu.externaltools.gnu-tools-for-stm32.9-2020-q2-update.win32_1.5.0.202011040924/tools/bin/../lib/gcc/arm-none-eabi/9.3.1/../../../../arm-none-eabi/lib/thumb/v7e-m+fp/hard\libc_nano.a(lib_a-reent.o)
                0x000000002001a918                errno
                0x000000002001a91c                . = ALIGN (0x4)
                0x000000002001a91c                _ebss = .
                0x000000002001a91c                __bss_end__ = _ebss

._user_heap_stack
                0x000000002001a91c      0x604 load address 0x0000000008007318
                0x000000002001a920                . = ALIGN (0x8)
 *fill*         0x000000002001a91c        0x4 
                0x000000002001a920                PROVIDE (end = .)
                [!provide]                        PROVIDE (_end = .)
                0x000000002001ab20                . = (. + _Min_Heap_Size)
 *fill*         0x000000002001a920      0x200 
                0x000000002001af20                . = (. + _Min_Stack_Size)
 *fill*         0x000000002001ab20      0x400 
                0x000000002001af20                . = ALIGN (0x8)

/DISCARD/
 libc.a(*)
 libm.a(*)
 libgcc.a(*)

.ARM.attributes
                0x0000000000000000       0x30
 *(.ARM.attributes)
 .ARM.attributes
                0x0000000000000000       0x1e c:/st/stm32cubeide_1.6.1/stm32cubeide/plugins/com.st.stm32cube.ide.mcu.externaltools.gnu-tools-for-stm32.9-2020-q2-update.win32_1.5.0.202011040924/tools/bin/../lib/gcc/arm-none-eabi/9.3.1/thumb/v7e-m+fp/hard/crti.o
 .ARM.attributes
                0x000000000000001e       0x34 c:/st/stm32cubeide_1.6.1/stm32cubeide/plugins/com.st.stm32cube.ide.mcu.externaltools.gnu-tools-for-stm32.9-2020-q2-update.win32_1.5.0.202011040924/tools/bin/../lib/gcc/arm-none-eabi/9.3.1/thumb/v7e-m+fp/hard/crtbegin.o
 .ARM.attributes
                0x0000000000000052       0x34 Core/Src/main.o
 .ARM.attributes
                0x0000000000000086       0x34 Core/Src/stm32f4xx_hal_msp.o
 .ARM.attributes
                0x00000000000000ba       0x34 Core/Src/stm32f4xx_hal_timebase_tim.o
 .ARM.attributes
                0x00000000000000ee       0x34 Core/Src/stm32f4xx_it.o
 .ARM.attributes
                0x0000000000000122       0x34 Core/Src/syscalls.o
 .ARM.attributes
                0x0000000000000156       0x34 Core/Src/system_stm32f4xx.o
 .ARM.attributes
                0x000000000000018a       0x21 Core/Startup/startup_stm32f407vgtx.o
 .ARM.attributes
                0x00000000000001ab       0x34 Drivers/STM32F4xx_HAL_Driver/Src/stm32f4xx_hal.o
 .ARM.attributes
                0x00000000000001df       0x34 Drivers/STM32F4xx_HAL_Driver/Src/stm32f4xx_hal_cortex.o
 .ARM.attributes
                0x0000000000000213       0x34 Drivers/STM32F4xx_HAL_Driver/Src/stm32f4xx_hal_gpio.o
 .ARM.attributes
                0x0000000000000247       0x34 Drivers/STM32F4xx_HAL_Driver/Src/stm32f4xx_hal_rcc.o
 .ARM.attributes
                0x000000000000027b       0x34 Drivers/STM32F4xx_HAL_Driver/Src/stm32f4xx_hal_tim.o
 .ARM.attributes
                0x00000000000002af       0x34 Drivers/STM32F4xx_HAL_Driver/Src/stm32f4xx_hal_tim_ex.o
 .ARM.attributes
                0x00000000000002e3       0x34 ThirdParty/FreeRTOS/list.o
 .ARM.attributes
                0x0000000000000317       0x34 ThirdParty/FreeRTOS/queue.o
 .ARM.attributes
                0x000000000000034b       0x34 ThirdParty/FreeRTOS/tasks.o
 .ARM.attributes
                0x000000000000037f       0x34 ThirdParty/FreeRTOS/timers.o
 .ARM.attributes
                0x00000000000003b3       0x34 ThirdParty/FreeRTOS/portable/GCC/ARM_CM4F/port.o
 .ARM.attributes
                0x00000000000003e7       0x34 ThirdParty/FreeRTOS/portable/MemMang/heap_4.o
 .ARM.attributes
                0x000000000000041b       0x34 ThirdParty/SEGGER/Config/SEGGER_SYSVIEW_Config_FreeRTOS.o
 .ARM.attributes
                0x000000000000044f       0x34 ThirdParty/SEGGER/OS/SEGGER_SYSVIEW_FreeRTOS.o
 .ARM.attributes
                0x0000000000000483       0x34 ThirdParty/SEGGER/SEGGER/SEGGER_RTT.o
 .ARM.attributes
                0x00000000000004b7       0x20 ThirdParty/SEGGER/SEGGER/SEGGER_RTT_ASM_ARMv7M.o
 .ARM.attributes
                0x00000000000004d7       0x34 ThirdParty/SEGGER/SEGGER/SEGGER_SYSVIEW.o
 .ARM.attributes
                0x000000000000050b       0x34 ThirdParty/SEGGER/SEGGER/Syscalls/SEGGER_RTT_Syscalls_GCC.o
 .ARM.attributes
                0x000000000000053f       0x32 c:/st/stm32cubeide_1.6.1/stm32cubeide/plugins/com.st.stm32cube.ide.mcu.externaltools.gnu-tools-for-stm32.9-2020-q2-update.win32_1.5.0.202011040924/tools/bin/../lib/gcc/arm-none-eabi/9.3.1/../../../../arm-none-eabi/lib/thumb/v7e-m+fp/hard\libc_nano.a(lib_a-impure.o)
 .ARM.attributes
                0x0000000000000571       0x34 c:/st/stm32cubeide_1.6.1/stm32cubeide/plugins/com.st.stm32cube.ide.mcu.externaltools.gnu-tools-for-stm32.9-2020-q2-update.win32_1.5.0.202011040924/tools/bin/../lib/gcc/arm-none-eabi/9.3.1/../../../../arm-none-eabi/lib/thumb/v7e-m+fp/hard\libc_nano.a(lib_a-init.o)
 .ARM.attributes
                0x00000000000005a5       0x34 c:/st/stm32cubeide_1.6.1/stm32cubeide/plugins/com.st.stm32cube.ide.mcu.externaltools.gnu-tools-for-stm32.9-2020-q2-update.win32_1.5.0.202011040924/tools/bin/../lib/gcc/arm-none-eabi/9.3.1/../../../../arm-none-eabi/lib/thumb/v7e-m+fp/hard\libc_nano.a(lib_a-memcmp.o)
 .ARM.attributes
                0x00000000000005d9       0x34 c:/st/stm32cubeide_1.6.1/stm32cubeide/plugins/com.st.stm32cube.ide.mcu.externaltools.gnu-tools-for-stm32.9-2020-q2-update.win32_1.5.0.202011040924/tools/bin/../lib/gcc/arm-none-eabi/9.3.1/../../../../arm-none-eabi/lib/thumb/v7e-m+fp/hard\libc_nano.a(lib_a-memcpy-stub.o)
 .ARM.attributes
                0x000000000000060d       0x34 c:/st/stm32cubeide_1.6.1/stm32cubeide/plugins/com.st.stm32cube.ide.mcu.externaltools.gnu-tools-for-stm32.9-2020-q2-update.win32_1.5.0.202011040924/tools/bin/../lib/gcc/arm-none-eabi/9.3.1/../../../../arm-none-eabi/lib/thumb/v7e-m+fp/hard\libc_nano.a(lib_a-memset.o)
 .ARM.attributes
                0x0000000000000641       0x34 c:/st/stm32cubeide_1.6.1/stm32cubeide/plugins/com.st.stm32cube.ide.mcu.externaltools.gnu-tools-for-stm32.9-2020-q2-update.win32_1.5.0.202011040924/tools/bin/../lib/gcc/arm-none-eabi/9.3.1/../../../../arm-none-eabi/lib/thumb/v7e-m+fp/hard\libc_nano.a(lib_a-puts.o)
 .ARM.attributes
                0x0000000000000675       0x34 c:/st/stm32cubeide_1.6.1/stm32cubeide/plugins/com.st.stm32cube.ide.mcu.externaltools.gnu-tools-for-stm32.9-2020-q2-update.win32_1.5.0.202011040924/tools/bin/../lib/gcc/arm-none-eabi/9.3.1/../../../../arm-none-eabi/lib/thumb/v7e-m+fp/hard\libc_nano.a(lib_a-wbuf.o)
 .ARM.attributes
                0x00000000000006a9       0x34 c:/st/stm32cubeide_1.6.1/stm32cubeide/plugins/com.st.stm32cube.ide.mcu.externaltools.gnu-tools-for-stm32.9-2020-q2-update.win32_1.5.0.202011040924/tools/bin/../lib/gcc/arm-none-eabi/9.3.1/../../../../arm-none-eabi/lib/thumb/v7e-m+fp/hard\libc_nano.a(lib_a-wsetup.o)
 .ARM.attributes
                0x00000000000006dd       0x34 c:/st/stm32cubeide_1.6.1/stm32cubeide/plugins/com.st.stm32cube.ide.mcu.externaltools.gnu-tools-for-stm32.9-2020-q2-update.win32_1.5.0.202011040924/tools/bin/../lib/gcc/arm-none-eabi/9.3.1/../../../../arm-none-eabi/lib/thumb/v7e-m+fp/hard\libc_nano.a(lib_a-fflush.o)
 .ARM.attributes
                0x0000000000000711       0x34 c:/st/stm32cubeide_1.6.1/stm32cubeide/plugins/com.st.stm32cube.ide.mcu.externaltools.gnu-tools-for-stm32.9-2020-q2-update.win32_1.5.0.202011040924/tools/bin/../lib/gcc/arm-none-eabi/9.3.1/../../../../arm-none-eabi/lib/thumb/v7e-m+fp/hard\libc_nano.a(lib_a-findfp.o)
 .ARM.attributes
                0x0000000000000745       0x34 c:/st/stm32cubeide_1.6.1/stm32cubeide/plugins/com.st.stm32cube.ide.mcu.externaltools.gnu-tools-for-stm32.9-2020-q2-update.win32_1.5.0.202011040924/tools/bin/../lib/gcc/arm-none-eabi/9.3.1/../../../../arm-none-eabi/lib/thumb/v7e-m+fp/hard\libc_nano.a(lib_a-fwalk.o)
 .ARM.attributes
                0x0000000000000779       0x34 c:/st/stm32cubeide_1.6.1/stm32cubeide/plugins/com.st.stm32cube.ide.mcu.externaltools.gnu-tools-for-stm32.9-2020-q2-update.win32_1.5.0.202011040924/tools/bin/../lib/gcc/arm-none-eabi/9.3.1/../../../../arm-none-eabi/lib/thumb/v7e-m+fp/hard\libc_nano.a(lib_a-lock.o)
 .ARM.attributes
                0x00000000000007ad       0x34 c:/st/stm32cubeide_1.6.1/stm32cubeide/plugins/com.st.stm32cube.ide.mcu.externaltools.gnu-tools-for-stm32.9-2020-q2-update.win32_1.5.0.202011040924/tools/bin/../lib/gcc/arm-none-eabi/9.3.1/../../../../arm-none-eabi/lib/thumb/v7e-m+fp/hard\libc_nano.a(lib_a-makebuf.o)
 .ARM.attributes
                0x00000000000007e1       0x34 c:/st/stm32cubeide_1.6.1/stm32cubeide/plugins/com.st.stm32cube.ide.mcu.externaltools.gnu-tools-for-stm32.9-2020-q2-update.win32_1.5.0.202011040924/tools/bin/../lib/gcc/arm-none-eabi/9.3.1/../../../../arm-none-eabi/lib/thumb/v7e-m+fp/hard\libc_nano.a(lib_a-nano-freer.o)
 .ARM.attributes
                0x0000000000000815       0x34 c:/st/stm32cubeide_1.6.1/stm32cubeide/plugins/com.st.stm32cube.ide.mcu.externaltools.gnu-tools-for-stm32.9-2020-q2-update.win32_1.5.0.202011040924/tools/bin/../lib/gcc/arm-none-eabi/9.3.1/../../../../arm-none-eabi/lib/thumb/v7e-m+fp/hard\libc_nano.a(lib_a-nano-mallocr.o)
 .ARM.attributes
                0x0000000000000849       0x34 c:/st/stm32cubeide_1.6.1/stm32cubeide/plugins/com.st.stm32cube.ide.mcu.externaltools.gnu-tools-for-stm32.9-2020-q2-update.win32_1.5.0.202011040924/tools/bin/../lib/gcc/arm-none-eabi/9.3.1/../../../../arm-none-eabi/lib/thumb/v7e-m+fp/hard\libc_nano.a(lib_a-sbrkr.o)
 .ARM.attributes
                0x000000000000087d       0x34 c:/st/stm32cubeide_1.6.1/stm32cubeide/plugins/com.st.stm32cube.ide.mcu.externaltools.gnu-tools-for-stm32.9-2020-q2-update.win32_1.5.0.202011040924/tools/bin/../lib/gcc/arm-none-eabi/9.3.1/../../../../arm-none-eabi/lib/thumb/v7e-m+fp/hard\libc_nano.a(lib_a-stdio.o)
 .ARM.attributes
                0x00000000000008b1       0x34 c:/st/stm32cubeide_1.6.1/stm32cubeide/plugins/com.st.stm32cube.ide.mcu.externaltools.gnu-tools-for-stm32.9-2020-q2-update.win32_1.5.0.202011040924/tools/bin/../lib/gcc/arm-none-eabi/9.3.1/../../../../arm-none-eabi/lib/thumb/v7e-m+fp/hard\libc_nano.a(lib_a-closer.o)
 .ARM.attributes
                0x00000000000008e5       0x34 c:/st/stm32cubeide_1.6.1/stm32cubeide/plugins/com.st.stm32cube.ide.mcu.externaltools.gnu-tools-for-stm32.9-2020-q2-update.win32_1.5.0.202011040924/tools/bin/../lib/gcc/arm-none-eabi/9.3.1/../../../../arm-none-eabi/lib/thumb/v7e-m+fp/hard\libc_nano.a(lib_a-fstatr.o)
 .ARM.attributes
                0x0000000000000919       0x34 c:/st/stm32cubeide_1.6.1/stm32cubeide/plugins/com.st.stm32cube.ide.mcu.externaltools.gnu-tools-for-stm32.9-2020-q2-update.win32_1.5.0.202011040924/tools/bin/../lib/gcc/arm-none-eabi/9.3.1/../../../../arm-none-eabi/lib/thumb/v7e-m+fp/hard\libc_nano.a(lib_a-isattyr.o)
 .ARM.attributes
                0x000000000000094d       0x34 c:/st/stm32cubeide_1.6.1/stm32cubeide/plugins/com.st.stm32cube.ide.mcu.externaltools.gnu-tools-for-stm32.9-2020-q2-update.win32_1.5.0.202011040924/tools/bin/../lib/gcc/arm-none-eabi/9.3.1/../../../../arm-none-eabi/lib/thumb/v7e-m+fp/hard\libc_nano.a(lib_a-lseekr.o)
 .ARM.attributes
                0x0000000000000981       0x34 c:/st/stm32cubeide_1.6.1/stm32cubeide/plugins/com.st.stm32cube.ide.mcu.externaltools.gnu-tools-for-stm32.9-2020-q2-update.win32_1.5.0.202011040924/tools/bin/../lib/gcc/arm-none-eabi/9.3.1/../../../../arm-none-eabi/lib/thumb/v7e-m+fp/hard\libc_nano.a(lib_a-mlock.o)
 .ARM.attributes
                0x00000000000009b5       0x34 c:/st/stm32cubeide_1.6.1/stm32cubeide/plugins/com.st.stm32cube.ide.mcu.externaltools.gnu-tools-for-stm32.9-2020-q2-update.win32_1.5.0.202011040924/tools/bin/../lib/gcc/arm-none-eabi/9.3.1/../../../../arm-none-eabi/lib/thumb/v7e-m+fp/hard\libc_nano.a(lib_a-readr.o)
 .ARM.attributes
                0x00000000000009e9       0x34 c:/st/stm32cubeide_1.6.1/stm32cubeide/plugins/com.st.stm32cube.ide.mcu.externaltools.gnu-tools-for-stm32.9-2020-q2-update.win32_1.5.0.202011040924/tools/bin/../lib/gcc/arm-none-eabi/9.3.1/../../../../arm-none-eabi/lib/thumb/v7e-m+fp/hard\libc_nano.a(lib_a-reent.o)
 .ARM.attributes
                0x0000000000000a1d       0x1e c:/st/stm32cubeide_1.6.1/stm32cubeide/plugins/com.st.stm32cube.ide.mcu.externaltools.gnu-tools-for-stm32.9-2020-q2-update.win32_1.5.0.202011040924/tools/bin/../lib/gcc/arm-none-eabi/9.3.1/thumb/v7e-m+fp/hard\libgcc.a(_aeabi_uldivmod.o)
 .ARM.attributes
                0x0000000000000a3b       0x34 c:/st/stm32cubeide_1.6.1/stm32cubeide/plugins/com.st.stm32cube.ide.mcu.externaltools.gnu-tools-for-stm32.9-2020-q2-update.win32_1.5.0.202011040924/tools/bin/../lib/gcc/arm-none-eabi/9.3.1/thumb/v7e-m+fp/hard\libgcc.a(_udivmoddi4.o)
 .ARM.attributes
                0x0000000000000a6f       0x1e c:/st/stm32cubeide_1.6.1/stm32cubeide/plugins/com.st.stm32cube.ide.mcu.externaltools.gnu-tools-for-stm32.9-2020-q2-update.win32_1.5.0.202011040924/tools/bin/../lib/gcc/arm-none-eabi/9.3.1/thumb/v7e-m+fp/hard\libgcc.a(_dvmd_tls.o)
 .ARM.attributes
                0x0000000000000a8d       0x34 c:/st/stm32cubeide_1.6.1/stm32cubeide/plugins/com.st.stm32cube.ide.mcu.externaltools.gnu-tools-for-stm32.9-2020-q2-update.win32_1.5.0.202011040924/tools/bin/../lib/gcc/arm-none-eabi/9.3.1/../../../../arm-none-eabi/lib/thumb/v7e-m+fp/hard\libnosys.a(sbrk.o)
 .ARM.attributes
                0x0000000000000ac1       0x1e c:/st/stm32cubeide_1.6.1/stm32cubeide/plugins/com.st.stm32cube.ide.mcu.externaltools.gnu-tools-for-stm32.9-2020-q2-update.win32_1.5.0.202011040924/tools/bin/../lib/gcc/arm-none-eabi/9.3.1/thumb/v7e-m+fp/hard/crtn.o
OUTPUT(001Tasks.elf elf32-littlearm)
LOAD linker stubs
LOAD c:/st/stm32cubeide_1.6.1/stm32cubeide/plugins/com.st.stm32cube.ide.mcu.externaltools.gnu-tools-for-stm32.9-2020-q2-update.win32_1.5.0.202011040924/tools/bin/../lib/gcc/arm-none-eabi/9.3.1/../../../../arm-none-eabi/lib/thumb/v7e-m+fp/hard\libc.a
LOAD c:/st/stm32cubeide_1.6.1/stm32cubeide/plugins/com.st.stm32cube.ide.mcu.externaltools.gnu-tools-for-stm32.9-2020-q2-update.win32_1.5.0.202011040924/tools/bin/../lib/gcc/arm-none-eabi/9.3.1/../../../../arm-none-eabi/lib/thumb/v7e-m+fp/hard\libm.a
LOAD c:/st/stm32cubeide_1.6.1/stm32cubeide/plugins/com.st.stm32cube.ide.mcu.externaltools.gnu-tools-for-stm32.9-2020-q2-update.win32_1.5.0.202011040924/tools/bin/../lib/gcc/arm-none-eabi/9.3.1/thumb/v7e-m+fp/hard\libgcc.a

.debug_info     0x0000000000000000    0x1a34d
 .debug_info    0x0000000000000000     0x1728 Core/Src/main.o
 .debug_info    0x0000000000001728      0x3b3 Core/Src/stm32f4xx_hal_msp.o
 .debug_info    0x0000000000001adb      0xc6c Core/Src/stm32f4xx_hal_timebase_tim.o
 .debug_info    0x0000000000002747      0x7cb Core/Src/stm32f4xx_it.o
 .debug_info    0x0000000000002f12      0xfed Core/Src/syscalls.o
 .debug_info    0x0000000000003eff      0x5a4 Core/Src/system_stm32f4xx.o
 .debug_info    0x00000000000044a3       0x22 Core/Startup/startup_stm32f407vgtx.o
 .debug_info    0x00000000000044c5      0x9b2 Drivers/STM32F4xx_HAL_Driver/Src/stm32f4xx_hal.o
 .debug_info    0x0000000000004e77      0xed7 Drivers/STM32F4xx_HAL_Driver/Src/stm32f4xx_hal_cortex.o
 .debug_info    0x0000000000005d4e      0x83e Drivers/STM32F4xx_HAL_Driver/Src/stm32f4xx_hal_gpio.o
 .debug_info    0x000000000000658c      0x996 Drivers/STM32F4xx_HAL_Driver/Src/stm32f4xx_hal_rcc.o
 .debug_info    0x0000000000006f22     0x2a90 Drivers/STM32F4xx_HAL_Driver/Src/stm32f4xx_hal_tim.o
 .debug_info    0x00000000000099b2     0x1522 Drivers/STM32F4xx_HAL_Driver/Src/stm32f4xx_hal_tim_ex.o
 .debug_info    0x000000000000aed4      0xb9a ThirdParty/FreeRTOS/list.o
 .debug_info    0x000000000000ba6e     0x1ffc ThirdParty/FreeRTOS/queue.o
 .debug_info    0x000000000000da6a     0x29e9 ThirdParty/FreeRTOS/tasks.o
 .debug_info    0x0000000000010453     0x157f ThirdParty/FreeRTOS/timers.o
 .debug_info    0x00000000000119d2      0x5b1 ThirdParty/FreeRTOS/portable/GCC/ARM_CM4F/port.o
 .debug_info    0x0000000000011f83      0xda4 ThirdParty/FreeRTOS/portable/MemMang/heap_4.o
 .debug_info    0x0000000000012d27      0x131 ThirdParty/SEGGER/Config/SEGGER_SYSVIEW_Config_FreeRTOS.o
 .debug_info    0x0000000000012e58      0xc58 ThirdParty/SEGGER/OS/SEGGER_SYSVIEW_FreeRTOS.o
 .debug_info    0x0000000000013ab0     0x1d4b ThirdParty/SEGGER/SEGGER/SEGGER_RTT.o
 .debug_info    0x00000000000157fb       0x26 ThirdParty/SEGGER/SEGGER/SEGGER_RTT_ASM_ARMv7M.o
 .debug_info    0x0000000000015821     0x3fe7 ThirdParty/SEGGER/SEGGER/SEGGER_SYSVIEW.o
 .debug_info    0x0000000000019808      0xb45 ThirdParty/SEGGER/SEGGER/Syscalls/SEGGER_RTT_Syscalls_GCC.o

.debug_abbrev   0x0000000000000000     0x35c7
 .debug_abbrev  0x0000000000000000      0x30c Core/Src/main.o
 .debug_abbrev  0x000000000000030c      0x11d Core/Src/stm32f4xx_hal_msp.o
 .debug_abbrev  0x0000000000000429      0x1bf Core/Src/stm32f4xx_hal_timebase_tim.o
 .debug_abbrev  0x00000000000005e8      0x176 Core/Src/stm32f4xx_it.o
 .debug_abbrev  0x000000000000075e      0x2a0 Core/Src/syscalls.o
 .debug_abbrev  0x00000000000009fe      0x145 Core/Src/system_stm32f4xx.o
 .debug_abbrev  0x0000000000000b43       0x12 Core/Startup/startup_stm32f407vgtx.o
 .debug_abbrev  0x0000000000000b55      0x1ed Drivers/STM32F4xx_HAL_Driver/Src/stm32f4xx_hal.o
 .debug_abbrev  0x0000000000000d42      0x33c Drivers/STM32F4xx_HAL_Driver/Src/stm32f4xx_hal_cortex.o
 .debug_abbrev  0x000000000000107e      0x1f1 Drivers/STM32F4xx_HAL_Driver/Src/stm32f4xx_hal_gpio.o
 .debug_abbrev  0x000000000000126f      0x275 Drivers/STM32F4xx_HAL_Driver/Src/stm32f4xx_hal_rcc.o
 .debug_abbrev  0x00000000000014e4      0x25e Drivers/STM32F4xx_HAL_Driver/Src/stm32f4xx_hal_tim.o
 .debug_abbrev  0x0000000000001742      0x266 Drivers/STM32F4xx_HAL_Driver/Src/stm32f4xx_hal_tim_ex.o
 .debug_abbrev  0x00000000000019a8      0x1f7 ThirdParty/FreeRTOS/list.o
 .debug_abbrev  0x0000000000001b9f      0x333 ThirdParty/FreeRTOS/queue.o