Archive member included to satisfy reference by file (symbol)

c:/st/stm32cubeide_1.6.1/stm32cubeide/plugins/com.st.stm32cube.ide.mcu.externaltools.gnu-tools-for-stm32.9-2020-q2-update.win32_1.5.0.202011040924/tools/bin/../lib/gcc/arm-none-eabi/9.3.1/../../../../arm-none-eabi/lib/thumb/v7e-m+fp/hard\libc_nano.a(lib_a-errno.o)
                              Core/Src/syscalls.o (__errno)
c:/st/stm32cubeide_1.6.1/stm32cubeide/plugins/com.st.stm32cube.ide.mcu.externaltools.gnu-tools-for-stm32.9-2020-q2-update.win32_1.5.0.202011040924/tools/bin/../lib/gcc/arm-none-eabi/9.3.1/../../../../arm-none-eabi/lib/thumb/v7e-m+fp/hard\libc_nano.a(lib_a-exit.o)
                              c:/st/stm32cubeide_1.6.1/stm32cubeide/plugins/com.st.stm32cube.ide.mcu.externaltools.gnu-tools-for-stm32.9-2020-q2-update.win32_1.5.0.202011040924/tools/bin/../lib/gcc/arm-none-eabi/9.3.1/../../../../arm-none-eabi/lib/thumb/v7e-m+fp/hard/crt0.o (exit)
c:/st/stm32cubeide_1.6.1/stm32cubeide/plugins/com.st.stm32cube.ide.mcu.externaltools.gnu-tools-for-stm32.9-2020-q2-update.win32_1.5.0.202011040924/tools/bin/../lib/gcc/arm-none-eabi/9.3.1/../../../../arm-none-eabi/lib/thumb/v7e-m+fp/hard\libc_nano.a(lib_a-impure.o)
                              c:/st/stm32cubeide_1.6.1/stm32cubeide/plugins/com.st.stm32cube.ide.mcu.externaltools.gnu-tools-for-stm32.9-2020-q2-update.win32_1.5.0.202011040924/tools/bin/../lib/gcc/arm-none-eabi/9.3.1/../../../../arm-none-eabi/lib/thumb/v7e-m+fp/hard\libc_nano.a(lib_a-exit.o) (_global_impure_ptr)
c:/st/stm32cubeide_1.6.1/stm32cubeide/plugins/com.st.stm32cube.ide.mcu.externaltools.gnu-tools-for-stm32.9-2020-q2-update.win32_1.5.0.202011040924/tools/bin/../lib/gcc/arm-none-eabi/9.3.1/../../../../arm-none-eabi/lib/thumb/v7e-m+fp/hard\libc_nano.a(lib_a-init.o)
                              c:/st/stm32cubeide_1.6.1/stm32cubeide/plugins/com.st.stm32cube.ide.mcu.externaltools.gnu-tools-for-stm32.9-2020-q2-update.win32_1.5.0.202011040924/tools/bin/../lib/gcc/arm-none-eabi/9.3.1/../../../../arm-none-eabi/lib/thumb/v7e-m+fp/hard/crt0.o (__libc_init_array)
c:/st/stm32cubeide_1.6.1/stm32cubeide/plugins/com.st.stm32cube.ide.mcu.externaltools.gnu-tools-for-stm32.9-2020-q2-update.win32_1.5.0.202011040924/tools/bin/../lib/gcc/arm-none-eabi/9.3.1/../../../../arm-none-eabi/lib/thumb/v7e-m+fp/hard\libc_nano.a(lib_a-memcmp.o)
                              common/ThirdParty/SEGGER/OS/SEGGER_SYSVIEW_FreeRTOS.o (memcmp)
c:/st/stm32cubeide_1.6.1/stm32cubeide/plugins/com.st.stm32cube.ide.mcu.externaltools.gnu-tools-for-stm32.9-2020-q2-update.win32_1.5.0.202011040924/tools/bin/../lib/gcc/arm-none-eabi/9.3.1/../../../../arm-none-eabi/lib/thumb/v7e-m+fp/hard\libc_nano.a(lib_a-memcpy-stub.o)
                              common/ThirdParty/FreeRTOS/queue.o (memcpy)
c:/st/stm32cubeide_1.6.1/stm32cubeide/plugins/com.st.stm32cube.ide.mcu.externaltools.gnu-tools-for-stm32.9-2020-q2-update.win32_1.5.0.202011040924/tools/bin/../lib/gcc/arm-none-eabi/9.3.1/../../../../arm-none-eabi/lib/thumb/v7e-m+fp/hard\libc_nano.a(lib_a-memset.o)
                              c:/st/stm32cubeide_1.6.1/stm32cubeide/plugins/com.st.stm32cube.ide.mcu.externaltools.gnu-tools-for-stm32.9-2020-q2-update.win32_1.5.0.202011040924/tools/bin/../lib/gcc/arm-none-eabi/9.3.1/../../../../arm-none-eabi/lib/thumb/v7e-m+fp/hard/crt0.o (memset)
c:/st/stm32cubeide_1.6.1/stm32cubeide/plugins/com.st.stm32cube.ide.mcu.externaltools.gnu-tools-for-stm32.9-2020-q2-update.win32_1.5.0.202011040924/tools/bin/../lib/gcc/arm-none-eabi/9.3.1/../../../../arm-none-eabi/lib/thumb/v7e-m+fp/hard\libc_nano.a(lib_a-printf.o)
                              Core/Src/rtc.o (printf)
c:/st/stm32cubeide_1.6.1/stm32cubeide/plugins/com.st.stm32cube.ide.mcu.externaltools.gnu-tools-for-stm32.9-2020-q2-update.win32_1.5.0.202011040924/tools/bin/../lib/gcc/arm-none-eabi/9.3.1/../../../../arm-none-eabi/lib/thumb/v7e-m+fp/hard\libc_nano.a(lib_a-sprintf.o)
                              Core/Src/rtc.o (sprintf)
c:/st/stm32cubeide_1.6.1/stm32cubeide/plugins/com.st.stm32cube.ide.mcu.externaltools.gnu-tools-for-stm32.9-2020-q2-update.win32_1.5.0.202011040924/tools/bin/../lib/gcc/arm-none-eabi/9.3.1/../../../../arm-none-eabi/lib/thumb/v7e-m+fp/hard\libc_nano.a(lib_a-strcmp.o)
                              Core/Src/task_handler.o (strcmp)
c:/st/stm32cubeide_1.6.1/stm32cubeide/plugins/com.st.stm32cube.ide.mcu.externaltools.gnu-tools-for-stm32.9-2020-q2-update.win32_1.5.0.202011040924/tools/bin/../lib/gcc/arm-none-eabi/9.3.1/../../../../arm-none-eabi/lib/thumb/v7e-m+fp/hard\libc_nano.a(lib_a-strlen.o)
                              Core/Src/task_handler.o (strlen)
c:/st/stm32cubeide_1.6.1/stm32cubeide/plugins/com.st.stm32cube.ide.mcu.externaltools.gnu-tools-for-stm32.9-2020-q2-update.win32_1.5.0.202011040924/tools/bin/../lib/gcc/arm-none-eabi/9.3.1/../../../../arm-none-eabi/lib/thumb/v7e-m+fp/hard\libc_nano.a(lib_a-findfp.o)
[...]
Memory Configuration

Name             Origin             Length             Attributes
CCMRAM           0x0000000010000000 0x0000000000010000 xrw
RAM              0x0000000020000000 0x0000000000020000 xrw
FLASH            0x0000000008000000 0x0000000000100000 xr
*default*        0x0000000000000000 0xffffffffffffffff

Linker script and memory map

LOAD c:/st/stm32cubeide_1.6.1/stm32cubeide/plugins/com.st.stm32cube.ide.mcu.externaltools.gnu-tools-for-stm32.9-2020-q2-update.win32_1.5.0.202011040924/tools/bin/../lib/gcc/arm-none-eabi/9.3.1/thumb/v7e-m+fp/hard/crti.o
LOAD c:/st/stm32cubeide_1.6.1/stm32cubeide/plugins/com.st.stm32cube.ide.mcu.externaltools.gnu-tools-for-stm32.9-2020-q2-update.win32_1.5.0.202011040924/tools/bin/../lib/gcc/arm-none-eabi/9.3.1/thumb/v7e-m+fp/hard/crtbegin.o
LOAD c:/st/stm32cubeide_1.6.1/stm32cubeide/plugins/com.st.stm32cube.ide.mcu.externaltools.gnu-tools-for-stm32.9-2020-q2-update.win32_1.5.0.202011040924/tools/bin/../lib/gcc/arm-none-eabi/9.3.1/../../../../arm-none-eabi/lib/thumb/v7e-m+fp/hard/crt0.o
LOAD Core/Src/led_effect.o
LOAD Core/Src/main.o
LOAD Core/Src/rtc.o
LOAD Core/Src/stm32f4xx_hal_msp.o
LOAD Core/Src/stm32f4xx_hal_timebase_tim.o
LOAD Core/Src/stm32f4xx_it.o
LOAD Core/Src/syscalls.o
LOAD Core/Src/sysmem.o
LOAD Core/Src/system_stm32f4xx.o
LOAD Core/Src/task_handler.o
LOAD Core/Startup/startup_stm32f407vgtx.o
LOAD Drivers/STM32F4xx_HAL_Driver/Src/stm32f4xx_hal.o
LOAD Drivers/STM32F4xx_HAL_Driver/Src/stm32f4xx_hal_cortex.o
LOAD Drivers/STM32F4xx_HAL_Driver/Src/stm32f4xx_hal_dma.o
LOAD Drivers/STM32F4xx_HAL_Driver/Src/stm32f4xx_hal_dma_ex.o
LOAD Drivers/STM32F4xx_HAL_Driver/Src/stm32f4xx_hal_exti.o
LOAD Drivers/STM32F4xx_HAL_Driver/Src/stm32f4xx_hal_flash.o
LOAD Drivers/STM32F4xx_HAL_Driver/Src/stm32f4xx_hal_flash_ex.o
LOAD Drivers/STM32F4xx_HAL_Driver/Src/stm32f4xx_hal_flash_ramfunc.o
LOAD Drivers/STM32F4xx_HAL_Driver/Src/stm32f4xx_hal_gpio.o
LOAD Drivers/STM32F4xx_HAL_Driver/Src/stm32f4xx_hal_pwr.o
LOAD Drivers/STM32F4xx_HAL_Driver/Src/stm32f4xx_hal_pwr_ex.o
LOAD Drivers/STM32F4xx_HAL_Driver/Src/stm32f4xx_hal_rcc.o
LOAD Drivers/STM32F4xx_HAL_Driver/Src/stm32f4xx_hal_rcc_ex.o
LOAD Drivers/STM32F4xx_HAL_Driver/Src/stm32f4xx_hal_rtc.o
LOAD Drivers/STM32F4xx_HAL_Driver/Src/stm32f4xx_hal_rtc_ex.o
LOAD Drivers/STM32F4xx_HAL_Driver/Src/stm32f4xx_hal_tim.o
LOAD Drivers/STM32F4xx_HAL_Driver/Src/stm32f4xx_hal_tim_ex.o
LOAD Drivers/STM32F4xx_HAL_Driver/Src/stm32f4xx_hal_uart.o
LOAD common/ThirdParty/FreeRTOS/croutine.o
LOAD common/ThirdParty/FreeRTOS/event_groups.o
LOAD common/ThirdParty/FreeRTOS/list.o
LOAD common/ThirdParty/FreeRTOS/queue.o
LOAD common/ThirdParty/FreeRTOS/stream_buffer.o
LOAD common/ThirdParty/FreeRTOS/tasks.o
LOAD common/ThirdParty/FreeRTOS/timers.o
LOAD common/ThirdParty/FreeRTOS/portable/GCC/ARM_CM4F/port.o
LOAD common/ThirdParty/FreeRTOS/portable/MemMang/heap_4.o
LOAD common/ThirdParty/SEGGER/Config/SEGGER_SYSVIEW_Config_FreeRTOS.o
LOAD common/ThirdParty/SEGGER/OS/SEGGER_SYSVIEW_FreeRTOS.o
LOAD common/ThirdParty/SEGGER/SEGGER/SEGGER_RTT.o
LOAD common/ThirdParty/SEGGER/SEGGER/SEGGER_RTT_ASM_ARMv7M.o
LOAD common/ThirdParty/SEGGER/SEGGER/SEGGER_RTT_printf.o
LOAD common/ThirdParty/SEGGER/SEGGER/SEGGER_SYSVIEW.o
LOAD common/ThirdParty/SEGGER/SEGGER/Syscalls/SEGGER_RTT_Syscalls_GCC.o
START GROUP
LOAD c:/st/stm32cubeide_1.6.1/stm32cubeide/plugins/com.st.stm32cube.ide.mcu.externaltools.gnu-tools-for-stm32.9-2020-q2-update.win32_1.5.0.202011040924/tools/bin/../lib/gcc/arm-none-eabi/9.3.1/../../../../arm-none-eabi/lib/thumb/v7e-m+fp/hard\libc_nano.a
LOAD c:/st/stm32cubeide_1.6.1/stm32cubeide/plugins/com.st.stm32cube.ide.mcu.externaltools.gnu-tools-for-stm32.9-2020-q2-update.win32_1.5.0.202011040924/tools/bin/../lib/gcc/arm-none-eabi/9.3.1/../../../../arm-none-eabi/lib/thumb/v7e-m+fp/hard\libm.a
END GROUP
START GROUP
LOAD c:/st/stm32cubeide_1.6.1/stm32cubeide/plugins/com.st.stm32cube.ide.mcu.externaltools.gnu-tools-for-stm32.9-2020-q2-update.win32_1.5.0.202011040924/tools/bin/../lib/gcc/arm-none-eabi/9.3.1/thumb/v7e-m+fp/hard\libgcc.a
LOAD c:/st/stm32cubeide_1.6.1/stm32cubeide/plugins/com.st.stm32cube.ide.mcu.externaltools.gnu-tools-for-stm32.9-2020-q2-update.win32_1.5.0.202011040924/tools/bin/../lib/gcc/arm-none-eabi/9.3.1/../../../../arm-none-eabi/lib/thumb/v7e-m+fp/hard\libc_nano.a
END GROUP
START GROUP
LOAD c:/st/stm32cubeide_1.6.1/stm32cubeide/plugins/com.st.stm32cube.ide.mcu.externaltools.gnu-tools-for-stm32.9-2020-q2-update.win32_1.5.0.202011040924/tools/bin/../lib/gcc/arm-none-eabi/9.3.1/thumb/v7e-m+fp/hard\libgcc.a
LOAD c:/st/stm32cubeide_1.6.1/stm32cubeide/plugins/com.st.stm32cube.ide.mcu.externaltools.gnu-tools-for-stm32.9-2020-q2-update.win32_1.5.0.202011040924/tools/bin/../lib/gcc/arm-none-eabi/9.3.1/../../../../arm-none-eabi/lib/thumb/v7e-m+fp/hard\libc_nano.a
LOAD c:/st/stm32cubeide_1.6.1/stm32cubeide/plugins/com.st.stm32cube.ide.mcu.externaltools.gnu-tools-for-stm32.9-2020-q2-update.win32_1.5.0.202011040924/tools/bin/../lib/gcc/arm-none-eabi/9.3.1/../../../../arm-none-eabi/lib/thumb/v7e-m+fp/hard\libnosys.a
END GROUP
START GROUP
LOAD c:/st/stm32cubeide_1.6.1/stm32cubeide/plugins/com.st.stm32cube.ide.mcu.externaltools.gnu-tools-for-stm32.9-2020-q2-update.win32_1.5.0.202011040924/tools/bin/../lib/gcc/arm-none-eabi/9.3.1/thumb/v7e-m+fp/hard\libgcc.a
LOAD c:/st/stm32cubeide_1.6.1/stm32cubeide/plugins/com.st.stm32cube.ide.mcu.externaltools.gnu-tools-for-stm32.9-2020-q2-update.win32_1.5.0.202011040924/tools/bin/../lib/gcc/arm-none-eabi/9.3.1/../../../../arm-none-eabi/lib/thumb/v7e-m+fp/hard\libc_nano.a
LOAD c:/st/stm32cubeide_1.6.1/stm32cubeide/plugins/com.st.stm32cube.ide.mcu.externaltools.gnu-tools-for-stm32.9-2020-q2-update.win32_1.5.0.202011040924/tools/bin/../lib/gcc/arm-none-eabi/9.3.1/../../../../arm-none-eabi/lib/thumb/v7e-m+fp/hard\libnosys.a
END GROUP
LOAD c:/st/stm32cubeide_1.6.1/stm32cubeide/plugins/com.st.stm32cube.ide.mcu.externaltools.gnu-tools-for-stm32.9-2020-q2-update.win32_1.5.0.202011040924/tools/bin/../lib/gcc/arm-none-eabi/9.3.1/thumb/v7e-m+fp/hard/crtend.o
LOAD c:/st/stm32cubeide_1.6.1/stm32cubeide/plugins/com.st.stm32cube.ide.mcu.externaltools.gnu-tools-for-stm32.9-2020-q2-update.win32_1.5.0.202011040924/tools/bin/../lib/gcc/arm-none-eabi/9.3.1/thumb/v7e-m+fp/hard/crtn.o
                0x0000000020020000                _estack = (ORIGIN (RAM) + LENGTH (RAM))
                0x0000000000000200                _Min_Heap_Size = 0x200
                0x0000000000000400                _Min_Stack_Size = 0x400

.isr_vector     0x0000000008000000      0x188
                0x0000000008000000                . = ALIGN (0x4)
 *(.isr_vector)
 .isr_vector    0x0000000008000000      0x188 Core/Startup/startup_stm32f407vgtx.o
                0x0000000008000000                g_pfnVectors
                0x0000000008000188                . = ALIGN (0x4)

.text           0x0000000008000190     0x8ae0
                0x0000000008000190                . = ALIGN (0x4)
 *(.text)
 .text          0x0000000008000190       0x40 c:/st/stm32cubeide_1.6.1/stm32cubeide/plugins/com.st.stm32cube.ide.mcu.externaltools.gnu-tools-for-stm32.9-2020-q2-update.win32_1.5.0.202011040924/tools/bin/../lib/gcc/arm-none-eabi/9.3.1/thumb/v7e-m+fp/hard/crtbegin.o
 .text          0x00000000080001d0       0x14 c:/st/stm32cubeide_1.6.1/stm32cubeide/plugins/com.st.stm32cube.ide.mcu.externaltools.gnu-tools-for-stm32.9-2020-q2-update.win32_1.5.0.202011040924/tools/bin/../lib/gcc/arm-none-eabi/9.3.1/../../../../arm-none-eabi/lib/thumb/v7e-m+fp/hard\libc_nano.a(lib_a-strcmp.o)
                0x00000000080001d0                strcmp
 .text          0x00000000080001e4       0x10 c:/st/stm32cubeide_1.6.1/stm32cubeide/plugins/com.st.stm32cube.ide.mcu.externaltools.gnu-tools-for-stm32.9-2020-q2-update.win32_1.5.0.202011040924/tools/bin/../lib/gcc/arm-none-eabi/9.3.1/../../../../arm-none-eabi/lib/thumb/v7e-m+fp/hard\libc_nano.a(lib_a-strlen.o)
                0x00000000080001e4                strlen
 *fill*         0x00000000080001f4        0xc 
 .text          0x0000000008000200       0xa0 c:/st/stm32cubeide_1.6.1/stm32cubeide/plugins/com.st.stm32cube.ide.mcu.externaltools.gnu-tools-for-stm32.9-2020-q2-update.win32_1.5.0.202011040924/tools/bin/../lib/gcc/arm-none-eabi/9.3.1/../../../../arm-none-eabi/lib/thumb/v7e-m+fp/hard\libc_nano.a(lib_a-memchr.o)
                0x0000000008000200                memchr
 .text          0x00000000080002a0       0x30 c:/st/stm32cubeide_1.6.1/stm32cubeide/plugins/com.st.stm32cube.ide.mcu.externaltools.gnu-tools-for-stm32.9-2020-q2-update.win32_1.5.0.202011040924/tools/bin/../lib/gcc/arm-none-eabi/9.3.1/thumb/v7e-m+fp/hard\libgcc.a(_aeabi_uldivmod.o)
                0x00000000080002a0                __aeabi_uldivmod
 .text          0x00000000080002d0      0x2c4 c:/st/stm32cubeide_1.6.1/stm32cubeide/plugins/com.st.stm32cube.ide.mcu.externaltools.gnu-tools-for-stm32.9-2020-q2-update.win32_1.5.0.202011040924/tools/bin/../lib/gcc/arm-none-eabi/9.3.1/thumb/v7e-m+fp/hard\libgcc.a(_udivmoddi4.o)
                0x00000000080002d0                __udivmoddi4
 .text          0x0000000008000594        0x4 c:/st/stm32cubeide_1.6.1/stm32cubeide/plugins/com.st.stm32cube.ide.mcu.externaltools.gnu-tools-for-stm32.9-2020-q2-update.win32_1.5.0.202011040924/tools/bin/../lib/gcc/arm-none-eabi/9.3.1/thumb/v7e-m+fp/hard\libgcc.a(_dvmd_tls.o)
                0x0000000008000594                __aeabi_idiv0
                0x0000000008000594                __aeabi_ldiv0
 *(.text*)
 .text.led_effect_stop
                0x0000000008000598       0x40 Core/Src/led_effect.o
                0x0000000008000598                led_effect_stop
 .text.led_effect
                0x00000000080005d8       0x38 Core/Src/led_effect.o
                0x00000000080005d8                led_effect
 .text.turn_off_all_leds
                0x0000000008000610       0x3c Core/Src/led_effect.o
                0x0000000008000610                turn_off_all_leds
 .text.turn_on_all_leds
                0x000000000800064c       0x3c Core/Src/led_effect.o
                0x000000000800064c                turn_on_all_leds
 .text.turn_on_odd_leds
                0x0000000008000688       0x3c Core/Src/led_effect.o
                0x0000000008000688                turn_on_odd_leds
 .text.turn_on_even_leds
                0x00000000080006c4       0x3c Core/Src/led_effect.o
                0x00000000080006c4                turn_on_even_leds
 .text.LED_control
                0x0000000008000700       0x4c Core/Src/led_effect.o
                0x0000000008000700                LED_control
 .text.LED_effect1
                0x000000000800074c       0x2c Core/Src/led_effect.o
                0x000000000800074c                LED_effect1
 .text.LED_effect2
                0x0000000008000778       0x2c Core/Src/led_effect.o
                0x0000000008000778                LED_effect2
 .text.LED_effect3
                0x00000000080007a4       0x30 Core/Src/led_effect.o
                0x00000000080007a4                LED_effect3
 .text.LED_effect4
                0x00000000080007d4       0x30 Core/Src/led_effect.o
                0x00000000080007d4                LED_effect4
 .text.main     0x0000000008000804      0x230 Core/Src/main.o
                0x0000000008000804                main
 .text.SystemClock_Config
                0x0000000008000a34      0x104 Core/Src/main.o
                0x0000000008000a34                SystemClock_Config
 .text.MX_RTC_Init
                0x0000000008000b38       0x4c Core/Src/main.o
 .text.MX_USART2_UART_Init
                0x0000000008000b84       0x54 Core/Src/main.o
 .text.MX_GPIO_Init
                0x0000000008000bd8      0x2c0 Core/Src/main.o
 .text.rtc_report_callback
                0x0000000008000e98       0x14 Core/Src/main.o
                0x0000000008000e98                rtc_report_callback
 .text.led_effect_callback
                0x0000000008000eac       0x50 Core/Src/main.o
                0x0000000008000eac                led_effect_callback
 .text.HAL_UART_RxCpltCallback
                0x0000000008000efc       0xa8 Core/Src/main.o
                0x0000000008000efc                HAL_UART_RxCpltCallback
 .text.HAL_TIM_PeriodElapsedCallback
                0x0000000008000fa4       0x24 Core/Src/main.o
                0x0000000008000fa4                HAL_TIM_PeriodElapsedCallback
 .text.Error_Handler
                0x0000000008000fc8        0xa Core/Src/main.o
                0x0000000008000fc8                Error_Handler
 *fill*         0x0000000008000fd2        0x2 
 .text.show_time_date_itm
                0x0000000008000fd4       0x90 Core/Src/rtc.o
                0x0000000008000fd4                show_time_date_itm
 .text.show_time_date
                0x0000000008001064       0xd8 Core/Src/rtc.o
                0x0000000008001064                show_time_date
 .text.rtc_configure_time
                0x000000000800113c       0x30 Core/Src/rtc.o
                0x000000000800113c                rtc_configure_time
 .text.rtc_configure_date
                0x000000000800116c       0x20 Core/Src/rtc.o
                0x000000000800116c                rtc_configure_date
 .text.validate_rtc_information
                0x000000000800118c       0x64 Core/Src/rtc.o
                0x000000000800118c                validate_rtc_information
 .text.HAL_MspInit
                0x00000000080011f0       0x50 Core/Src/stm32f4xx_hal_msp.o
                0x00000000080011f0                HAL_MspInit
 .text.HAL_RTC_MspInit
                0x0000000008001240       0x2c Core/Src/stm32f4xx_hal_msp.o
                0x0000000008001240                HAL_RTC_MspInit
 .text.HAL_UART_MspInit
                0x000000000800126c       0xa0 Core/Src/stm32f4xx_hal_msp.o
                0x000000000800126c                HAL_UART_MspInit
 .text.HAL_InitTick
                0x000000000800130c       0xb4 Core/Src/stm32f4xx_hal_timebase_tim.o
                0x000000000800130c                HAL_InitTick
 .text.NMI_Handler
                0x00000000080013c0        0x6 Core/Src/stm32f4xx_it.o
                0x00000000080013c0                NMI_Handler
 .text.HardFault_Handler
                0x00000000080013c6        0x6 Core/Src/stm32f4xx_it.o
                0x00000000080013c6                HardFault_Handler
 .text.MemManage_Handler
                0x00000000080013cc        0x6 Core/Src/stm32f4xx_it.o
                0x00000000080013cc                MemManage_Handler
 .text.BusFault_Handler
                0x00000000080013d2        0x6 Core/Src/stm32f4xx_it.o
                0x00000000080013d2                BusFault_Handler
 .text.UsageFault_Handler
                0x00000000080013d8        0x6 Core/Src/stm32f4xx_it.o
                0x00000000080013d8                UsageFault_Handler
 .text.DebugMon_Handler
                0x00000000080013de        0xe Core/Src/stm32f4xx_it.o
                0x00000000080013de                DebugMon_Handler
 .text.USART2_IRQHandler
                0x00000000080013ec       0x14 Core/Src/stm32f4xx_it.o
                0x00000000080013ec                USART2_IRQHandler
 .text.TIM6_DAC_IRQHandler
                0x0000000008001400       0x14 Core/Src/stm32f4xx_it.o
                0x0000000008001400                TIM6_DAC_IRQHandler
 .text._read    0x0000000008001414       0x3a Core/Src/syscalls.o
                0x0000000008001414                _read
 .text._close   0x000000000800144e       0x18 Core/Src/syscalls.o
                0x000000000800144e                _close
 .text._fstat   0x0000000008001466       0x20 Core/Src/syscalls.o
                0x0000000008001466                _fstat
 .text._isatty  0x0000000008001486       0x16 Core/Src/syscalls.o
                0x0000000008001486                _isatty
 .text._lseek   0x000000000800149c       0x1a Core/Src/syscalls.o
                0x000000000800149c                _lseek
 *fill*         0x00000000080014b6        0x2 
 .text._sbrk    0x00000000080014b8       0x6c Core/Src/sysmem.o
                0x00000000080014b8                _sbrk
 .text.SystemInit
                0x0000000008001524       0x24 Core/Src/system_stm32f4xx.o
                0x0000000008001524                SystemInit
 .text.menu_task
                0x0000000008001548       0xe8 Core/Src/task_handler.o
                0x0000000008001548                menu_task
 .text.led_task
                0x0000000008001630      0x12c Core/Src/task_handler.o
                0x0000000008001630                led_task
 .text.getnumber
                0x000000000800175c       0x48 Core/Src/task_handler.o
                0x000000000800175c                getnumber
 .text.rtc_task
                0x00000000080017a4      0x46c Core/Src/task_handler.o
                0x00000000080017a4                rtc_task
 .text.print_task
                0x0000000008001c10       0x40 Core/Src/task_handler.o
                0x0000000008001c10                print_task
 .text.cmd_handler_task
                0x0000000008001c50       0x2e Core/Src/task_handler.o
                0x0000000008001c50                cmd_handler_task
 *fill*         0x0000000008001c7e        0x2 
 .text.process_command
                0x0000000008001c80       0x78 Core/Src/task_handler.o
                0x0000000008001c80                process_command
 .text.extract_command
                0x0000000008001cf8       0x74 Core/Src/task_handler.o
                0x0000000008001cf8                extract_command
 .text.Reset_Handler
                0x0000000008001d6c       0x50 Core/Startup/startup_stm32f407vgtx.o
                0x0000000008001d6c                Reset_Handler
 .text.Default_Handler
                0x0000000008001dbc        0x2 Core/Startup/startup_stm32f407vgtx.o
                0x0000000008001dbc                RTC_Alarm_IRQHandler
                0x0000000008001dbc                HASH_RNG_IRQHandler
                0x0000000008001dbc                EXTI2_IRQHandler
                0x0000000008001dbc                TIM8_CC_IRQHandler
                0x0000000008001dbc                TIM1_CC_IRQHandler
                0x0000000008001dbc                DMA2_Stream5_IRQHandler
                0x0000000008001dbc                DMA1_Stream5_IRQHandler
                0x0000000008001dbc                PVD_IRQHandler
                0x0000000008001dbc                SDIO_IRQHandler
                0x0000000008001dbc                TAMP_STAMP_IRQHandler
                0x0000000008001dbc                CAN2_RX1_IRQHandler
                0x0000000008001dbc                EXTI3_IRQHandler
                0x0000000008001dbc                TIM8_TRG_COM_TIM14_IRQHandler
                0x0000000008001dbc                TIM1_UP_TIM10_IRQHandler
                0x0000000008001dbc                TIM8_UP_TIM13_IRQHandler
                0x0000000008001dbc                I2C3_ER_IRQHandler
                0x0000000008001dbc                EXTI0_IRQHandler
                0x0000000008001dbc                I2C2_EV_IRQHandler
                0x0000000008001dbc                DMA1_Stream2_IRQHandler
                0x0000000008001dbc                CAN1_RX0_IRQHandler
                0x0000000008001dbc                FPU_IRQHandler
                0x0000000008001dbc                OTG_HS_WKUP_IRQHandler
                0x0000000008001dbc                CAN2_SCE_IRQHandler
                0x0000000008001dbc                DMA2_Stream2_IRQHandler
                0x0000000008001dbc                SPI1_IRQHandler
                0x0000000008001dbc                TIM1_BRK_TIM9_IRQHandler
                0x0000000008001dbc                DCMI_IRQHandler
                0x0000000008001dbc                CAN2_RX0_IRQHandler
                0x0000000008001dbc                DMA2_Stream3_IRQHandler
                0x0000000008001dbc                USART6_IRQHandler
                0x0000000008001dbc                USART3_IRQHandler
                0x0000000008001dbc                CAN1_RX1_IRQHandler
                0x0000000008001dbc                UART5_IRQHandler
                0x0000000008001dbc                DMA2_Stream0_IRQHandler
                0x0000000008001dbc                TIM4_IRQHandler
                0x0000000008001dbc                I2C1_EV_IRQHandler
                0x0000000008001dbc                DMA1_Stream6_IRQHandler
                0x0000000008001dbc                DMA1_Stream1_IRQHandler
                0x0000000008001dbc                UART4_IRQHandler
                0x0000000008001dbc                TIM3_IRQHandler
                0x0000000008001dbc                RCC_IRQHandler
                0x0000000008001dbc                TIM8_BRK_TIM12_IRQHandler
                0x0000000008001dbc                Default_Handler
                0x0000000008001dbc                EXTI15_10_IRQHandler
                0x0000000008001dbc                ADC_IRQHandler
                0x0000000008001dbc                DMA1_Stream7_IRQHandler
                0x0000000008001dbc                TIM7_IRQHandler
                0x0000000008001dbc                CAN2_TX_IRQHandler
                0x0000000008001dbc                TIM5_IRQHandler
                0x0000000008001dbc                DMA2_Stream7_IRQHandler
                0x0000000008001dbc                I2C3_EV_IRQHandler
                0x0000000008001dbc                EXTI9_5_IRQHandler
                0x0000000008001dbc                RTC_WKUP_IRQHandler
                0x0000000008001dbc                ETH_WKUP_IRQHandler
                0x0000000008001dbc                SPI2_IRQHandler
                0x0000000008001dbc                OTG_HS_EP1_IN_IRQHandler
                0x0000000008001dbc                DMA1_Stream0_IRQHandler
                0x0000000008001dbc                CAN1_TX_IRQHandler
                0x0000000008001dbc                EXTI4_IRQHandler
                0x0000000008001dbc                FSMC_IRQHandler
                0x0000000008001dbc                ETH_IRQHandler
                0x0000000008001dbc                OTG_HS_EP1_OUT_IRQHandler
                0x0000000008001dbc                WWDG_IRQHandler
                0x0000000008001dbc                TIM2_IRQHandler
                0x0000000008001dbc                OTG_FS_WKUP_IRQHandler
                0x0000000008001dbc                TIM1_TRG_COM_TIM11_IRQHandler
                0x0000000008001dbc                OTG_HS_IRQHandler
                0x0000000008001dbc                EXTI1_IRQHandler
                0x0000000008001dbc                I2C2_ER_IRQHandler
                0x0000000008001dbc                DMA2_Stream1_IRQHandler
                0x0000000008001dbc                CAN1_SCE_IRQHandler
                0x0000000008001dbc                FLASH_IRQHandler
                0x0000000008001dbc                DMA2_Stream4_IRQHandler
                0x0000000008001dbc                USART1_IRQHandler
                0x0000000008001dbc                OTG_FS_IRQHandler
                0x0000000008001dbc                SPI3_IRQHandler
                0x0000000008001dbc                DMA1_Stream4_IRQHandler
                0x0000000008001dbc                I2C1_ER_IRQHandler
                0x0000000008001dbc                DMA2_Stream6_IRQHandler
                0x0000000008001dbc                DMA1_Stream3_IRQHandler
 *fill*         0x0000000008001dbe        0x2 
 .text.HAL_Init
                0x0000000008001dc0       0x44 Drivers/STM32F4xx_HAL_Driver/Src/stm32f4xx_hal.o
                0x0000000008001dc0                HAL_Init
 .text.HAL_IncTick
                0x0000000008001e04       0x28 Drivers/STM32F4xx_HAL_Driver/Src/stm32f4xx_hal.o
                0x0000000008001e04                HAL_IncTick
 .text.HAL_GetTick
                0x0000000008001e2c       0x18 Drivers/STM32F4xx_HAL_Driver/Src/stm32f4xx_hal.o
                0x0000000008001e2c                HAL_GetTick
 .text.__NVIC_SetPriorityGrouping
                0x0000000008001e44       0x48 Drivers/STM32F4xx_HAL_Driver/Src/stm32f4xx_hal_cortex.o
 .text.__NVIC_GetPriorityGrouping
                0x0000000008001e8c       0x1c Drivers/STM32F4xx_HAL_Driver/Src/stm32f4xx_hal_cortex.o
 .text.__NVIC_EnableIRQ
                0x0000000008001ea8       0x3c Drivers/STM32F4xx_HAL_Driver/Src/stm32f4xx_hal_cortex.o
 .text.__NVIC_SetPriority
                0x0000000008001ee4       0x54 Drivers/STM32F4xx_HAL_Driver/Src/stm32f4xx_hal_cortex.o
 .text.NVIC_EncodePriority
                0x0000000008001f38       0x66 Drivers/STM32F4xx_HAL_Driver/Src/stm32f4xx_hal_cortex.o
 .text.HAL_NVIC_SetPriorityGrouping
                0x0000000008001f9e       0x16 Drivers/STM32F4xx_HAL_Driver/Src/stm32f4xx_hal_cortex.o
                0x0000000008001f9e                HAL_NVIC_SetPriorityGrouping
 .text.HAL_NVIC_SetPriority
                0x0000000008001fb4       0x38 Drivers/STM32F4xx_HAL_Driver/Src/stm32f4xx_hal_cortex.o
                0x0000000008001fb4                HAL_NVIC_SetPriority
 .text.HAL_NVIC_EnableIRQ
                0x0000000008001fec       0x1c Drivers/STM32F4xx_HAL_Driver/Src/stm32f4xx_hal_cortex.o
                0x0000000008001fec                HAL_NVIC_EnableIRQ
 .text.HAL_DMA_Abort
                0x0000000008002008       0xe0 Drivers/STM32F4xx_HAL_Driver/Src/stm32f4xx_hal_dma.o
                0x0000000008002008                HAL_DMA_Abort
 .text.HAL_DMA_Abort_IT
                0x00000000080020e8       0x44 Drivers/STM32F4xx_HAL_Driver/Src/stm32f4xx_hal_dma.o
                0x00000000080020e8                HAL_DMA_Abort_IT
 .text.HAL_GPIO_Init
                0x000000000800212c      0x338 Drivers/STM32F4xx_HAL_Driver/Src/stm32f4xx_hal_gpio.o
                0x000000000800212c                HAL_GPIO_Init
 .text.HAL_GPIO_WritePin
                0x0000000008002464       0x32 Drivers/STM32F4xx_HAL_Driver/Src/stm32f4xx_hal_gpio.o
                0x0000000008002464                HAL_GPIO_WritePin
 *fill*         0x0000000008002496        0x2 
 .text.HAL_RCC_OscConfig
                0x0000000008002498      0x4f0 Drivers/STM32F4xx_HAL_Driver/Src/stm32f4xx_hal_rcc.o
                0x0000000008002498                HAL_RCC_OscConfig
 .text.HAL_RCC_ClockConfig
                0x0000000008002988      0x1cc Drivers/STM32F4xx_HAL_Driver/Src/stm32f4xx_hal_rcc.o
                0x0000000008002988                HAL_RCC_ClockConfig
 .text.HAL_RCC_GetSysClockFreq
                0x0000000008002b54      0x1c4 Drivers/STM32F4xx_HAL_Driver/Src/stm32f4xx_hal_rcc.o
                0x0000000008002b54                HAL_RCC_GetSysClockFreq
 .text.HAL_RCC_GetHCLKFreq
                0x0000000008002d18       0x18 Drivers/STM32F4xx_HAL_Driver/Src/stm32f4xx_hal_rcc.o
                0x0000000008002d18                HAL_RCC_GetHCLKFreq
 .text.HAL_RCC_GetPCLK1Freq
                0x0000000008002d30       0x28 Drivers/STM32F4xx_HAL_Driver/Src/stm32f4xx_hal_rcc.o
                0x0000000008002d30                HAL_RCC_GetPCLK1Freq
 .text.HAL_RCC_GetPCLK2Freq
                0x0000000008002d58       0x28 Drivers/STM32F4xx_HAL_Driver/Src/stm32f4xx_hal_rcc.o
                0x0000000008002d58                HAL_RCC_GetPCLK2Freq
 .text.HAL_RCC_GetClockConfig
                0x0000000008002d80       0x64 Drivers/STM32F4xx_HAL_Driver/Src/stm32f4xx_hal_rcc.o
                0x0000000008002d80                HAL_RCC_GetClockConfig
 .text.HAL_RCCEx_PeriphCLKConfig
                0x0000000008002de4      0x1c4 Drivers/STM32F4xx_HAL_Driver/Src/stm32f4xx_hal_rcc_ex.o
                0x0000000008002de4                HAL_RCCEx_PeriphCLKConfig
 .text.HAL_RTC_Init
                0x0000000008002fa8      0x122 Drivers/STM32F4xx_HAL_Driver/Src/stm32f4xx_hal_rtc.o
                0x0000000008002fa8                HAL_RTC_Init
 .text.HAL_RTC_SetTime
                0x00000000080030ca      0x17a Drivers/STM32F4xx_HAL_Driver/Src/stm32f4xx_hal_rtc.o
                0x00000000080030ca                HAL_RTC_SetTime
 .text.HAL_RTC_GetTime
                0x0000000008003244       0xbc Drivers/STM32F4xx_HAL_Driver/Src/stm32f4xx_hal_rtc.o
                0x0000000008003244                HAL_RTC_GetTime
 .text.HAL_RTC_SetDate
                0x0000000008003300      0x14e Drivers/STM32F4xx_HAL_Driver/Src/stm32f4xx_hal_rtc.o
                0x0000000008003300                HAL_RTC_SetDate
 .text.HAL_RTC_GetDate
                0x000000000800344e       0x9e Drivers/STM32F4xx_HAL_Driver/Src/stm32f4xx_hal_rtc.o
                0x000000000800344e                HAL_RTC_GetDate
 .text.HAL_RTC_WaitForSynchro
                0x00000000080034ec       0x50 Drivers/STM32F4xx_HAL_Driver/Src/stm32f4xx_hal_rtc.o
                0x00000000080034ec                HAL_RTC_WaitForSynchro
 .text.RTC_EnterInitMode
                0x000000000800353c       0x58 Drivers/STM32F4xx_HAL_Driver/Src/stm32f4xx_hal_rtc.o
                0x000000000800353c                RTC_EnterInitMode
 .text.RTC_ByteToBcd2
                0x0000000008003594       0x3c Drivers/STM32F4xx_HAL_Driver/Src/stm32f4xx_hal_rtc.o
                0x0000000008003594                RTC_ByteToBcd2
 .text.RTC_Bcd2ToByte
                0x00000000080035d0       0x3c Drivers/STM32F4xx_HAL_Driver/Src/stm32f4xx_hal_rtc.o
                0x00000000080035d0                RTC_Bcd2ToByte
 .text.HAL_TIM_Base_Init
                0x000000000800360c       0x9e Drivers/STM32F4xx_HAL_Driver/Src/stm32f4xx_hal_tim.o
                0x000000000800360c                HAL_TIM_Base_Init
 .text.HAL_TIM_Base_MspInit
                0x00000000080036aa       0x14 Drivers/STM32F4xx_HAL_Driver/Src/stm32f4xx_hal_tim.o
                0x00000000080036aa                HAL_TIM_Base_MspInit
 *fill*         0x00000000080036be        0x2 
 .text.HAL_TIM_Base_Start_IT
                0x00000000080036c0       0xe0 Drivers/STM32F4xx_HAL_Driver/Src/stm32f4xx_hal_tim.o
                0x00000000080036c0                HAL_TIM_Base_Start_IT
 .text.HAL_TIM_IRQHandler
                0x00000000080037a0      0x210 Drivers/STM32F4xx_HAL_Driver/Src/stm32f4xx_hal_tim.o
                0x00000000080037a0                HAL_TIM_IRQHandler
 .text.HAL_TIM_OC_DelayElapsedCallback
                0x00000000080039b0       0x14 Drivers/STM32F4xx_HAL_Driver/Src/stm32f4xx_hal_tim.o
                0x00000000080039b0                HAL_TIM_OC_DelayElapsedCallback
 .text.HAL_TIM_IC_CaptureCallback
                0x00000000080039c4       0x14 Drivers/STM32F4xx_HAL_Driver/Src/stm32f4xx_hal_tim.o
                0x00000000080039c4                HAL_TIM_IC_CaptureCallback
 .text.HAL_TIM_PWM_PulseFinishedCallback
                0x00000000080039d8       0x14 Drivers/STM32F4xx_HAL_Driver/Src/stm32f4xx_hal_tim.o
                0x00000000080039d8                HAL_TIM_PWM_PulseFinishedCallback
 .text.HAL_TIM_TriggerCallback
                0x00000000080039ec       0x14 Drivers/STM32F4xx_HAL_Driver/Src/stm32f4xx_hal_tim.o
                0x00000000080039ec                HAL_TIM_TriggerCallback
 .text.TIM_Base_SetConfig
                0x0000000008003a00      0x140 Drivers/STM32F4xx_HAL_Driver/Src/stm32f4xx_hal_tim.o
                0x0000000008003a00                TIM_Base_SetConfig
 .text.HAL_TIMEx_CommutCallback
                0x0000000008003b40       0x14 Drivers/STM32F4xx_HAL_Driver/Src/stm32f4xx_hal_tim_ex.o
                0x0000000008003b40                HAL_TIMEx_CommutCallback
 .text.HAL_TIMEx_BreakCallback
                0x0000000008003b54       0x14 Drivers/STM32F4xx_HAL_Driver/Src/stm32f4xx_hal_tim_ex.o
                0x0000000008003b54                HAL_TIMEx_BreakCallback
 .text.HAL_UART_Init
                0x0000000008003b68       0x9a Drivers/STM32F4xx_HAL_Driver/Src/stm32f4xx_hal_uart.o
                0x0000000008003b68                HAL_UART_Init
 .text.HAL_UART_Transmit
                0x0000000008003c02      0x124 Drivers/STM32F4xx_HAL_Driver/Src/stm32f4xx_hal_uart.o
                0x0000000008003c02                HAL_UART_Transmit
 .text.HAL_UART_Receive_IT
                0x0000000008003d26       0x60 Drivers/STM32F4xx_HAL_Driver/Src/stm32f4xx_hal_uart.o
                0x0000000008003d26                HAL_UART_Receive_IT
 *fill*         0x0000000008003d86        0x2 
 .text.HAL_UART_IRQHandler
                0x0000000008003d88      0x358 Drivers/STM32F4xx_HAL_Driver/Src/stm32f4xx_hal_uart.o
                0x0000000008003d88                HAL_UART_IRQHandler
 .text.HAL_UART_TxCpltCallback
                0x00000000080040e0       0x14 Drivers/STM32F4xx_HAL_Driver/Src/stm32f4xx_hal_uart.o
                0x00000000080040e0                HAL_UART_TxCpltCallback
 .text.HAL_UART_ErrorCallback
                0x00000000080040f4       0x14 Drivers/STM32F4xx_HAL_Driver/Src/stm32f4xx_hal_uart.o
                0x00000000080040f4                HAL_UART_ErrorCallback
 .text.HAL_UARTEx_RxEventCallback
                0x0000000008004108       0x18 Drivers/STM32F4xx_HAL_Driver/Src/stm32f4xx_hal_uart.o
                0x0000000008004108                HAL_UARTEx_RxEventCallback
 .text.UART_WaitOnFlagUntilTimeout
                0x0000000008004120       0x94 Drivers/STM32F4xx_HAL_Driver/Src/stm32f4xx_hal_uart.o
 .text.UART_Start_Receive_IT
                0x00000000080041b4       0x74 Drivers/STM32F4xx_HAL_Driver/Src/stm32f4xx_hal_uart.o
                0x00000000080041b4                UART_Start_Receive_IT
 .text.UART_EndRxTransfer
                0x0000000008004228       0x5a Drivers/STM32F4xx_HAL_Driver/Src/stm32f4xx_hal_uart.o
 .text.UART_DMAAbortOnError
                0x0000000008004282       0x28 Drivers/STM32F4xx_HAL_Driver/Src/stm32f4xx_hal_uart.o
 .text.UART_Transmit_IT
                0x00000000080042aa       0xa0 Drivers/STM32F4xx_HAL_Driver/Src/stm32f4xx_hal_uart.o
 .text.UART_EndTransmit_IT
                0x000000000800434a       0x30 Drivers/STM32F4xx_HAL_Driver/Src/stm32f4xx_hal_uart.o
 .text.UART_Receive_IT
                0x000000000800437a      0x12e Drivers/STM32F4xx_HAL_Driver/Src/stm32f4xx_hal_uart.o
 .text.UART_SetConfig
                0x00000000080044a8      0x390 Drivers/STM32F4xx_HAL_Driver/Src/stm32f4xx_hal_uart.o
 .text.vListInitialise
                0x0000000008004838       0x40 common/ThirdParty/FreeRTOS/list.o
                0x0000000008004838                vListInitialise
 .text.vListInitialiseItem
                0x0000000008004878       0x1a common/ThirdParty/FreeRTOS/list.o
                0x0000000008004878                vListInitialiseItem
 .text.vListInsertEnd
                0x0000000008004892       0x48 common/ThirdParty/FreeRTOS/list.o
                0x0000000008004892                vListInsertEnd
 .text.vListInsert
                0x00000000080048da       0x72 common/ThirdParty/FreeRTOS/list.o
                0x00000000080048da                vListInsert
 .text.uxListRemove
                0x000000000800494c       0x54 common/ThirdParty/FreeRTOS/list.o
                0x000000000800494c                uxListRemove
 .text.xQueueGenericReset
                0x00000000080049a0       0xd0 common/ThirdParty/FreeRTOS/queue.o
                0x00000000080049a0                xQueueGenericReset
 .text.xQueueGenericCreate
                0x0000000008004a70       0xbe common/ThirdParty/FreeRTOS/queue.o
                0x0000000008004a70                xQueueGenericCreate
 .text.prvInitialiseNewQueue
                0x0000000008004b2e       0x46 common/ThirdParty/FreeRTOS/queue.o
 .text.xQueueGenericSend
                0x0000000008004b74      0x1fc common/ThirdParty/FreeRTOS/queue.o
                0x0000000008004b74                xQueueGenericSend
 .text.xQueueGenericSendFromISR
                0x0000000008004d70      0x154 common/ThirdParty/FreeRTOS/queue.o
                0x0000000008004d70                xQueueGenericSendFromISR
 .text.xQueueReceive
                0x0000000008004ec4      0x1c0 common/ThirdParty/FreeRTOS/queue.o
                0x0000000008004ec4                xQueueReceive
 .text.xQueueReceiveFromISR
                0x0000000008005084      0x11e common/ThirdParty/FreeRTOS/queue.o
                0x0000000008005084                xQueueReceiveFromISR
 .text.uxQueueMessagesWaiting
                0x00000000080051a2       0x3c common/ThirdParty/FreeRTOS/queue.o
                0x00000000080051a2                uxQueueMessagesWaiting
 .text.prvCopyDataToQueue
                0x00000000080051de       0xd4 common/ThirdParty/FreeRTOS/queue.o
 .text.prvCopyDataFromQueue
                0x00000000080052b2       0x4c common/ThirdParty/FreeRTOS/queue.o
 .text.prvUnlockQueue
                0x00000000080052fe       0xa4 common/ThirdParty/FreeRTOS/queue.o
 .text.prvIsQueueEmpty
                0x00000000080053a2       0x2c common/ThirdParty/FreeRTOS/queue.o
 .text.prvIsQueueFull
                0x00000000080053ce       0x30 common/ThirdParty/FreeRTOS/queue.o
 .text.xQueueIsQueueFullFromISR
                0x00000000080053fe       0x4c common/ThirdParty/FreeRTOS/queue.o
                0x00000000080053fe                xQueueIsQueueFullFromISR
 *fill*         0x000000000800544a        0x2 
 .text.vQueueAddToRegistry
                0x000000000800544c       0x54 common/ThirdParty/FreeRTOS/queue.o
                0x000000000800544c                vQueueAddToRegistry
 .text.vQueueWaitForMessageRestricted
                0x00000000080054a0       0x68 common/ThirdParty/FreeRTOS/queue.o
                0x00000000080054a0                vQueueWaitForMessageRestricted
 .text.xTaskCreate
                0x0000000008005508       0x82 common/ThirdParty/FreeRTOS/tasks.o
                0x0000000008005508                xTaskCreate
 .text.prvInitialiseNewTask
                0x000000000800558a      0x12c common/ThirdParty/FreeRTOS/tasks.o
 *fill*         0x00000000080056b6        0x2 
 .text.prvAddNewTaskToReadyList
                0x00000000080056b8       0xdc common/ThirdParty/FreeRTOS/tasks.o
 .text.vTaskStartScheduler
                0x0000000008005794       0xa4 common/ThirdParty/FreeRTOS/tasks.o
                0x0000000008005794                vTaskStartScheduler
 .text.vTaskSuspendAll
                0x0000000008005838       0x1c common/ThirdParty/FreeRTOS/tasks.o
                0x0000000008005838                vTaskSuspendAll
 .text.xTaskResumeAll
                0x0000000008005854      0x138 common/ThirdParty/FreeRTOS/tasks.o
                0x0000000008005854                xTaskResumeAll
 .text.xTaskGetTickCount
                0x000000000800598c       0x20 common/ThirdParty/FreeRTOS/tasks.o
                0x000000000800598c                xTaskGetTickCount
 .text.xTaskIncrementTick
                0x00000000080059ac      0x170 common/ThirdParty/FreeRTOS/tasks.o
                0x00000000080059ac                xTaskIncrementTick
 .text.vTaskSwitchContext
                0x0000000008005b1c       0xb8 common/ThirdParty/FreeRTOS/tasks.o
                0x0000000008005b1c                vTaskSwitchContext
 .text.vTaskPlaceOnEventList
                0x0000000008005bd4       0x48 common/ThirdParty/FreeRTOS/tasks.o
                0x0000000008005bd4                vTaskPlaceOnEventList
 .text.vTaskPlaceOnEventListRestricted
                0x0000000008005c1c       0x58 common/ThirdParty/FreeRTOS/tasks.o
                0x0000000008005c1c                vTaskPlaceOnEventListRestricted
 .text.xTaskRemoveFromEventList
                0x0000000008005c74       0xc4 common/ThirdParty/FreeRTOS/tasks.o
                0x0000000008005c74                xTaskRemoveFromEventList
 .text.vTaskInternalSetTimeOutState
                0x0000000008005d38       0x2c common/ThirdParty/FreeRTOS/tasks.o
                0x0000000008005d38                vTaskInternalSetTimeOutState
 .text.xTaskCheckForTimeOut
                0x0000000008005d64       0xcc common/ThirdParty/FreeRTOS/tasks.o
                0x0000000008005d64                xTaskCheckForTimeOut
 .text.vTaskMissedYield
                0x0000000008005e30       0x18 common/ThirdParty/FreeRTOS/tasks.o
                0x0000000008005e30                vTaskMissedYield
 .text.prvIdleTask
                0x0000000008005e48       0x30 common/ThirdParty/FreeRTOS/tasks.o
 .text.prvInitialiseTaskLists
                0x0000000008005e78       0x80 common/ThirdParty/FreeRTOS/tasks.o
 .text.prvCheckTasksWaitingTermination
                0x0000000008005ef8       0x5c common/ThirdParty/FreeRTOS/tasks.o
 .text.prvDeleteTCB
                0x0000000008005f54       0x20 common/ThirdParty/FreeRTOS/tasks.o
 .text.prvResetNextTaskUnblockTime
                0x0000000008005f74       0x38 common/ThirdParty/FreeRTOS/tasks.o
 .text.xTaskGetSchedulerState
                0x0000000008005fac       0x3c common/ThirdParty/FreeRTOS/tasks.o
                0x0000000008005fac                xTaskGetSchedulerState
 .text.xTaskPriorityDisinherit
                0x0000000008005fe8       0xf4 common/ThirdParty/FreeRTOS/tasks.o
                0x0000000008005fe8                xTaskPriorityDisinherit
 .text.xTaskGenericNotifyWait
                0x00000000080060dc      0x100 common/ThirdParty/FreeRTOS/tasks.o
                0x00000000080060dc                xTaskGenericNotifyWait
 .text.xTaskGenericNotify
                0x00000000080061dc      0x1c0 common/ThirdParty/FreeRTOS/tasks.o
                0x00000000080061dc                xTaskGenericNotify
 .text.xTaskGenericNotifyFromISR
                0x000000000800639c      0x204 common/ThirdParty/FreeRTOS/tasks.o
                0x000000000800639c                xTaskGenericNotifyFromISR
 .text.prvAddCurrentTaskToDelayedList
                0x00000000080065a0       0xcc common/ThirdParty/FreeRTOS/tasks.o
 .text.xTimerCreateTimerTask
                0x000000000800666c       0x64 common/ThirdParty/FreeRTOS/timers.o
                0x000000000800666c                xTimerCreateTimerTask
 .text.xTimerCreate
                0x00000000080066d0       0x42 common/ThirdParty/FreeRTOS/timers.o
                0x00000000080066d0                xTimerCreate
 .text.prvInitialiseNewTimer
                0x0000000008006712       0x76 common/ThirdParty/FreeRTOS/timers.o
 .text.xTimerGenericCommand
                0x0000000008006788       0x9c common/ThirdParty/FreeRTOS/timers.o
                0x0000000008006788                xTimerGenericCommand
 .text.prvProcessExpiredTimer
                0x0000000008006824       0x98 common/ThirdParty/FreeRTOS/timers.o
 .text.prvTimerTask
                0x00000000080068bc       0x24 common/ThirdParty/FreeRTOS/timers.o
 .text.prvProcessTimerOrBlockTask
                0x00000000080068e0       0x9c common/ThirdParty/FreeRTOS/timers.o
 .text.prvGetNextExpireTime
                0x000000000800697c       0x48 common/ThirdParty/FreeRTOS/timers.o
 .text.prvSampleTimeNow
                0x00000000080069c4       0x40 common/ThirdParty/FreeRTOS/timers.o
 .text.prvInsertTimerInActiveList
                0x0000000008006a04       0x84 common/ThirdParty/FreeRTOS/timers.o
 .text.prvProcessReceivedCommands
                0x0000000008006a88      0x18c common/ThirdParty/FreeRTOS/timers.o
 .text.prvSwitchTimerLists
                0x0000000008006c14       0xc8 common/ThirdParty/FreeRTOS/timers.o
 .text.prvCheckForValidListAndQueue
                0x0000000008006cdc       0x6c common/ThirdParty/FreeRTOS/timers.o
 .text.xTimerIsTimerActive
                0x0000000008006d48       0x52 common/ThirdParty/FreeRTOS/timers.o
                0x0000000008006d48                xTimerIsTimerActive
 .text.pvTimerGetTimerID
                0x0000000008006d9a       0x40 common/ThirdParty/FreeRTOS/timers.o
                0x0000000008006d9a                pvTimerGetTimerID
 *fill*         0x0000000008006dda        0x2 
 .text.pxPortInitialiseStack
                0x0000000008006ddc       0x68 common/ThirdParty/FreeRTOS/portable/GCC/ARM_CM4F/port.o
                0x0000000008006ddc                pxPortInitialiseStack
 .text.prvTaskExitError
                0x0000000008006e44       0x58 common/ThirdParty/FreeRTOS/portable/GCC/ARM_CM4F/port.o
 *fill*         0x0000000008006e9c        0x4 
 .text.SVC_Handler
                0x0000000008006ea0       0x28 common/ThirdParty/FreeRTOS/portable/GCC/ARM_CM4F/port.o
                0x0000000008006ea0                SVC_Handler
 .text.prvPortStartFirstTask
                0x0000000008006ec8       0x2c common/ThirdParty/FreeRTOS/portable/GCC/ARM_CM4F/port.o
 .text.xPortStartScheduler
                0x0000000008006ef4      0x144 common/ThirdParty/FreeRTOS/portable/GCC/ARM_CM4F/port.o
                0x0000000008006ef4                xPortStartScheduler
 .text.vPortEnterCritical
                0x0000000008007038       0x60 common/ThirdParty/FreeRTOS/portable/GCC/ARM_CM4F/port.o
                0x0000000008007038                vPortEnterCritical
 .text.vPortExitCritical
                0x0000000008007098       0x54 common/ThirdParty/FreeRTOS/portable/GCC/ARM_CM4F/port.o
                0x0000000008007098                vPortExitCritical
 *fill*         0x00000000080070ec        0x4 
 .text.PendSV_Handler
                0x00000000080070f0       0x68 common/ThirdParty/FreeRTOS/portable/GCC/ARM_CM4F/port.o
                0x00000000080070f0                PendSV_Handler
 .text.SysTick_Handler
                0x0000000008007158       0x44 common/ThirdParty/FreeRTOS/portable/GCC/ARM_CM4F/port.o
                0x0000000008007158                SysTick_Handler
 .text.vPortSetupTimerInterrupt
                0x000000000800719c       0x48 common/ThirdParty/FreeRTOS/portable/GCC/ARM_CM4F/port.o
                0x000000000800719c                vPortSetupTimerInterrupt
 .text.vPortEnableVFP
                0x00000000080071e4       0x18 common/ThirdParty/FreeRTOS/portable/GCC/ARM_CM4F/port.o
 .text.vPortValidateInterruptPriority
                0x00000000080071fc       0x80 common/ThirdParty/FreeRTOS/portable/GCC/ARM_CM4F/port.o
                0x00000000080071fc                vPortValidateInterruptPriority
 .text.pvPortMalloc
                0x000000000800727c      0x1c0 common/ThirdParty/FreeRTOS/portable/MemMang/heap_4.o
                0x000000000800727c                pvPortMalloc
 .text.vPortFree
                0x000000000800743c       0xc4 common/ThirdParty/FreeRTOS/portable/MemMang/heap_4.o
                0x000000000800743c                vPortFree
 .text.prvHeapInit
                0x0000000008007500       0xc4 common/ThirdParty/FreeRTOS/portable/MemMang/heap_4.o
 .text.prvInsertBlockIntoFreeList
                0x00000000080075c4       0xb4 common/ThirdParty/FreeRTOS/portable/MemMang/heap_4.o
 .text._DoInit  0x0000000008007678       0xb0 common/ThirdParty/SEGGER/SEGGER/SEGGER_RTT.o
 .text._WriteBlocking
                0x0000000008007728       0xba common/ThirdParty/SEGGER/SEGGER/SEGGER_RTT.o
 .text._WriteNoCheck
                0x00000000080077e2       0x90 common/ThirdParty/SEGGER/SEGGER/SEGGER_RTT.o
 .text._GetAvailWriteSpace
                0x0000000008007872       0x46 common/ThirdParty/SEGGER/SEGGER/SEGGER_RTT.o
 .text.SEGGER_RTT_WriteNoLock
                0x00000000080078b8       0xa0 common/ThirdParty/SEGGER/SEGGER/SEGGER_RTT.o
                0x00000000080078b8                SEGGER_RTT_WriteNoLock
 .text.SEGGER_RTT_Write
                0x0000000008007958       0x4c common/ThirdParty/SEGGER/SEGGER/SEGGER_RTT.o
                0x0000000008007958                SEGGER_RTT_Write
 .text._write_r
                0x00000000080079a4       0x22 common/ThirdParty/SEGGER/SEGGER/Syscalls/SEGGER_RTT_Syscalls_GCC.o
                0x00000000080079a4                _write_r
 *fill*         0x00000000080079c6        0x2 
 .text.__errno  0x00000000080079c8        0xc c:/st/stm32cubeide_1.6.1/stm32cubeide/plugins/com.st.stm32cube.ide.mcu.externaltools.gnu-tools-for-stm32.9-2020-q2-update.win32_1.5.0.202011040924/tools/bin/../lib/gcc/arm-none-eabi/9.3.1/../../../../arm-none-eabi/lib/thumb/v7e-m+fp/hard\libc_nano.a(lib_a-errno.o)
                0x00000000080079c8                __errno
 .text.__libc_init_array
                0x00000000080079d4       0x48 c:/st/stm32cubeide_1.6.1/stm32cubeide/plugins/com.st.stm32cube.ide.mcu.externaltools.gnu-tools-for-stm32.9-2020-q2-update.win32_1.5.0.202011040924/tools/bin/../lib/gcc/arm-none-eabi/9.3.1/../../../../arm-none-eabi/lib/thumb/v7e-m+fp/hard\libc_nano.a(lib_a-init.o)
                0x00000000080079d4                __libc_init_array
 .text.memcpy   0x0000000008007a1c       0x1c c:/st/stm32cubeide_1.6.1/stm32cubeide/plugins/com.st.stm32cube.ide.mcu.externaltools.gnu-tools-for-stm32.9-2020-q2-update.win32_1.5.0.202011040924/tools/bin/../lib/gcc/arm-none-eabi/9.3.1/../../../../arm-none-eabi/lib/thumb/v7e-m+fp/hard\libc_nano.a(lib_a-memcpy-stub.o)
                0x0000000008007a1c                memcpy
 .text.memset   0x0000000008007a38       0x10 c:/st/stm32cubeide_1.6.1/stm32cubeide/plugins/com.st.stm32cube.ide.mcu.externaltools.gnu-tools-for-stm32.9-2020-q2-update.win32_1.5.0.202011040924/tools/bin/../lib/gcc/arm-none-eabi/9.3.1/../../../../arm-none-eabi/lib/thumb/v7e-m+fp/hard\libc_nano.a(lib_a-memset.o)
                0x0000000008007a38                memset
 .text.printf   0x0000000008007a48       0x30 c:/st/stm32cubeide_1.6.1/stm32cubeide/plugins/com.st.stm32cube.ide.mcu.externaltools.gnu-tools-for-stm32.9-2020-q2-update.win32_1.5.0.202011040924/tools/bin/../lib/gcc/arm-none-eabi/9.3.1/../../../../arm-none-eabi/lib/thumb/v7e-m+fp/hard\libc_nano.a(lib_a-printf.o)
                0x0000000008007a48                iprintf
                0x0000000008007a48                printf
 .text.sprintf  0x0000000008007a78       0x40 c:/st/stm32cubeide_1.6.1/stm32cubeide/plugins/com.st.stm32cube.ide.mcu.externaltools.gnu-tools-for-stm32.9-2020-q2-update.win32_1.5.0.202011040924/tools/bin/../lib/gcc/arm-none-eabi/9.3.1/../../../../arm-none-eabi/lib/thumb/v7e-m+fp/hard\libc_nano.a(lib_a-sprintf.o)
                0x0000000008007a78                siprintf
                0x0000000008007a78                sprintf
 .text.std      0x0000000008007ab8       0x48 c:/st/stm32cubeide_1.6.1/stm32cubeide/plugins/com.st.stm32cube.ide.mcu.externaltools.gnu-tools-for-stm32.9-2020-q2-update.win32_1.5.0.202011040924/tools/bin/../lib/gcc/arm-none-eabi/9.3.1/../../../../arm-none-eabi/lib/thumb/v7e-m+fp/hard\libc_nano.a(lib_a-findfp.o)
 .text._cleanup_r
                0x0000000008007b00        0xc c:/st/stm32cubeide_1.6.1/stm32cubeide/plugins/com.st.stm32cube.ide.mcu.externaltools.gnu-tools-for-stm32.9-2020-q2-update.win32_1.5.0.202011040924/tools/bin/../lib/gcc/arm-none-eabi/9.3.1/../../../../arm-none-eabi/lib/thumb/v7e-m+fp/hard\libc_nano.a(lib_a-findfp.o)
                0x0000000008007b00                _cleanup_r
 .text.__sfmoreglue
                0x0000000008007b0c       0x2c c:/st/stm32cubeide_1.6.1/stm32cubeide/plugins/com.st.stm32cube.ide.mcu.externaltools.gnu-tools-for-stm32.9-2020-q2-update.win32_1.5.0.202011040924/tools/bin/../lib/gcc/arm-none-eabi/9.3.1/../../../../arm-none-eabi/lib/thumb/v7e-m+fp/hard\libc_nano.a(lib_a-findfp.o)
                0x0000000008007b0c                __sfmoreglue
 .text.__sfp_lock_acquire
                0x0000000008007b38        0xc c:/st/stm32cubeide_1.6.1/stm32cubeide/plugins/com.st.stm32cube.ide.mcu.externaltools.gnu-tools-for-stm32.9-2020-q2-update.win32_1.5.0.202011040924/tools/bin/../lib/gcc/arm-none-eabi/9.3.1/../../../../arm-none-eabi/lib/thumb/v7e-m+fp/hard\libc_nano.a(lib_a-findfp.o)
                0x0000000008007b38                __sfp_lock_acquire
 .text.__sfp_lock_release
                0x0000000008007b44        0xc c:/st/stm32cubeide_1.6.1/stm32cubeide/plugins/com.st.stm32cube.ide.mcu.externaltools.gnu-tools-for-stm32.9-2020-q2-update.win32_1.5.0.202011040924/tools/bin/../lib/gcc/arm-none-eabi/9.3.1/../../../../arm-none-eabi/lib/thumb/v7e-m+fp/hard\libc_nano.a(lib_a-findfp.o)
                0x0000000008007b44                __sfp_lock_release
 .text.__sinit_lock_acquire
                0x0000000008007b50        0xc c:/st/stm32cubeide_1.6.1/stm32cubeide/plugins/com.st.stm32cube.ide.mcu.externaltools.gnu-tools-for-stm32.9-2020-q2-update.win32_1.5.0.202011040924/tools/bin/../lib/gcc/arm-none-eabi/9.3.1/../../../../arm-none-eabi/lib/thumb/v7e-m+fp/hard\libc_nano.a(lib_a-findfp.o)
                0x0000000008007b50                __sinit_lock_acquire
 .text.__sinit_lock_release
                0x0000000008007b5c        0xc c:/st/stm32cubeide_1.6.1/stm32cubeide/plugins/com.st.stm32cube.ide.mcu.externaltools.gnu-tools-for-stm32.9-2020-q2-update.win32_1.5.0.202011040924/tools/bin/../lib/gcc/arm-none-eabi/9.3.1/../../../../arm-none-eabi/lib/thumb/v7e-m+fp/hard\libc_nano.a(lib_a-findfp.o)
                0x0000000008007b5c                __sinit_lock_release
 .text.__sinit  0x0000000008007b68       0x70 c:/st/stm32cubeide_1.6.1/stm32cubeide/plugins/com.st.stm32cube.ide.mcu.externaltools.gnu-tools-for-stm32.9-2020-q2-update.win32_1.5.0.202011040924/tools/bin/../lib/gcc/arm-none-eabi/9.3.1/../../../../arm-none-eabi/lib/thumb/v7e-m+fp/hard\libc_nano.a(lib_a-findfp.o)
                0x0000000008007b68                __sinit
 .text.__sfp    0x0000000008007bd8       0x8c c:/st/stm32cubeide_1.6.1/stm32cubeide/plugins/com.st.stm32cube.ide.mcu.externaltools.gnu-tools-for-stm32.9-2020-q2-update.win32_1.5.0.202011040924/tools/bin/../lib/gcc/arm-none-eabi/9.3.1/../../../../arm-none-eabi/lib/thumb/v7e-m+fp/hard\libc_nano.a(lib_a-findfp.o)
                0x0000000008007bd8                __sfp
 .text._fwalk_reent
                0x0000000008007c64       0x3e c:/st/stm32cubeide_1.6.1/stm32cubeide/plugins/com.st.stm32cube.ide.mcu.externaltools.gnu-tools-for-stm32.9-2020-q2-update.win32_1.5.0.202011040924/tools/bin/../lib/gcc/arm-none-eabi/9.3.1/../../../../arm-none-eabi/lib/thumb/v7e-m+fp/hard\libc_nano.a(lib_a-fwalk.o)
                0x0000000008007c64                _fwalk_reent
 .text.__retarget_lock_init_recursive
                0x0000000008007ca2        0x2 c:/st/stm32cubeide_1.6.1/stm32cubeide/plugins/com.st.stm32cube.ide.mcu.externaltools.gnu-tools-for-stm32.9-2020-q2-update.win32_1.5.0.202011040924/tools/bin/../lib/gcc/arm-none-eabi/9.3.1/../../../../arm-none-eabi/lib/thumb/v7e-m+fp/hard\libc_nano.a(lib_a-lock.o)
                0x0000000008007ca2                __retarget_lock_init_recursive
 .text.__retarget_lock_acquire_recursive
                0x0000000008007ca4        0x2 c:/st/stm32cubeide_1.6.1/stm32cubeide/plugins/com.st.stm32cube.ide.mcu.externaltools.gnu-tools-for-stm32.9-2020-q2-update.win32_1.5.0.202011040924/tools/bin/../lib/gcc/arm-none-eabi/9.3.1/../../../../arm-none-eabi/lib/thumb/v7e-m+fp/hard\libc_nano.a(lib_a-lock.o)
                0x0000000008007ca4                __retarget_lock_acquire_recursive
 .text.__retarget_lock_release_recursive
                0x0000000008007ca6        0x2 c:/st/stm32cubeide_1.6.1/stm32cubeide/plugins/com.st.stm32cube.ide.mcu.externaltools.gnu-tools-for-stm32.9-2020-q2-update.win32_1.5.0.202011040924/tools/bin/../lib/gcc/arm-none-eabi/9.3.1/../../../../arm-none-eabi/lib/thumb/v7e-m+fp/hard\libc_nano.a(lib_a-lock.o)
                0x0000000008007ca6                __retarget_lock_release_recursive
 .text._malloc_r
                0x0000000008007ca8       0xb4 c:/st/stm32cubeide_1.6.1/stm32cubeide/plugins/com.st.stm32cube.ide.mcu.externaltools.gnu-tools-for-stm32.9-2020-q2-update.win32_1.5.0.202011040924/tools/bin/../lib/gcc/arm-none-eabi/9.3.1/../../../../arm-none-eabi/lib/thumb/v7e-m+fp/hard\libc_nano.a(lib_a-nano-mallocr.o)
                0x0000000008007ca8                _malloc_r
 .text.__ssputs_r
                0x0000000008007d5c       0xb6 c:/st/stm32cubeide_1.6.1/stm32cubeide/plugins/com.st.stm32cube.ide.mcu.externaltools.gnu-tools-for-stm32.9-2020-q2-update.win32_1.5.0.202011040924/tools/bin/../lib/gcc/arm-none-eabi/9.3.1/../../../../arm-none-eabi/lib/thumb/v7e-m+fp/hard\libc_nano.a(lib_a-nano-svfprintf.o)
                0x0000000008007d5c                __ssputs_r
 *fill*         0x0000000008007e12        0x2 
 .text._svfprintf_r
                0x0000000008007e14      0x200 c:/st/stm32cubeide_1.6.1/stm32cubeide/plugins/com.st.stm32cube.ide.mcu.externaltools.gnu-tools-for-stm32.9-2020-q2-update.win32_1.5.0.202011040924/tools/bin/../lib/gcc/arm-none-eabi/9.3.1/../../../../arm-none-eabi/lib/thumb/v7e-m+fp/hard\libc_nano.a(lib_a-nano-svfprintf.o)
                0x0000000008007e14                _svfiprintf_r
                0x0000000008007e14                _svfprintf_r
 .text.__sfputc_r
                0x0000000008008014       0x2e c:/st/stm32cubeide_1.6.1/stm32cubeide/plugins/com.st.stm32cube.ide.mcu.externaltools.gnu-tools-for-stm32.9-2020-q2-update.win32_1.5.0.202011040924/tools/bin/../lib/gcc/arm-none-eabi/9.3.1/../../../../arm-none-eabi/lib/thumb/v7e-m+fp/hard\libc_nano.a(lib_a-nano-vfprintf.o)
 .text.__sfputs_r
                0x0000000008008042       0x24 c:/st/stm32cubeide_1.6.1/stm32cubeide/plugins/com.st.stm32cube.ide.mcu.externaltools.gnu-tools-for-stm32.9-2020-q2-update.win32_1.5.0.202011040924/tools/bin/../lib/gcc/arm-none-eabi/9.3.1/../../../../arm-none-eabi/lib/thumb/v7e-m+fp/hard\libc_nano.a(lib_a-nano-vfprintf.o)
                0x0000000008008042                __sfputs_r
 *fill*         0x0000000008008066        0x2 
 .text._vfprintf_r
                0x0000000008008068      0x260 c:/st/stm32cubeide_1.6.1/stm32cubeide/plugins/com.st.stm32cube.ide.mcu.externaltools.gnu-tools-for-stm32.9-2020-q2-update.win32_1.5.0.202011040924/tools/bin/../lib/gcc/arm-none-eabi/9.3.1/../../../../arm-none-eabi/lib/thumb/v7e-m+fp/hard\libc_nano.a(lib_a-nano-vfprintf.o)
                0x0000000008008068                _vfprintf_r
                0x0000000008008068                _vfiprintf_r
 .text._printf_common
                0x00000000080082c8       0xda c:/st/stm32cubeide_1.6.1/stm32cubeide/plugins/com.st.stm32cube.ide.mcu.externaltools.gnu-tools-for-stm32.9-2020-q2-update.win32_1.5.0.202011040924/tools/bin/../lib/gcc/arm-none-eabi/9.3.1/../../../../arm-none-eabi/lib/thumb/v7e-m+fp/hard\libc_nano.a(lib_a-nano-vfprintf_i.o)
                0x00000000080082c8                _printf_common
 *fill*         0x00000000080083a2        0x2 
 .text._printf_i
                0x00000000080083a4      0x24c c:/st/stm32cubeide_1.6.1/stm32cubeide/plugins/com.st.stm32cube.ide.mcu.externaltools.gnu-tools-for-stm32.9-2020-q2-update.win32_1.5.0.202011040924/tools/bin/../lib/gcc/arm-none-eabi/9.3.1/../../../../arm-none-eabi/lib/thumb/v7e-m+fp/hard\libc_nano.a(lib_a-nano-vfprintf_i.o)
                0x00000000080083a4                _printf_i
 .text._sbrk_r  0x00000000080085f0       0x20 c:/st/stm32cubeide_1.6.1/stm32cubeide/plugins/com.st.stm32cube.ide.mcu.externaltools.gnu-tools-for-stm32.9-2020-q2-update.win32_1.5.0.202011040924/tools/bin/../lib/gcc/arm-none-eabi/9.3.1/../../../../arm-none-eabi/lib/thumb/v7e-m+fp/hard\libc_nano.a(lib_a-sbrkr.o)
                0x00000000080085f0                _sbrk_r
 .text.__sread  0x0000000008008610       0x22 c:/st/stm32cubeide_1.6.1/stm32cubeide/plugins/com.st.stm32cube.ide.mcu.externaltools.gnu-tools-for-stm32.9-2020-q2-update.win32_1.5.0.202011040924/tools/bin/../lib/gcc/arm-none-eabi/9.3.1/../../../../arm-none-eabi/lib/thumb/v7e-m+fp/hard\libc_nano.a(lib_a-stdio.o)
                0x0000000008008610                __sread
 .text.__swrite
                0x0000000008008632       0x38 c:/st/stm32cubeide_1.6.1/stm32cubeide/plugins/com.st.stm32cube.ide.mcu.externaltools.gnu-tools-for-stm32.9-2020-q2-update.win32_1.5.0.202011040924/tools/bin/../lib/gcc/arm-none-eabi/9.3.1/../../../../arm-none-eabi/lib/thumb/v7e-m+fp/hard\libc_nano.a(lib_a-stdio.o)
                0x0000000008008632                __swrite
 .text.__sseek  0x000000000800866a       0x24 c:/st/stm32cubeide_1.6.1/stm32cubeide/plugins/com.st.stm32cube.ide.mcu.externaltools.gnu-tools-for-stm32.9-2020-q2-update.win32_1.5.0.202011040924/tools/bin/../lib/gcc/arm-none-eabi/9.3.1/../../../../arm-none-eabi/lib/thumb/v7e-m+fp/hard\libc_nano.a(lib_a-stdio.o)
                0x000000000800866a                __sseek
 .text.__sclose
                0x000000000800868e        0x8 c:/st/stm32cubeide_1.6.1/stm32cubeide/plugins/com.st.stm32cube.ide.mcu.externaltools.gnu-tools-for-stm32.9-2020-q2-update.win32_1.5.0.202011040924/tools/bin/../lib/gcc/arm-none-eabi/9.3.1/../../../../arm-none-eabi/lib/thumb/v7e-m+fp/hard\libc_nano.a(lib_a-stdio.o)
                0x000000000800868e                __sclose
 *fill*         0x0000000008008696        0x2 
 .text.__swbuf_r
                0x0000000008008698       0xa4 c:/st/stm32cubeide_1.6.1/stm32cubeide/plugins/com.st.stm32cube.ide.mcu.externaltools.gnu-tools-for-stm32.9-2020-q2-update.win32_1.5.0.202011040924/tools/bin/../lib/gcc/arm-none-eabi/9.3.1/../../../../arm-none-eabi/lib/thumb/v7e-m+fp/hard\libc_nano.a(lib_a-wbuf.o)
                0x0000000008008698                __swbuf_r
 .text.__swsetup_r
                0x000000000800873c       0xdc c:/st/stm32cubeide_1.6.1/stm32cubeide/plugins/com.st.stm32cube.ide.mcu.externaltools.gnu-tools-for-stm32.9-2020-q2-update.win32_1.5.0.202011040924/tools/bin/../lib/gcc/arm-none-eabi/9.3.1/../../../../arm-none-eabi/lib/thumb/v7e-m+fp/hard\libc_nano.a(lib_a-wsetup.o)
                0x000000000800873c                __swsetup_r
 .text._close_r
                0x0000000008008818       0x20 c:/st/stm32cubeide_1.6.1/stm32cubeide/plugins/com.st.stm32cube.ide.mcu.externaltools.gnu-tools-for-stm32.9-2020-q2-update.win32_1.5.0.202011040924/tools/bin/../lib/gcc/arm-none-eabi/9.3.1/../../../../arm-none-eabi/lib/thumb/v7e-m+fp/hard\libc_nano.a(lib_a-closer.o)
                0x0000000008008818                _close_r
 .text.__sflush_r
                0x0000000008008838      0x10c c:/st/stm32cubeide_1.6.1/stm32cubeide/plugins/com.st.stm32cube.ide.mcu.externaltools.gnu-tools-for-stm32.9-2020-q2-update.win32_1.5.0.202011040924/tools/bin/../lib/gcc/arm-none-eabi/9.3.1/../../../../arm-none-eabi/lib/thumb/v7e-m+fp/hard\libc_nano.a(lib_a-fflush.o)
                0x0000000008008838                __sflush_r
 .text._fflush_r
                0x0000000008008944       0x78 c:/st/stm32cubeide_1.6.1/stm32cubeide/plugins/com.st.stm32cube.ide.mcu.externaltools.gnu-tools-for-stm32.9-2020-q2-update.win32_1.5.0.202011040924/tools/bin/../lib/gcc/arm-none-eabi/9.3.1/../../../../arm-none-eabi/lib/thumb/v7e-m+fp/hard\libc_nano.a(lib_a-fflush.o)
                0x0000000008008944                _fflush_r
 .text._lseek_r
                0x00000000080089bc       0x24 c:/st/stm32cubeide_1.6.1/stm32cubeide/plugins/com.st.stm32cube.ide.mcu.externaltools.gnu-tools-for-stm32.9-2020-q2-update.win32_1.5.0.202011040924/tools/bin/../lib/gcc/arm-none-eabi/9.3.1/../../../../arm-none-eabi/lib/thumb/v7e-m+fp/hard\libc_nano.a(lib_a-lseekr.o)
                0x00000000080089bc                _lseek_r
 .text.__swhatbuf_r
                0x00000000080089e0       0x48 c:/st/stm32cubeide_1.6.1/stm32cubeide/plugins/com.st.stm32cube.ide.mcu.externaltools.gnu-tools-for-stm32.9-2020-q2-update.win32_1.5.0.202011040924/tools/bin/../lib/gcc/arm-none-eabi/9.3.1/../../../../arm-none-eabi/lib/thumb/v7e-m+fp/hard\libc_nano.a(lib_a-makebuf.o)
                0x00000000080089e0                __swhatbuf_r
 .text.__smakebuf_r
                0x0000000008008a28       0x80 c:/st/stm32cubeide_1.6.1/stm32cubeide/plugins/com.st.stm32cube.ide.mcu.externaltools.gnu-tools-for-stm32.9-2020-q2-update.win32_1.5.0.202011040924/tools/bin/../lib/gcc/arm-none-eabi/9.3.1/../../../../arm-none-eabi/lib/thumb/v7e-m+fp/hard\libc_nano.a(lib_a-makebuf.o)
                0x0000000008008a28                __smakebuf_r
 .text.memmove  0x0000000008008aa8       0x34 c:/st/stm32cubeide_1.6.1/stm32cubeide/plugins/com.st.stm32cube.ide.mcu.externaltools.gnu-tools-for-stm32.9-2020-q2-update.win32_1.5.0.202011040924/tools/bin/../lib/gcc/arm-none-eabi/9.3.1/../../../../arm-none-eabi/lib/thumb/v7e-m+fp/hard\libc_nano.a(lib_a-memmove.o)
                0x0000000008008aa8                memmove
 .text.__malloc_lock
                0x0000000008008adc        0xc c:/st/stm32cubeide_1.6.1/stm32cubeide/plugins/com.st.stm32cube.ide.mcu.externaltools.gnu-tools-for-stm32.9-2020-q2-update.win32_1.5.0.202011040924/tools/bin/../lib/gcc/arm-none-eabi/9.3.1/../../../../arm-none-eabi/lib/thumb/v7e-m+fp/hard\libc_nano.a(lib_a-mlock.o)
                0x0000000008008adc                __malloc_lock
 .text.__malloc_unlock
                0x0000000008008ae8        0xc c:/st/stm32cubeide_1.6.1/stm32cubeide/plugins/com.st.stm32cube.ide.mcu.externaltools.gnu-tools-for-stm32.9-2020-q2-update.win32_1.5.0.202011040924/tools/bin/../lib/gcc/arm-none-eabi/9.3.1/../../../../arm-none-eabi/lib/thumb/v7e-m+fp/hard\libc_nano.a(lib_a-mlock.o)
                0x0000000008008ae8                __malloc_unlock
 .text._free_r  0x0000000008008af4       0xa0 c:/st/stm32cubeide_1.6.1/stm32cubeide/plugins/com.st.stm32cube.ide.mcu.externaltools.gnu-tools-for-stm32.9-2020-q2-update.win32_1.5.0.202011040924/tools/bin/../lib/gcc/arm-none-eabi/9.3.1/../../../../arm-none-eabi/lib/thumb/v7e-m+fp/hard\libc_nano.a(lib_a-nano-freer.o)
                0x0000000008008af4                _free_r
 .text._realloc_r
                0x0000000008008b94       0x4c c:/st/stm32cubeide_1.6.1/stm32cubeide/plugins/com.st.stm32cube.ide.mcu.externaltools.gnu-tools-for-stm32.9-2020-q2-update.win32_1.5.0.202011040924/tools/bin/../lib/gcc/arm-none-eabi/9.3.1/../../../../arm-none-eabi/lib/thumb/v7e-m+fp/hard\libc_nano.a(lib_a-nano-reallocr.o)
                0x0000000008008b94                _realloc_r
 .text._read_r  0x0000000008008be0       0x24 c:/st/stm32cubeide_1.6.1/stm32cubeide/plugins/com.st.stm32cube.ide.mcu.externaltools.gnu-tools-for-stm32.9-2020-q2-update.win32_1.5.0.202011040924/tools/bin/../lib/gcc/arm-none-eabi/9.3.1/../../../../arm-none-eabi/lib/thumb/v7e-m+fp/hard\libc_nano.a(lib_a-readr.o)
                0x0000000008008be0                _read_r
 .text._fstat_r
                0x0000000008008c04       0x24 c:/st/stm32cubeide_1.6.1/stm32cubeide/plugins/com.st.stm32cube.ide.mcu.externaltools.gnu-tools-for-stm32.9-2020-q2-update.win32_1.5.0.202011040924/tools/bin/../lib/gcc/arm-none-eabi/9.3.1/../../../../arm-none-eabi/lib/thumb/v7e-m+fp/hard\libc_nano.a(lib_a-fstatr.o)
                0x0000000008008c04                _fstat_r
 .text._isatty_r
                0x0000000008008c28       0x20 c:/st/stm32cubeide_1.6.1/stm32cubeide/plugins/com.st.stm32cube.ide.mcu.externaltools.gnu-tools-for-stm32.9-2020-q2-update.win32_1.5.0.202011040924/tools/bin/../lib/gcc/arm-none-eabi/9.3.1/../../../../arm-none-eabi/lib/thumb/v7e-m+fp/hard\libc_nano.a(lib_a-isattyr.o)
                0x0000000008008c28                _isatty_r
 .text._malloc_usable_size_r
                0x0000000008008c48       0x10 c:/st/stm32cubeide_1.6.1/stm32cubeide/plugins/com.st.stm32cube.ide.mcu.externaltools.gnu-tools-for-stm32.9-2020-q2-update.win32_1.5.0.202011040924/tools/bin/../lib/gcc/arm-none-eabi/9.3.1/../../../../arm-none-eabi/lib/thumb/v7e-m+fp/hard\libc_nano.a(lib_a-nano-msizer.o)
                0x0000000008008c48                _malloc_usable_size_r
 *(.glue_7)
 .glue_7        0x0000000008008c58        0x0 linker stubs
 *(.glue_7t)
 .glue_7t       0x0000000008008c58        0x0 linker stubs
 *(.eh_frame)
 .eh_frame      0x0000000008008c58        0x0 c:/st/stm32cubeide_1.6.1/stm32cubeide/plugins/com.st.stm32cube.ide.mcu.externaltools.gnu-tools-for-stm32.9-2020-q2-update.win32_1.5.0.202011040924/tools/bin/../lib/gcc/arm-none-eabi/9.3.1/thumb/v7e-m+fp/hard/crtbegin.o
 *(.init)
 .init          0x0000000008008c58        0x4 c:/st/stm32cubeide_1.6.1/stm32cubeide/plugins/com.st.stm32cube.ide.mcu.externaltools.gnu-tools-for-stm32.9-2020-q2-update.win32_1.5.0.202011040924/tools/bin/../lib/gcc/arm-none-eabi/9.3.1/thumb/v7e-m+fp/hard/crti.o
                0x0000000008008c58                _init
 .init          0x0000000008008c5c        0x8 c:/st/stm32cubeide_1.6.1/stm32cubeide/plugins/com.st.stm32cube.ide.mcu.externaltools.gnu-tools-for-stm32.9-2020-q2-update.win32_1.5.0.202011040924/tools/bin/../lib/gcc/arm-none-eabi/9.3.1/thumb/v7e-m+fp/hard/crtn.o
 *(.fini)
 .fini          0x0000000008008c64        0x4 c:/st/stm32cubeide_1.6.1/stm32cubeide/plugins/com.st.stm32cube.ide.mcu.externaltools.gnu-tools-for-stm32.9-2020-q2-update.win32_1.5.0.202011040924/tools/bin/../lib/gcc/arm-none-eabi/9.3.1/thumb/v7e-m+fp/hard/crti.o
                0x0000000008008c64                _fini
 .fini          0x0000000008008c68        0x8 c:/st/stm32cubeide_1.6.1/stm32cubeide/plugins/com.st.stm32cube.ide.mcu.externaltools.gnu-tools-for-stm32.9-2020-q2-update.win32_1.5.0.202011040924/tools/bin/../lib/gcc/arm-none-eabi/9.3.1/thumb/v7e-m+fp/hard/crtn.o
                0x0000000008008c70                . = ALIGN (0x4)
                0x0000000008008c70                _etext = .

.vfp11_veneer   0x0000000008008c70        0x0
 .vfp11_veneer  0x0000000008008c70        0x0 linker stubs

.v4_bx          0x0000000008008c70        0x0
 .v4_bx         0x0000000008008c70        0x0 linker stubs

.iplt           0x0000000008008c70        0x0
 .iplt          0x0000000008008c70        0x0 c:/st/stm32cubeide_1.6.1/stm32cubeide/plugins/com.st.stm32cube.ide.mcu.externaltools.gnu-tools-for-stm32.9-2020-q2-update.win32_1.5.0.202011040924/tools/bin/../lib/gcc/arm-none-eabi/9.3.1/thumb/v7e-m+fp/hard/crtbegin.o

.rodata         0x0000000008008c70      0x4ac
                0x0000000008008c70                . = ALIGN (0x4)
 *(.rodata)
 .rodata        0x0000000008008c70       0x59 Core/Src/main.o
 *fill*         0x0000000008008cc9        0x3 
 .rodata        0x0000000008008ccc       0x58 Core/Src/rtc.o
 .rodata        0x0000000008008d24      0x317 Core/Src/task_handler.o
 *fill*         0x000000000800903b        0x1 
 .rodata        0x000000000800903c        0x5 common/ThirdParty/FreeRTOS/tasks.o
 *fill*         0x0000000008009041        0x3 
 .rodata        0x0000000008009044        0xd common/ThirdParty/FreeRTOS/timers.o
 *fill*         0x0000000008009051        0x3 
 .rodata        0x0000000008009054       0x17 common/ThirdParty/SEGGER/SEGGER/SEGGER_RTT.o
 *(.rodata*)
 *fill*         0x000000000800906b        0x1 
 .rodata.AHBPrescTable
                0x000000000800906c       0x10 Core/Src/system_stm32f4xx.o
                0x000000000800906c                AHBPrescTable
 .rodata.APBPrescTable
                0x000000000800907c        0x8 Core/Src/system_stm32f4xx.o
                0x000000000800907c                APBPrescTable
 .rodata._global_impure_ptr
                0x0000000008009084        0x4 c:/st/stm32cubeide_1.6.1/stm32cubeide/plugins/com.st.stm32cube.ide.mcu.externaltools.gnu-tools-for-stm32.9-2020-q2-update.win32_1.5.0.202011040924/tools/bin/../lib/gcc/arm-none-eabi/9.3.1/../../../../arm-none-eabi/lib/thumb/v7e-m+fp/hard\libc_nano.a(lib_a-impure.o)
                0x0000000008009084                _global_impure_ptr
 .rodata.__sf_fake_stderr
                0x0000000008009088       0x20 c:/st/stm32cubeide_1.6.1/stm32cubeide/plugins/com.st.stm32cube.ide.mcu.externaltools.gnu-tools-for-stm32.9-2020-q2-update.win32_1.5.0.202011040924/tools/bin/../lib/gcc/arm-none-eabi/9.3.1/../../../../arm-none-eabi/lib/thumb/v7e-m+fp/hard\libc_nano.a(lib_a-findfp.o)
                0x0000000008009088                __sf_fake_stderr
 .rodata.__sf_fake_stdin
                0x00000000080090a8       0x20 c:/st/stm32cubeide_1.6.1/stm32cubeide/plugins/com.st.stm32cube.ide.mcu.externaltools.gnu-tools-for-stm32.9-2020-q2-update.win32_1.5.0.202011040924/tools/bin/../lib/gcc/arm-none-eabi/9.3.1/../../../../arm-none-eabi/lib/thumb/v7e-m+fp/hard\libc_nano.a(lib_a-findfp.o)
                0x00000000080090a8                __sf_fake_stdin
 .rodata.__sf_fake_stdout
                0x00000000080090c8       0x20 c:/st/stm32cubeide_1.6.1/stm32cubeide/plugins/com.st.stm32cube.ide.mcu.externaltools.gnu-tools-for-stm32.9-2020-q2-update.win32_1.5.0.202011040924/tools/bin/../lib/gcc/arm-none-eabi/9.3.1/../../../../arm-none-eabi/lib/thumb/v7e-m+fp/hard\libc_nano.a(lib_a-findfp.o)
                0x00000000080090c8                __sf_fake_stdout
 .rodata._svfprintf_r.str1.1
                0x00000000080090e8       0x11 c:/st/stm32cubeide_1.6.1/stm32cubeide/plugins/com.st.stm32cube.ide.mcu.externaltools.gnu-tools-for-stm32.9-2020-q2-update.win32_1.5.0.202011040924/tools/bin/../lib/gcc/arm-none-eabi/9.3.1/../../../../arm-none-eabi/lib/thumb/v7e-m+fp/hard\libc_nano.a(lib_a-nano-svfprintf.o)
 .rodata._vfprintf_r.str1.1
                0x00000000080090f9       0x11 c:/st/stm32cubeide_1.6.1/stm32cubeide/plugins/com.st.stm32cube.ide.mcu.externaltools.gnu-tools-for-stm32.9-2020-q2-update.win32_1.5.0.202011040924/tools/bin/../lib/gcc/arm-none-eabi/9.3.1/../../../../arm-none-eabi/lib/thumb/v7e-m+fp/hard\libc_nano.a(lib_a-nano-vfprintf.o)
 .rodata._printf_i.str1.1
                0x00000000080090f9       0x22 c:/st/stm32cubeide_1.6.1/stm32cubeide/plugins/com.st.stm32cube.ide.mcu.externaltools.gnu-tools-for-stm32.9-2020-q2-update.win32_1.5.0.202011040924/tools/bin/../lib/gcc/arm-none-eabi/9.3.1/../../../../arm-none-eabi/lib/thumb/v7e-m+fp/hard\libc_nano.a(lib_a-nano-vfprintf_i.o)
                0x000000000800911c                . = ALIGN (0x4)
 *fill*         0x000000000800911b        0x1 

.ARM.extab      0x000000000800911c        0x0
                0x000000000800911c                . = ALIGN (0x4)
 *(.ARM.extab* .gnu.linkonce.armextab.*)
                0x000000000800911c                . = ALIGN (0x4)

.ARM            0x000000000800911c        0x8
                0x000000000800911c                . = ALIGN (0x4)
                0x000000000800911c                __exidx_start = .
 *(.ARM.exidx*)
 .ARM.exidx     0x000000000800911c        0x8 c:/st/stm32cubeide_1.6.1/stm32cubeide/plugins/com.st.stm32cube.ide.mcu.externaltools.gnu-tools-for-stm32.9-2020-q2-update.win32_1.5.0.202011040924/tools/bin/../lib/gcc/arm-none-eabi/9.3.1/thumb/v7e-m+fp/hard\libgcc.a(_udivmoddi4.o)
                0x0000000008009124                __exidx_end = .
                0x0000000008009124                . = ALIGN (0x4)

.rel.dyn        0x0000000008009124        0x0
 .rel.iplt      0x0000000008009124        0x0 c:/st/stm32cubeide_1.6.1/stm32cubeide/plugins/com.st.stm32cube.ide.mcu.externaltools.gnu-tools-for-stm32.9-2020-q2-update.win32_1.5.0.202011040924/tools/bin/../lib/gcc/arm-none-eabi/9.3.1/thumb/v7e-m+fp/hard/crtbegin.o

.preinit_array  0x0000000008009124        0x0
                0x0000000008009124                . = ALIGN (0x4)
                0x0000000008009124                PROVIDE (__preinit_array_start = .)
 *(.preinit_array*)
                0x0000000008009124                PROVIDE (__preinit_array_end = .)
                0x0000000008009124                . = ALIGN (0x4)

.init_array     0x0000000008009124        0x4
                0x0000000008009124                . = ALIGN (0x4)
                0x0000000008009124                PROVIDE (__init_array_start = .)
 *(SORT_BY_NAME(.init_array.*))
 *(.init_array*)
 .init_array    0x0000000008009124        0x4 c:/st/stm32cubeide_1.6.1/stm32cubeide/plugins/com.st.stm32cube.ide.mcu.externaltools.gnu-tools-for-stm32.9-2020-q2-update.win32_1.5.0.202011040924/tools/bin/../lib/gcc/arm-none-eabi/9.3.1/thumb/v7e-m+fp/hard/crtbegin.o
                0x0000000008009128                PROVIDE (__init_array_end = .)
                0x0000000008009128                . = ALIGN (0x4)

.fini_array     0x0000000008009128        0x4
                0x0000000008009128                . = ALIGN (0x4)
                [!provide]                        PROVIDE (__fini_array_start = .)
 *(SORT_BY_NAME(.fini_array.*))
 *(.fini_array*)
 .fini_array    0x0000000008009128        0x4 c:/st/stm32cubeide_1.6.1/stm32cubeide/plugins/com.st.stm32cube.ide.mcu.externaltools.gnu-tools-for-stm32.9-2020-q2-update.win32_1.5.0.202011040924/tools/bin/../lib/gcc/arm-none-eabi/9.3.1/thumb/v7e-m+fp/hard/crtbegin.o
                [!provide]                        PROVIDE (__fini_array_end = .)
                0x000000000800912c                . = ALIGN (0x4)
                0x000000000800912c                _sidata = LOADADDR (.data)

.data           0x0000000020000000       0x8c load address 0x000000000800912c
                0x0000000020000000                . = ALIGN (0x4)
                0x0000000020000000                _sdata = .
 *(.data)
 *(.data*)
 .data.flag.10297
                0x0000000020000000        0x4 Core/Src/led_effect.o
 .data.flag.10301
                0x0000000020000004        0x4 Core/Src/led_effect.o
 .data.time.10278
                0x0000000020000008        0x4 Core/Src/rtc.o
 .data.date.10279
                0x000000002000000c        0x4 Core/Src/rtc.o
 .data.SystemCoreClock
                0x0000000020000010        0x4 Core/Src/system_stm32f4xx.o
                0x0000000020000010                SystemCoreClock
 .data.msg_inv  0x0000000020000014        0x4 Core/Src/task_handler.o
                0x0000000020000014                msg_inv
 .data.uwTickPrio
                0x0000000020000018        0x4 Drivers/STM32F4xx_HAL_Driver/Src/stm32f4xx_hal.o
                0x0000000020000018                uwTickPrio
 .data.uwTickFreq
                0x000000002000001c        0x1 Drivers/STM32F4xx_HAL_Driver/Src/stm32f4xx_hal.o
                0x000000002000001c                uwTickFreq
 *fill*         0x000000002000001d        0x3 
 .data.uxTopUsedPriority
                0x0000000020000020        0x4 common/ThirdParty/FreeRTOS/tasks.o
                0x0000000020000020                uxTopUsedPriority
 .data.uxCriticalNesting
                0x0000000020000024        0x4 common/ThirdParty/FreeRTOS/portable/GCC/ARM_CM4F/port.o
 .data._impure_ptr
                0x0000000020000028        0x4 c:/st/stm32cubeide_1.6.1/stm32cubeide/plugins/com.st.stm32cube.ide.mcu.externaltools.gnu-tools-for-stm32.9-2020-q2-update.win32_1.5.0.202011040924/tools/bin/../lib/gcc/arm-none-eabi/9.3.1/../../../../arm-none-eabi/lib/thumb/v7e-m+fp/hard\libc_nano.a(lib_a-impure.o)
                0x0000000020000028                _impure_ptr
 .data.impure_data
                0x000000002000002c       0x60 c:/st/stm32cubeide_1.6.1/stm32cubeide/plugins/com.st.stm32cube.ide.mcu.externaltools.gnu-tools-for-stm32.9-2020-q2-update.win32_1.5.0.202011040924/tools/bin/../lib/gcc/arm-none-eabi/9.3.1/../../../../arm-none-eabi/lib/thumb/v7e-m+fp/hard\libc_nano.a(lib_a-impure.o)
 *(.RamFunc)
 *(.RamFunc*)
                0x000000002000008c                . = ALIGN (0x4)
                0x000000002000008c                _edata = .

.igot.plt       0x000000002000008c        0x0 load address 0x00000000080091b8
 .igot.plt      0x000000002000008c        0x0 c:/st/stm32cubeide_1.6.1/stm32cubeide/plugins/com.st.stm32cube.ide.mcu.externaltools.gnu-tools-for-stm32.9-2020-q2-update.win32_1.5.0.202011040924/tools/bin/../lib/gcc/arm-none-eabi/9.3.1/thumb/v7e-m+fp/hard/crtbegin.o
                0x000000002000008c                . = ALIGN (0x4)

.bss            0x000000002000008c    0x197dc load address 0x00000000080091b8
                0x000000002000008c                _sbss = .
                0x000000002000008c                __bss_start__ = _sbss
 *(.bss)
 .bss           0x000000002000008c       0x1c c:/st/stm32cubeide_1.6.1/stm32cubeide/plugins/com.st.stm32cube.ide.mcu.externaltools.gnu-tools-for-stm32.9-2020-q2-update.win32_1.5.0.202011040924/tools/bin/../lib/gcc/arm-none-eabi/9.3.1/thumb/v7e-m+fp/hard/crtbegin.o
 *(.bss*)
 .bss.i.10305   0x00000000200000a8        0x4 Core/Src/led_effect.o
 .bss.i.10309   0x00000000200000ac        0x4 Core/Src/led_effect.o
 .bss.curr_state
                0x00000000200000b0        0x1 Core/Src/main.o
                0x00000000200000b0                curr_state
 *fill*         0x00000000200000b1        0x3 
 .bss.showtime.10274
                0x00000000200000b4       0x28 Core/Src/rtc.o
 .bss.showdate.10275
                0x00000000200000dc       0x28 Core/Src/rtc.o
 .bss.__sbrk_heap_end
                0x0000000020000104        0x4 Core/Src/sysmem.o
 .bss.rtc_state.10312
                0x0000000020000108        0x4 Core/Src/task_handler.o
 .bss.pxCurrentTCB
                0x000000002000010c        0x4 common/ThirdParty/FreeRTOS/tasks.o
                0x000000002000010c                pxCurrentTCB
 .bss.pxReadyTasksLists
                0x0000000020000110       0x64 common/ThirdParty/FreeRTOS/tasks.o
 .bss.xDelayedTaskList1
                0x0000000020000174       0x14 common/ThirdParty/FreeRTOS/tasks.o
 .bss.xDelayedTaskList2
                0x0000000020000188       0x14 common/ThirdParty/FreeRTOS/tasks.o
 .bss.pxDelayedTaskList
                0x000000002000019c        0x4 common/ThirdParty/FreeRTOS/tasks.o
 .bss.pxOverflowDelayedTaskList
                0x00000000200001a0        0x4 common/ThirdParty/FreeRTOS/tasks.o
 .bss.xPendingReadyList
                0x00000000200001a4       0x14 common/ThirdParty/FreeRTOS/tasks.o
 .bss.xTasksWaitingTermination
                0x00000000200001b8       0x14 common/ThirdParty/FreeRTOS/tasks.o
 .bss.uxDeletedTasksWaitingCleanUp
                0x00000000200001cc        0x4 common/ThirdParty/FreeRTOS/tasks.o
 .bss.xSuspendedTaskList
                0x00000000200001d0       0x14 common/ThirdParty/FreeRTOS/tasks.o
 .bss.uxCurrentNumberOfTasks
                0x00000000200001e4        0x4 common/ThirdParty/FreeRTOS/tasks.o
 .bss.xTickCount
                0x00000000200001e8        0x4 common/ThirdParty/FreeRTOS/tasks.o
 .bss.uxTopReadyPriority
                0x00000000200001ec        0x4 common/ThirdParty/FreeRTOS/tasks.o
 .bss.xSchedulerRunning
                0x00000000200001f0        0x4 common/ThirdParty/FreeRTOS/tasks.o
 .bss.xPendedTicks
                0x00000000200001f4        0x4 common/ThirdParty/FreeRTOS/tasks.o
 .bss.xYieldPending
                0x00000000200001f8        0x4 common/ThirdParty/FreeRTOS/tasks.o
 .bss.xNumOfOverflows
                0x00000000200001fc        0x4 common/ThirdParty/FreeRTOS/tasks.o
 .bss.uxTaskNumber
                0x0000000020000200        0x4 common/ThirdParty/FreeRTOS/tasks.o
 .bss.xNextTaskUnblockTime
                0x0000000020000204        0x4 common/ThirdParty/FreeRTOS/tasks.o
 .bss.xIdleTaskHandle
                0x0000000020000208        0x4 common/ThirdParty/FreeRTOS/tasks.o
 .bss.uxSchedulerSuspended
                0x000000002000020c        0x4 common/ThirdParty/FreeRTOS/tasks.o
 .bss.xActiveTimerList1
                0x0000000020000210       0x14 common/ThirdParty/FreeRTOS/timers.o
 .bss.xActiveTimerList2
                0x0000000020000224       0x14 common/ThirdParty/FreeRTOS/timers.o
 .bss.pxCurrentTimerList
                0x0000000020000238        0x4 common/ThirdParty/FreeRTOS/timers.o
 .bss.pxOverflowTimerList
                0x000000002000023c        0x4 common/ThirdParty/FreeRTOS/timers.o
 .bss.xTimerQueue
                0x0000000020000240        0x4 common/ThirdParty/FreeRTOS/timers.o
 .bss.xTimerTaskHandle
                0x0000000020000244        0x4 common/ThirdParty/FreeRTOS/timers.o
 .bss.xLastTime.6896
                0x0000000020000248        0x4 common/ThirdParty/FreeRTOS/timers.o
 .bss.ucMaxSysCallPriority
                0x000000002000024c        0x1 common/ThirdParty/FreeRTOS/portable/GCC/ARM_CM4F/port.o
 *fill*         0x000000002000024d        0x3 
 .bss.ulMaxPRIGROUPValue
                0x0000000020000250        0x4 common/ThirdParty/FreeRTOS/portable/GCC/ARM_CM4F/port.o
 .bss.ucHeap    0x0000000020000254    0x19000 common/ThirdParty/FreeRTOS/portable/MemMang/heap_4.o
 .bss.xStart    0x0000000020019254        0x8 common/ThirdParty/FreeRTOS/portable/MemMang/heap_4.o
 .bss.pxEnd     0x000000002001925c        0x4 common/ThirdParty/FreeRTOS/portable/MemMang/heap_4.o
 .bss.xFreeBytesRemaining
                0x0000000020019260        0x4 common/ThirdParty/FreeRTOS/portable/MemMang/heap_4.o
 .bss.xMinimumEverFreeBytesRemaining
                0x0000000020019264        0x4 common/ThirdParty/FreeRTOS/portable/MemMang/heap_4.o
 .bss.xNumberOfSuccessfulAllocations
                0x0000000020019268        0x4 common/ThirdParty/FreeRTOS/portable/MemMang/heap_4.o
 .bss.xNumberOfSuccessfulFrees
                0x000000002001926c        0x4 common/ThirdParty/FreeRTOS/portable/MemMang/heap_4.o
 .bss.xBlockAllocatedBit
                0x0000000020019270        0x4 common/ThirdParty/FreeRTOS/portable/MemMang/heap_4.o
 .bss._acUpBuffer
                0x0000000020019274      0x400 common/ThirdParty/SEGGER/SEGGER/SEGGER_RTT.o
 .bss._acDownBuffer
                0x0000000020019674       0x10 common/ThirdParty/SEGGER/SEGGER/SEGGER_RTT.o
 .bss.__malloc_free_list
                0x0000000020019684        0x4 c:/st/stm32cubeide_1.6.1/stm32cubeide/plugins/com.st.stm32cube.ide.mcu.externaltools.gnu-tools-for-stm32.9-2020-q2-update.win32_1.5.0.202011040924/tools/bin/../lib/gcc/arm-none-eabi/9.3.1/../../../../arm-none-eabi/lib/thumb/v7e-m+fp/hard\libc_nano.a(lib_a-nano-mallocr.o)
                0x0000000020019684                __malloc_free_list
 .bss.__malloc_sbrk_start
                0x0000000020019688        0x4 c:/st/stm32cubeide_1.6.1/stm32cubeide/plugins/com.st.stm32cube.ide.mcu.externaltools.gnu-tools-for-stm32.9-2020-q2-update.win32_1.5.0.202011040924/tools/bin/../lib/gcc/arm-none-eabi/9.3.1/../../../../arm-none-eabi/lib/thumb/v7e-m+fp/hard\libc_nano.a(lib_a-nano-mallocr.o)
                0x0000000020019688                __malloc_sbrk_start
 *(COMMON)
 COMMON         0x000000002001968c       0x98 Core/Src/main.o
                0x000000002001968c                handle_led_timer
                0x000000002001969c                rtc_timer
                0x00000000200196a0                handle_rtc_task
                0x00000000200196a4                handle_cmd_task
                0x00000000200196a8                q_data
                0x00000000200196ac                handle_menu_task
                0x00000000200196b0                q_print
                0x00000000200196b4                hrtc
                0x00000000200196d4                handle_print_task
                0x00000000200196d8                handle_led_task
                0x00000000200196dc                user_data
                0x00000000200196e0                huart2
 COMMON         0x0000000020019724       0x48 Core/Src/stm32f4xx_hal_timebase_tim.o
                0x0000000020019724                htim6
 COMMON         0x000000002001976c        0x4 Drivers/STM32F4xx_HAL_Driver/Src/stm32f4xx_hal.o
                0x000000002001976c                uwTick
 COMMON         0x0000000020019770       0x40 common/ThirdParty/FreeRTOS/queue.o
                0x0000000020019770                xQueueRegistry
 COMMON         0x00000000200197b0       0xa8 common/ThirdParty/SEGGER/SEGGER/SEGGER_RTT.o
                0x00000000200197b0                _SEGGER_RTT
 COMMON         0x0000000020019858        0x9 c:/st/stm32cubeide_1.6.1/stm32cubeide/plugins/com.st.stm32cube.ide.mcu.externaltools.gnu-tools-for-stm32.9-2020-q2-update.win32_1.5.0.202011040924/tools/bin/../lib/gcc/arm-none-eabi/9.3.1/../../../../arm-none-eabi/lib/thumb/v7e-m+fp/hard\libc_nano.a(lib_a-lock.o)
                0x0000000020019858                __lock___atexit_recursive_mutex
                0x0000000020019859                __lock___arc4random_mutex
                0x000000002001985a                __lock___env_recursive_mutex
                0x000000002001985b                __lock___sinit_recursive_mutex
                0x000000002001985c                __lock___malloc_recursive_mutex
                0x000000002001985d                __lock___at_quick_exit_mutex
                0x000000002001985e                __lock___dd_hash_mutex
                0x000000002001985f                __lock___tz_mutex
                0x0000000020019860                __lock___sfp_recursive_mutex
 *fill*         0x0000000020019861        0x3 
 COMMON         0x0000000020019864        0x4 c:/st/stm32cubeide_1.6.1/stm32cubeide/plugins/com.st.stm32cube.ide.mcu.externaltools.gnu-tools-for-stm32.9-2020-q2-update.win32_1.5.0.202011040924/tools/bin/../lib/gcc/arm-none-eabi/9.3.1/../../../../arm-none-eabi/lib/thumb/v7e-m+fp/hard\libc_nano.a(lib_a-reent.o)
                0x0000000020019864                errno
                0x0000000020019868                . = ALIGN (0x4)
                0x0000000020019868                _ebss = .
                0x0000000020019868                __bss_end__ = _ebss

._user_heap_stack
                0x0000000020019868      0x600 load address 0x00000000080091b8
                0x0000000020019868                . = ALIGN (0x8)
                [!provide]                        PROVIDE (end = .)
                0x0000000020019868                PROVIDE (_end = .)
                0x0000000020019a68                . = (. + _Min_Heap_Size)
 *fill*         0x0000000020019868      0x200 
                0x0000000020019e68                . = (. + _Min_Stack_Size)
 *fill*         0x0000000020019a68      0x400 
                0x0000000020019e68                . = ALIGN (0x8)

/DISCARD/
 libc.a(*)
 libm.a(*)
 libgcc.a(*)

.ARM.attributes
                0x0000000000000000       0x30
 *(.ARM.attributes)
 .ARM.attributes
                0x0000000000000000       0x1e c:/st/stm32cubeide_1.6.1/stm32cubeide/plugins/com.st.stm32cube.ide.mcu.externaltools.gnu-tools-for-stm32.9-2020-q2-update.win32_1.5.0.202011040924/tools/bin/../lib/gcc/arm-none-eabi/9.3.1/thumb/v7e-m+fp/hard/crti.o
 .ARM.attributes
                0x000000000000001e       0x34 c:/st/stm32cubeide_1.6.1/stm32cubeide/plugins/com.st.stm32cube.ide.mcu.externaltools.gnu-tools-for-stm32.9-2020-q2-update.win32_1.5.0.202011040924/tools/bin/../lib/gcc/arm-none-eabi/9.3.1/thumb/v7e-m+fp/hard/crtbegin.o
 .ARM.attributes
                0x0000000000000052       0x34 Core/Src/led_effect.o
 .ARM.attributes
                0x0000000000000086       0x34 Core/Src/main.o
 .ARM.attributes
                0x00000000000000ba       0x34 Core/Src/rtc.o
 .ARM.attributes
                0x00000000000000ee       0x34 Core/Src/stm32f4xx_hal_msp.o
 .ARM.attributes
                0x0000000000000122       0x34 Core/Src/stm32f4xx_hal_timebase_tim.o
 .ARM.attributes
                0x0000000000000156       0x34 Core/Src/stm32f4xx_it.o
 .ARM.attributes
                0x000000000000018a       0x34 Core/Src/syscalls.o
 .ARM.attributes
                0x00000000000001be       0x34 Core/Src/sysmem.o
 .ARM.attributes
                0x00000000000001f2       0x34 Core/Src/system_stm32f4xx.o
 .ARM.attributes
                0x0000000000000226       0x34 Core/Src/task_handler.o
 .ARM.attributes
                0x000000000000025a       0x21 Core/Startup/startup_stm32f407vgtx.o
 .ARM.attributes
                0x000000000000027b       0x34 Drivers/STM32F4xx_HAL_Driver/Src/stm32f4xx_hal.o
 .ARM.attributes
                0x00000000000002af       0x34 Drivers/STM32F4xx_HAL_Driver/Src/stm32f4xx_hal_cortex.o
 .ARM.attributes
                0x00000000000002e3       0x34 Drivers/STM32F4xx_HAL_Driver/Src/stm32f4xx_hal_dma.o
 .ARM.attributes
                0x0000000000000317       0x34 Drivers/STM32F4xx_HAL_Driver/Src/stm32f4xx_hal_gpio.o
 .ARM.attributes
                0x000000000000034b       0x34 Drivers/STM32F4xx_HAL_Driver/Src/stm32f4xx_hal_rcc.o
 .ARM.attributes
                0x000000000000037f       0x34 Drivers/STM32F4xx_HAL_Driver/Src/stm32f4xx_hal_rcc_ex.o
 .ARM.attributes
                0x00000000000003b3       0x34 Drivers/STM32F4xx_HAL_Driver/Src/stm32f4xx_hal_rtc.o
 .ARM.attributes
                0x00000000000003e7       0x34 Drivers/STM32F4xx_HAL_Driver/Src/stm32f4xx_hal_tim.o
 .ARM.attributes
                0x000000000000041b       0x34 Drivers/STM32F4xx_HAL_Driver/Src/stm32f4xx_hal_tim_ex.o
 .ARM.attributes
                0x000000000000044f       0x34 Drivers/STM32F4xx_HAL_Driver/Src/stm32f4xx_hal_uart.o
 .ARM.attributes
                0x0000000000000483       0x34 common/ThirdParty/FreeRTOS/list.o
 .ARM.attributes
                0x00000000000004b7       0x34 common/ThirdParty/FreeRTOS/queue.o
 .ARM.attributes
                0x00000000000004eb       0x34 common/ThirdParty/FreeRTOS/tasks.o
 .ARM.attributes
                0x000000000000051f       0x34 common/ThirdParty/FreeRTOS/timers.o
 .ARM.attributes
                0x0000000000000553       0x34 common/ThirdParty/FreeRTOS/portable/GCC/ARM_CM4F/port.o
 .ARM.attributes
                0x0000000000000587       0x34 common/ThirdParty/FreeRTOS/portable/MemMang/heap_4.o
 .ARM.attributes
                0x00000000000005bb       0x34 common/ThirdParty/SEGGER/SEGGER/SEGGER_RTT.o
 .ARM.attributes
                0x00000000000005ef       0x34 common/ThirdParty/SEGGER/SEGGER/Syscalls/SEGGER_RTT_Syscalls_GCC.o
 .ARM.attributes
                0x0000000000000623       0x34 c:/st/stm32cubeide_1.6.1/stm32cubeide/plugins/com.st.stm32cube.ide.mcu.externaltools.gnu-tools-for-stm32.9-2020-q2-update.win32_1.5.0.202011040924/tools/bin/../lib/gcc/arm-none-eabi/9.3.1/../../../../arm-none-eabi/lib/thumb/v7e-m+fp/hard\libc_nano.a(lib_a-errno.o)
 .ARM.attributes
                0x0000000000000657       0x32 c:/st/stm32cubeide_1.6.1/stm32cubeide/plugins/com.st.stm32cube.ide.mcu.externaltools.gnu-tools-for-stm32.9-2020-q2-update.win32_1.5.0.202011040924/tools/bin/../lib/gcc/arm-none-eabi/9.3.1/../../../../arm-none-eabi/lib/thumb/v7e-m+fp/hard\libc_nano.a(lib_a-impure.o)
 .ARM.attributes
                0x0000000000000689       0x34 c:/st/stm32cubeide_1.6.1/stm32cubeide/plugins/com.st.stm32cube.ide.mcu.externaltools.gnu-tools-for-stm32.9-2020-q2-update.win32_1.5.0.202011040924/tools/bin/../lib/gcc/arm-none-eabi/9.3.1/../../../../arm-none-eabi/lib/thumb/v7e-m+fp/hard\libc_nano.a(lib_a-init.o)
 .ARM.attributes
                0x00000000000006bd       0x34 c:/st/stm32cubeide_1.6.1/stm32cubeide/plugins/com.st.stm32cube.ide.mcu.externaltools.gnu-tools-for-stm32.9-2020-q2-update.win32_1.5.0.202011040924/tools/bin/../lib/gcc/arm-none-eabi/9.3.1/../../../../arm-none-eabi/lib/thumb/v7e-m+fp/hard\libc_nano.a(lib_a-memcpy-stub.o)
 .ARM.attributes
                0x00000000000006f1       0x34 c:/st/stm32cubeide_1.6.1/stm32cubeide/plugins/com.st.stm32cube.ide.mcu.externaltools.gnu-tools-for-stm32.9-2020-q2-update.win32_1.5.0.202011040924/tools/bin/../lib/gcc/arm-none-eabi/9.3.1/../../../../arm-none-eabi/lib/thumb/v7e-m+fp/hard\libc_nano.a(lib_a-memset.o)
 .ARM.attributes
                0x0000000000000725       0x34 c:/st/stm32cubeide_1.6.1/stm32cubeide/plugins/com.st.stm32cube.ide.mcu.externaltools.gnu-tools-for-stm32.9-2020-q2-update.win32_1.5.0.202011040924/tools/bin/../lib/gcc/arm-none-eabi/9.3.1/../../../../arm-none-eabi/lib/thumb/v7e-m+fp/hard\libc_nano.a(lib_a-printf.o)
 .ARM.attributes