16:46:01 **** Incremental Build of configuration Debug for project 008Queues_n_timers ****
make -j12 all 
arm-none-eabi-gcc "../Core/Src/main.c" -mcpu=cortex-m4 -std=gnu11 -g3 -DDEBUG -DUSE_HAL_DRIVER -DSTM32F407xx -c -I../Core/Inc -I../Drivers/STM32F4xx_HAL_Driver/Inc -I../Drivers/STM32F4xx_HAL_Driver/Inc/Legacy -I../Drivers/CMSIS/Device/ST/STM32F4xx/Include -I../Drivers/CMSIS/Include -I"C:/STM32/RTOS/RTOS_workspace/common/ThirdParty/FreeRTOS/include" -I"C:/STM32/RTOS/RTOS_workspace/common/ThirdParty/FreeRTOS/portable/GCC/ARM_CM4F" -I"C:/STM32/RTOS/RTOS_workspace/common/ThirdParty/SEGGER/Config" -I"C:/STM32/RTOS/RTOS_workspace/common/ThirdParty/SEGGER/OS" -I"C:/STM32/RTOS/RTOS_workspace/common/ThirdParty/SEGGER/SEGGER" -I"D:/Workspace/RTOS_workspace/common/ThirdParty/FreeRTOS/include" -I"D:/Workspace/RTOS_workspace/common/ThirdParty/FreeRTOS/portable/GCC/ARM_CM4F" -I"D:/Workspace/RTOS_workspace/common/ThirdParty/SEGGER/Config" -I"D:/Workspace/RTOS_workspace/common/ThirdParty/SEGGER/OS" -I"D:/Workspace/RTOS_workspace/common/ThirdParty/SEGGER/SEGGER" -O0 -ffunction-sections -fdata-sections -Wall -fstack-usage -MMD -MP -MF"Core/Src/main.d" -MT"Core/Src/main.o" --specs=nano.specs -mfpu=fpv4-sp-d16 -mfloat-abi=hard -mthumb -o "Core/Src/main.o"
../Core/Src/main.c:657:3: warning: "/*" within comment [-Wcomment]
  657 |   /*TODO : Print the menu and show current date and time information */
      |    
arm-none-eabi-gcc -o "008Queues_n_timers.elf" @"objects.list"   -mcpu=cortex-m4 -T"C:\STM32\RTOS\RTOS_workspace\008Queues_n_timers\STM32F407VGTX_FLASH.ld" --specs=nosys.specs -Wl,-Map="008Queues_n_timers.map" -Wl,--gc-sections -static --specs=nano.specs -mfpu=fpv4-sp-d16 -mfloat-abi=hard -mthumb -Wl,--start-group -lc -lm -Wl,--end-group
Finished building target: 008Queues_n_timers.elf
 
arm-none-eabi-objdump -h -S  008Queues_n_timers.elf  > "008Queues_n_timers.list"
arm-none-eabi-objcopy  -O binary  008Queues_n_timers.elf  "008Queues_n_timers.bin"
arm-none-eabi-size   008Queues_n_timers.elf 
   text	   data	    bss	    dec	    hex	filename
  37148	    148	 105948	 143244	  22f8c	008Queues_n_timers.elf
Finished building: default.size.stdout
 
Finished building: 008Queues_n_timers.bin
 
Finished building: 008Queues_n_timers.list
 

16:46:02 Build Finished. 0 errors, 1 warnings. (took 1s.870ms)

