01:40:18 **** Incremental Build of configuration Debug for project final_project_1 ****
make -j12 all 
arm-none-eabi-gcc "../Core/Src/main.c" -mcpu=cortex-m4 -std=gnu11 -g3 -DDEBUG -DUSE_HAL_DRIVER -DSTM32F407xx -c -I../Core/Inc -I../Drivers/STM32F4xx_HAL_Driver/Inc -I../Drivers/STM32F4xx_HAL_Driver/Inc/Legacy -I../Drivers/CMSIS/Device/ST/STM32F4xx/Include -I../Drivers/CMSIS/Include -I"C:/STM32/RTOS/RTOS_workspace/common/ThirdParty/FreeRTOS/include" -I"C:/STM32/RTOS/RTOS_workspace/common/ThirdParty/FreeRTOS/portable/GCC/ARM_CM4F" -I"C:/STM32/RTOS/RTOS_workspace/common/ThirdParty/SEGGER/Config" -I"C:/STM32/RTOS/RTOS_workspace/common/ThirdParty/SEGGER/OS" -I"C:/STM32/RTOS/RTOS_workspace/common/ThirdParty/SEGGER/SEGGER" -O0 -ffunction-sections -fdata-sections -Wall -fstack-usage -MMD -MP -MF"Core/Src/main.d" -MT"Core/Src/main.o" --specs=nano.specs -mfpu=fpv4-sp-d16 -mfloat-abi=hard -mthumb -o "Core/Src/main.o"
arm-none-eabi-gcc "../Core/Src/rtc.c" -mcpu=cortex-m4 -std=gnu11 -g3 -DDEBUG -DUSE_HAL_DRIVER -DSTM32F407xx -c -I../Core/Inc -I../Drivers/STM32F4xx_HAL_Driver/Inc -I../Drivers/STM32F4xx_HAL_Driver/Inc/Legacy -I../Drivers/CMSIS/Device/ST/STM32F4xx/Include -I../Drivers/CMSIS/Include -I"C:/STM32/RTOS/RTOS_workspace/common/ThirdParty/FreeRTOS/include" -I"C:/STM32/RTOS/RTOS_workspace/common/ThirdParty/FreeRTOS/portable/GCC/ARM_CM4F" -I"C:/STM32/RTOS/RTOS_workspace/common/ThirdParty/SEGGER/Config" -I"C:/STM32/RTOS/RTOS_workspace/common/ThirdParty/SEGGER/OS" -I"C:/STM32/RTOS/RTOS_workspace/common/ThirdParty/SEGGER/SEGGER" -O0 -ffunction-sections -fdata-sections -Wall -fstack-usage -MMD -MP -MF"Core/Src/rtc.d" -MT"Core/Src/rtc.o" --specs=nano.specs -mfpu=fpv4-sp-d16 -mfloat-abi=hard -mthumb -o "Core/Src/rtc.o"
arm-none-eabi-gcc "../Core/Src/stm32f4xx_hal_msp.c" -mcpu=cortex-m4 -std=gnu11 -g3 -DDEBUG -DUSE_HAL_DRIVER -DSTM32F407xx -c -I../Core/Inc -I../Drivers/STM32F4xx_HAL_Driver/Inc -I../Drivers/STM32F4xx_HAL_Driver/Inc/Legacy -I../Drivers/CMSIS/Device/ST/STM32F4xx/Include -I../Drivers/CMSIS/Include -I"C:/STM32/RTOS/RTOS_workspace/common/ThirdParty/FreeRTOS/include" -I"C:/STM32/RTOS/RTOS_workspace/common/ThirdParty/FreeRTOS/portable/GCC/ARM_CM4F" -I"C:/STM32/RTOS/RTOS_workspace/common/ThirdParty/SEGGER/Config" -I"C:/STM32/RTOS/RTOS_workspace/common/ThirdParty/SEGGER/OS" -I"C:/STM32/RTOS/RTOS_workspace/common/ThirdParty/SEGGER/SEGGER" -O0 -ffunction-sections -fdata-sections -Wall -fstack-usage -MMD -MP -MF"Core/Src/stm32f4xx_hal_msp.d" -MT"Core/Src/stm32f4xx_hal_msp.o" --specs=nano.specs -mfpu=fpv4-sp-d16 -mfloat-abi=hard -mthumb -o "Core/Src/stm32f4xx_hal_msp.o"
arm-none-eabi-gcc "../Core/Src/stm32f4xx_hal_timebase_tim.c" -mcpu=cortex-m4 -std=gnu11 -g3 -DDEBUG -DUSE_HAL_DRIVER -DSTM32F407xx -c -I../Core/Inc -I../Drivers/STM32F4xx_HAL_Driver/Inc -I../Drivers/STM32F4xx_HAL_Driver/Inc/Legacy -I../Drivers/CMSIS/Device/ST/STM32F4xx/Include -I../Drivers/CMSIS/Include -I"C:/STM32/RTOS/RTOS_workspace/common/ThirdParty/FreeRTOS/include" -I"C:/STM32/RTOS/RTOS_workspace/common/ThirdParty/FreeRTOS/portable/GCC/ARM_CM4F" -I"C:/STM32/RTOS/RTOS_workspace/common/ThirdParty/SEGGER/Config" -I"C:/STM32/RTOS/RTOS_workspace/common/ThirdParty/SEGGER/OS" -I"C:/STM32/RTOS/RTOS_workspace/common/ThirdParty/SEGGER/SEGGER" -O0 -ffunction-sections -fdata-sections -Wall -fstack-usage -MMD -MP -MF"Core/Src/stm32f4xx_hal_timebase_tim.d" -MT"Core/Src/stm32f4xx_hal_timebase_tim.o" --specs=nano.specs -mfpu=fpv4-sp-d16 -mfloat-abi=hard -mthumb -o "Core/Src/stm32f4xx_hal_timebase_tim.o"
arm-none-eabi-gcc "../Core/Src/stm32f4xx_it.c" -mcpu=cortex-m4 -std=gnu11 -g3 -DDEBUG -DUSE_HAL_DRIVER -DSTM32F407xx -c -I../Core/Inc -I../Drivers/STM32F4xx_HAL_Driver/Inc -I../Drivers/STM32F4xx_HAL_Driver/Inc/Legacy -I../Drivers/CMSIS/Device/ST/STM32F4xx/Include -I../Drivers/CMSIS/Include -I"C:/STM32/RTOS/RTOS_workspace/common/ThirdParty/FreeRTOS/include" -I"C:/STM32/RTOS/RTOS_workspace/common/ThirdParty/FreeRTOS/portable/GCC/ARM_CM4F" -I"C:/STM32/RTOS/RTOS_workspace/common/ThirdParty/SEGGER/Config" -I"C:/STM32/RTOS/RTOS_workspace/common/ThirdParty/SEGGER/OS" -I"C:/STM32/RTOS/RTOS_workspace/common/ThirdParty/SEGGER/SEGGER" -O0 -ffunction-sections -fdata-sections -Wall -fstack-usage -MMD -MP -MF"Core/Src/stm32f4xx_it.d" -MT"Core/Src/stm32f4xx_it.o" --specs=nano.specs -mfpu=fpv4-sp-d16 -mfloat-abi=hard -mthumb -o "Core/Src/stm32f4xx_it.o"
arm-none-eabi-gcc "../Core/Src/syscalls.c" -mcpu=cortex-m4 -std=gnu11 -g3 -DDEBUG -DUSE_HAL_DRIVER -DSTM32F407xx -c -I../Core/Inc -I../Drivers/STM32F4xx_HAL_Driver/Inc -I../Drivers/STM32F4xx_HAL_Driver/Inc/Legacy -I../Drivers/CMSIS/Device/ST/STM32F4xx/Include -I../Drivers/CMSIS/Include -I"C:/STM32/RTOS/RTOS_workspace/common/ThirdParty/FreeRTOS/include" -I"C:/STM32/RTOS/RTOS_workspace/common/ThirdParty/FreeRTOS/portable/GCC/ARM_CM4F" -I"C:/STM32/RTOS/RTOS_workspace/common/ThirdParty/SEGGER/Config" -I"C:/STM32/RTOS/RTOS_workspace/common/ThirdParty/SEGGER/OS" -I"C:/STM32/RTOS/RTOS_workspace/common/ThirdParty/SEGGER/SEGGER" -O0 -ffunction-sections -fdata-sections -Wall -fstack-usage -MMD -MP -MF"Core/Src/syscalls.d" -MT"Core/Src/syscalls.o" --specs=nano.specs -mfpu=fpv4-sp-d16 -mfloat-abi=hard -mthumb -o "Core/Src/syscalls.o"
arm-none-eabi-gcc "../Core/Src/sysmem.c" -mcpu=cortex-m4 -std=gnu11 -g3 -DDEBUG -DUSE_HAL_DRIVER -DSTM32F407xx -c -I../Core/Inc -I../Drivers/STM32F4xx_HAL_Driver/Inc -I../Drivers/STM32F4xx_HAL_Driver/Inc/Legacy -I../Drivers/CMSIS/Device/ST/STM32F4xx/Include -I../Drivers/CMSIS/Include -I"C:/STM32/RTOS/RTOS_workspace/common/ThirdParty/FreeRTOS/include" -I"C:/STM32/RTOS/RTOS_workspace/common/ThirdParty/FreeRTOS/portable/GCC/ARM_CM4F" -I"C:/STM32/RTOS/RTOS_workspace/common/ThirdParty/SEGGER/Config" -I"C:/STM32/RTOS/RTOS_workspace/common/ThirdParty/SEGGER/OS" -I"C:/STM32/RTOS/RTOS_workspace/common/ThirdParty/SEGGER/SEGGER" -O0 -ffunction-sections -fdata-sections -Wall -fstack-usage -MMD -MP -MF"Core/Src/sysmem.d" -MT"Core/Src/sysmem.o" --specs=nano.specs -mfpu=fpv4-sp-d16 -mfloat-abi=hard -mthumb -o "Core/Src/sysmem.o"
arm-none-eabi-gcc "../Core/Src/system_stm32f4xx.c" -mcpu=cortex-m4 -std=gnu11 -g3 -DDEBUG -DUSE_HAL_DRIVER -DSTM32F407xx -c -I../Core/Inc -I../Drivers/STM32F4xx_HAL_Driver/Inc -I../Drivers/STM32F4xx_HAL_Driver/Inc/Legacy -I../Drivers/CMSIS/Device/ST/STM32F4xx/Include -I../Drivers/CMSIS/Include -I"C:/STM32/RTOS/RTOS_workspace/common/ThirdParty/FreeRTOS/include" -I"C:/STM32/RTOS/RTOS_workspace/common/ThirdParty/FreeRTOS/portable/GCC/ARM_CM4F" -I"C:/STM32/RTOS/RTOS_workspace/common/ThirdParty/SEGGER/Config" -I"C:/STM32/RTOS/RTOS_workspace/common/ThirdParty/SEGGER/OS" -I"C:/STM32/RTOS/RTOS_workspace/common/ThirdParty/SEGGER/SEGGER" -O0 -ffunction-sections -fdata-sections -Wall -fstack-usage -MMD -MP -MF"Core/Src/system_stm32f4xx.d" -MT"Core/Src/system_stm32f4xx.o" --specs=nano.specs -mfpu=fpv4-sp-d16 -mfloat-abi=hard -mthumb -o "Core/Src/system_stm32f4xx.o"
arm-none-eabi-gcc "../Core/Src/led_effect.c" -mcpu=cortex-m4 -std=gnu11 -g3 -DDEBUG -DUSE_HAL_DRIVER -DSTM32F407xx -c -I../Core/Inc -I../Drivers/STM32F4xx_HAL_Driver/Inc -I../Drivers/STM32F4xx_HAL_Driver/Inc/Legacy -I../Drivers/CMSIS/Device/ST/STM32F4xx/Include -I../Drivers/CMSIS/Include -I"C:/STM32/RTOS/RTOS_workspace/common/ThirdParty/FreeRTOS/include" -I"C:/STM32/RTOS/RTOS_workspace/common/ThirdParty/FreeRTOS/portable/GCC/ARM_CM4F" -I"C:/STM32/RTOS/RTOS_workspace/common/ThirdParty/SEGGER/Config" -I"C:/STM32/RTOS/RTOS_workspace/common/ThirdParty/SEGGER/OS" -I"C:/STM32/RTOS/RTOS_workspace/common/ThirdParty/SEGGER/SEGGER" -O0 -ffunction-sections -fdata-sections -Wall -fstack-usage -MMD -MP -MF"Core/Src/led_effect.d" -MT"Core/Src/led_effect.o" --specs=nano.specs -mfpu=fpv4-sp-d16 -mfloat-abi=hard -mthumb -o "Core/Src/led_effect.o"
arm-none-eabi-gcc "../Core/Src/task_handler.c" -mcpu=cortex-m4 -std=gnu11 -g3 -DDEBUG -DUSE_HAL_DRIVER -DSTM32F407xx -c -I../Core/Inc -I../Drivers/STM32F4xx_HAL_Driver/Inc -I../Drivers/STM32F4xx_HAL_Driver/Inc/Legacy -I../Drivers/CMSIS/Device/ST/STM32F4xx/Include -I../Drivers/CMSIS/Include -I"C:/STM32/RTOS/RTOS_workspace/common/ThirdParty/FreeRTOS/include" -I"C:/STM32/RTOS/RTOS_workspace/common/ThirdParty/FreeRTOS/portable/GCC/ARM_CM4F" -I"C:/STM32/RTOS/RTOS_workspace/common/ThirdParty/SEGGER/Config" -I"C:/STM32/RTOS/RTOS_workspace/common/ThirdParty/SEGGER/OS" -I"C:/STM32/RTOS/RTOS_workspace/common/ThirdParty/SEGGER/SEGGER" -O0 -ffunction-sections -fdata-sections -Wall -fstack-usage -MMD -MP -MF"Core/Src/task_handler.d" -MT"Core/Src/task_handler.o" --specs=nano.specs -mfpu=fpv4-sp-d16 -mfloat-abi=hard -mthumb -o "Core/Src/task_handler.o"
../Core/Src/main.c:657:3: warning: "/*" within comment [-Wcomment]
  657 |   /*TODO : Print the menu and show current date and time information */
      |    
../Core/Src/task_handler.c: In function 'rtc_task':
../Core/Src/task_handler.c:197:4: warning: enumeration value 'sMainMenu' not handled in switch [-Wswitch]
  197 |    switch(curr_state)
      |    ^~~~~~
../Core/Src/task_handler.c:197:4: warning: enumeration value 'sLedEffect' not handled in switch [-Wswitch]
arm-none-eabi-gcc -o "final_project_1.elf" @"objects.list"   -mcpu=cortex-m4 -T"C:\STM32\RTOS\RTOS_workspace\final_project_1\STM32F407VGTX_FLASH.ld" --specs=nosys.specs -Wl,-Map="final_project_1.map" -Wl,--gc-sections -static --specs=nano.specs -mfpu=fpv4-sp-d16 -mfloat-abi=hard -mthumb -Wl,--start-group -lc -lm -Wl,--end-group
Finished building target: final_project_1.elf
 
arm-none-eabi-objdump -h -S  final_project_1.elf  > "final_project_1.list"
arm-none-eabi-objcopy  -O binary  final_project_1.elf  "final_project_1.bin"
arm-none-eabi-size   final_project_1.elf 
   text	   data	    bss	    dec	    hex	filename
  37064	    148	 104740	 141952	  22a80	final_project_1.elf
Finished building: default.size.stdout
 
Finished building: final_project_1.bin
 
Finished building: final_project_1.list
 

01:40:20 Build Finished. 0 errors, 3 warnings. (took 1s.705ms)

