17:21:11 **** Incremental Build of configuration Debug for project 008Queues_n_timers ****
make -j12 all 
arm-none-eabi-size   008Queues_n_timers.elf 
   text	   data	    bss	    dec	    hex	filename
  37148	    148	 105948	 143244	  22f8c	008Queues_n_timers.elf
Finished building: default.size.stdout
 
17:22:51 **** Incremental Build of configuration Debug for project 008Queues_n_timers ****
make -j12 all 
arm-none-eabi-size   008Queues_n_timers.elf 
   text	   data	    bss	    dec	    hex	filename
  37148	    148	 105948	 143244	  22f8c	008Queues_n_timers.elf
Finished building: default.size.stdout
 
17:31:24 **** Incremental Build of configuration Debug for project 008Queues_n_timers ****
make -j12 all 
arm-none-eabi-size   008Queues_n_timers.elf 
   text	   data	    bss	    dec	    hex	filename
  37148	    148	 105948	 143244	  22f8c	008Queues_n_timers.elf
Finished building: default.size.stdout
 
17:35:02 **** Incremental Build of configuration Debug for project 008Queues_n_timers ****
make -j12 all 
arm-none-eabi-size   008Queues_n_timers.elf 
   text	   data	    bss	    dec	    hex	filename
  37148	    148	 105948	 143244	  22f8c	008Queues_n_timers.elf
Finished building: default.size.stdout
 
17:35:59 **** Incremental Build of configuration Debug for project 008Queues_n_timers ****
make -j12 all 
arm-none-eabi-size   008Queues_n_timers.elf 
   text	   data	    bss	    dec	    hex	filename
  37148	    148	 105948	 143244	  22f8c	008Queues_n_timers.elf
Finished building: default.size.stdout
 
17:40:47 **** Incremental Build of configuration Debug for project 008Queues_n_timers ****
make -j12 all 
arm-none-eabi-size   008Queues_n_timers.elf 
   text	   data	    bss	    dec	    hex	filename
  37148	    148	 105948	 143244	  22f8c	008Queues_n_timers.elf
Finished building: default.size.stdout
 
17:42:54 **** Incremental Build of configuration Debug for project 008Queues_n_timers ****
make -j12 all 
arm-none-eabi-size   008Queues_n_timers.elf 
   text	   data	    bss	    dec	    hex	filename
  37148	    148	 105948	 143244	  22f8c	008Queues_n_timers.elf
Finished building: default.size.stdout
 
17:44:06 **** Incremental Build of configuration Debug for project 008Queues_n_timers ****
make -j12 all 
arm-none-eabi-size   008Queues_n_timers.elf 
   text	   data	    bss	    dec	    hex	filename
  37148	    148	 105948	 143244	  22f8c	008Queues_n_timers.elf
Finished building: default.size.stdout
 
